Component: ARM Compiler 5.06 update 5 (build 528) Tool: armlink [4d35e2]

==============================================================================

Section Cross References

    startup_stm32f407xx.o(STACK) refers (Special) to heapauxi.o(.text) for __use_two_region_memory
    startup_stm32f407xx.o(HEAP) refers (Special) to heapauxi.o(.text) for __use_two_region_memory
    startup_stm32f407xx.o(RESET) refers (Special) to heapauxi.o(.text) for __use_two_region_memory
    startup_stm32f407xx.o(RESET) refers to startup_stm32f407xx.o(STACK) for __initial_sp
    startup_stm32f407xx.o(RESET) refers to startup_stm32f407xx.o(.text) for Reset_Handler
    startup_stm32f407xx.o(RESET) refers to stm32f4xx_it.o(i.NMI_Handler) for NMI_Handler
    startup_stm32f407xx.o(RESET) refers to stm32f4xx_it.o(i.HardFault_Handler) for HardFault_Handler
    startup_stm32f407xx.o(RESET) refers to stm32f4xx_it.o(i.MemManage_Handler) for MemManage_Handler
    startup_stm32f407xx.o(RESET) refers to stm32f4xx_it.o(i.BusFault_Handler) for BusFault_Handler
    startup_stm32f407xx.o(RESET) refers to stm32f4xx_it.o(i.UsageFault_Handler) for UsageFault_Handler
    startup_stm32f407xx.o(RESET) refers to port.o(.emb_text) for SVC_Handler
    startup_stm32f407xx.o(RESET) refers to stm32f4xx_it.o(i.DebugMon_Handler) for DebugMon_Handler
    startup_stm32f407xx.o(RESET) refers to port.o(i.SysTick_Handler) for SysTick_Handler
    startup_stm32f407xx.o(RESET) refers to stm32f4xx_it.o(i.EXTI0_IRQHandler) for EXTI0_IRQHandler
    startup_stm32f407xx.o(RESET) refers to stm32f4xx_it.o(i.EXTI3_IRQHandler) for EXTI3_IRQHandler
    startup_stm32f407xx.o(RESET) refers to stm32f4xx_it.o(i.EXTI4_IRQHandler) for EXTI4_IRQHandler
    startup_stm32f407xx.o(RESET) refers to stm32f4xx_it.o(i.EXTI9_5_IRQHandler) for EXTI9_5_IRQHandler
    startup_stm32f407xx.o(RESET) refers to stm32f4xx_it.o(i.TIM1_UP_TIM10_IRQHandler) for TIM1_UP_TIM10_IRQHandler
    startup_stm32f407xx.o(RESET) refers to stm32f4xx_it.o(i.USART1_IRQHandler) for USART1_IRQHandler
    startup_stm32f407xx.o(RESET) refers to stm32f4xx_it.o(i.CAN2_RX0_IRQHandler) for CAN2_RX0_IRQHandler
    startup_stm32f407xx.o(RESET) refers to stm32f4xx_it.o(i.CAN2_RX1_IRQHandler) for CAN2_RX1_IRQHandler
    startup_stm32f407xx.o(RESET) refers to stm32f4xx_it.o(i.USART6_IRQHandler) for USART6_IRQHandler
    startup_stm32f407xx.o(.text) refers (Special) to heapauxi.o(.text) for __use_two_region_memory
    startup_stm32f407xx.o(.text) refers to system_stm32f4xx.o(i.SystemInit) for SystemInit
    startup_stm32f407xx.o(.text) refers to __main.o(!!!main) for __main
    startup_stm32f407xx.o(.text) refers to startup_stm32f407xx.o(HEAP) for Heap_Mem
    startup_stm32f407xx.o(.text) refers to startup_stm32f407xx.o(STACK) for Stack_Mem
    bsp_can.o(i.HAL_CAN_RxFifo0MsgPendingCallback) refers to stm32f4xx_hal_can.o(i.HAL_CAN_GetRxMessage) for HAL_CAN_GetRxMessage
    bsp_can.o(i.HAL_CAN_RxFifo0MsgPendingCallback) refers to rt_memcpy_v6.o(.text) for __aeabi_memcpy
    bsp_can.o(i.HAL_CAN_RxFifo0MsgPendingCallback) refers to bsp_can.o(i.moving_average_filter) for moving_average_filter
    bsp_can.o(i.HAL_CAN_RxFifo0MsgPendingCallback) refers to stm32f4xx_hal_uart.o(i.HAL_UART_Transmit) for HAL_UART_Transmit
    bsp_can.o(i.HAL_CAN_RxFifo0MsgPendingCallback) refers to bsp_can.o(.bss) for RxData
    bsp_can.o(i.HAL_CAN_RxFifo0MsgPendingCallback) refers to can.o(.bss) for hcan2
    bsp_can.o(i.HAL_CAN_RxFifo0MsgPendingCallback) refers to bsp_can.o(.data) for p
    bsp_can.o(i.HAL_CAN_RxFifo0MsgPendingCallback) refers to instask.o(.bss) for ImuRobot
    bsp_can.o(i.HAL_CAN_RxFifo0MsgPendingCallback) refers to usart.o(.bss) for huart6
    bsp_can.o(i.HAL_UART_RxCpltCallback) refers to stm32f4xx_hal_uart.o(i.HAL_UART_Receive_IT) for HAL_UART_Receive_IT
    bsp_can.o(i.HAL_UART_RxCpltCallback) refers to stm32f4xx_hal_gpio.o(i.HAL_GPIO_WritePin) for HAL_GPIO_WritePin
    bsp_can.o(i.HAL_UART_RxCpltCallback) refers to bsp_can.o(.data) for paw_data
    bsp_can.o(i.HAL_UART_RxCpltCallback) refers to usart.o(.bss) for huart1
    bsp_can.o(i.can_filter_init) refers to stm32f4xx_hal_can.o(i.HAL_CAN_ConfigFilter) for HAL_CAN_ConfigFilter
    bsp_can.o(i.can_filter_init) refers to main.o(i.Error_Handler) for Error_Handler
    bsp_can.o(i.can_filter_init) refers to stm32f4xx_hal_can.o(i.HAL_CAN_Start) for HAL_CAN_Start
    bsp_can.o(i.can_filter_init) refers to stm32f4xx_hal_can.o(i.HAL_CAN_ActivateNotification) for HAL_CAN_ActivateNotification
    bsp_can.o(i.can_filter_init) refers to can.o(.bss) for hcan2
    bsp_can.o(.data) refers to bsp_can.o(.bss) for uwb_rx_data_buf
    main.o(i.HAL_TIM_PeriodElapsedCallback) refers to stm32f4xx_hal.o(i.HAL_IncTick) for HAL_IncTick
    main.o(i.SystemClock_Config) refers to rt_memclr_w.o(.text) for __aeabi_memclr4
    main.o(i.SystemClock_Config) refers to stm32f4xx_hal_rcc.o(i.HAL_RCC_OscConfig) for HAL_RCC_OscConfig
[...]
    __rt_lib_init                            0x0800021d   Thumb Code     0  libinit.o(.ARM.Collect$$libinit$$00000000)
    __rt_lib_init_fp_1                       0x0800021f   Thumb Code     0  libinit2.o(.ARM.Collect$$libinit$$00000001)
    __rt_lib_init_alloca_1                   0x08000223   Thumb Code     0  libinit2.o(.ARM.Collect$$libinit$$0000002E)
    __rt_lib_init_argv_1                     0x08000223   Thumb Code     0  libinit2.o(.ARM.Collect$$libinit$$0000002C)
    __rt_lib_init_atexit_1                   0x08000223   Thumb Code     0  libinit2.o(.ARM.Collect$$libinit$$0000001B)
    __rt_lib_init_clock_1                    0x08000223   Thumb Code     0  libinit2.o(.ARM.Collect$$libinit$$00000021)
    __rt_lib_init_cpp_1                      0x08000223   Thumb Code     0  libinit2.o(.ARM.Collect$$libinit$$00000032)
    __rt_lib_init_exceptions_1               0x08000223   Thumb Code     0  libinit2.o(.ARM.Collect$$libinit$$00000030)
    __rt_lib_init_fp_trap_1                  0x08000223   Thumb Code     0  libinit2.o(.ARM.Collect$$libinit$$0000001F)
    __rt_lib_init_getenv_1                   0x08000223   Thumb Code     0  libinit2.o(.ARM.Collect$$libinit$$00000023)
    __rt_lib_init_heap_1                     0x08000223   Thumb Code     0  libinit2.o(.ARM.Collect$$libinit$$0000000A)
    __rt_lib_init_lc_collate_1               0x08000223   Thumb Code     0  libinit2.o(.ARM.Collect$$libinit$$00000011)
    __rt_lib_init_lc_ctype_1                 0x08000223   Thumb Code     0  libinit2.o(.ARM.Collect$$libinit$$00000013)
    __rt_lib_init_lc_monetary_1              0x08000223   Thumb Code     0  libinit2.o(.ARM.Collect$$libinit$$00000015)
    __rt_lib_init_lc_numeric_1               0x08000223   Thumb Code     0  libinit2.o(.ARM.Collect$$libinit$$00000017)
    __rt_lib_init_lc_time_1                  0x08000223   Thumb Code     0  libinit2.o(.ARM.Collect$$libinit$$00000019)
    __rt_lib_init_preinit_1                  0x08000223   Thumb Code     0  libinit2.o(.ARM.Collect$$libinit$$00000004)
    __rt_lib_init_rand_1                     0x08000223   Thumb Code     0  libinit2.o(.ARM.Collect$$libinit$$0000000E)
    __rt_lib_init_return                     0x08000223   Thumb Code     0  libinit2.o(.ARM.Collect$$libinit$$00000033)
    __rt_lib_init_signal_1                   0x08000223   Thumb Code     0  libinit2.o(.ARM.Collect$$libinit$$0000001D)
    __rt_lib_init_stdio_1                    0x08000223   Thumb Code     0  libinit2.o(.ARM.Collect$$libinit$$00000025)
    __rt_lib_init_user_alloc_1               0x08000223   Thumb Code     0  libinit2.o(.ARM.Collect$$libinit$$0000000C)
    __rt_lib_shutdown                        0x08000225   Thumb Code     0  libshutdown.o(.ARM.Collect$$libshutdown$$00000000)
    __rt_lib_shutdown_cpp_1                  0x08000227   Thumb Code     0  libshutdown2.o(.ARM.Collect$$libshutdown$$00000002)
    __rt_lib_shutdown_fp_trap_1              0x08000227   Thumb Code     0  libshutdown2.o(.ARM.Collect$$libshutdown$$00000007)
    __rt_lib_shutdown_heap_1                 0x08000227   Thumb Code     0  libshutdown2.o(.ARM.Collect$$libshutdown$$0000000F)
    __rt_lib_shutdown_return                 0x08000227   Thumb Code     0  libshutdown2.o(.ARM.Collect$$libshutdown$$00000010)
    __rt_lib_shutdown_signal_1               0x08000227   Thumb Code     0  libshutdown2.o(.ARM.Collect$$libshutdown$$0000000A)
    __rt_lib_shutdown_stdio_1                0x08000227   Thumb Code     0  libshutdown2.o(.ARM.Collect$$libshutdown$$00000004)
    __rt_lib_shutdown_user_alloc_1           0x08000227   Thumb Code     0  libshutdown2.o(.ARM.Collect$$libshutdown$$0000000C)
    __rt_entry                               0x08000229   Thumb Code     0  __rtentry.o(.ARM.Collect$$rtentry$$00000000)
    __rt_entry_presh_1                       0x08000229   Thumb Code     0  __rtentry2.o(.ARM.Collect$$rtentry$$00000002)
    __rt_entry_sh                            0x08000229   Thumb Code     0  __rtentry4.o(.ARM.Collect$$rtentry$$00000004)
    __rt_entry_li                            0x0800022f   Thumb Code     0  __rtentry2.o(.ARM.Collect$$rtentry$$0000000A)
    __rt_entry_postsh_1                      0x0800022f   Thumb Code     0  __rtentry2.o(.ARM.Collect$$rtentry$$00000009)
    __rt_entry_main                          0x08000233   Thumb Code     0  __rtentry2.o(.ARM.Collect$$rtentry$$0000000D)
    __rt_entry_postli_1                      0x08000233   Thumb Code     0  __rtentry2.o(.ARM.Collect$$rtentry$$0000000C)
    __rt_exit                                0x0800023b   Thumb Code     0  rtexit.o(.ARM.Collect$$rtexit$$00000000)
    __rt_exit_ls                             0x0800023d   Thumb Code     0  rtexit2.o(.ARM.Collect$$rtexit$$00000003)
    __rt_exit_prels_1                        0x0800023d   Thumb Code     0  rtexit2.o(.ARM.Collect$$rtexit$$00000002)
    __rt_exit_exit                           0x08000241   Thumb Code     0  rtexit2.o(.ARM.Collect$$rtexit$$00000004)
    SVC_Handler                              0x08000249   Thumb Code    28  port.o(.emb_text)
    __asm___6_port_c_39a90d8d__prvStartFirstTask 0x08000269   Thumb Code    36  port.o(.emb_text)
    __asm___6_port_c_39a90d8d__prvEnableVFP  0x08000291   Thumb Code    16  port.o(.emb_text)
    PendSV_Handler                           0x080002a5   Thumb Code    88  port.o(.emb_text)
    vPortGetIPSR                             0x08000301   Thumb Code     6  port.o(.emb_text)
    Reset_Handler                            0x08000309   Thumb Code     8  startup_stm32f407xx.o(.text)
    ADC_IRQHandler                           0x08000323   Thumb Code     0  startup_stm32f407xx.o(.text)
    CAN1_RX0_IRQHandler                      0x08000323   Thumb Code     0  startup_stm32f407xx.o(.text)
    CAN1_RX1_IRQHandler                      0x08000323   Thumb Code     0  startup_stm32f407xx.o(.text)
    CAN1_SCE_IRQHandler                      0x08000323   Thumb Code     0  startup_stm32f407xx.o(.text)
    CAN1_TX_IRQHandler                       0x08000323   Thumb Code     0  startup_stm32f407xx.o(.text)
    CAN2_SCE_IRQHandler                      0x08000323   Thumb Code     0  startup_stm32f407xx.o(.text)
    CAN2_TX_IRQHandler                       0x08000323   Thumb Code     0  startup_stm32f407xx.o(.text)
    DCMI_IRQHandler                          0x08000323   Thumb Code     0  startup_stm32f407xx.o(.text)
    DMA1_Stream0_IRQHandler                  0x08000323   Thumb Code     0  startup_stm32f407xx.o(.text)
    DMA1_Stream1_IRQHandler                  0x08000323   Thumb Code     0  startup_stm32f407xx.o(.text)
    DMA1_Stream2_IRQHandler                  0x08000323   Thumb Code     0  startup_stm32f407xx.o(.text)
    DMA1_Stream3_IRQHandler                  0x08000323   Thumb Code     0  startup_stm32f407xx.o(.text)
    DMA1_Stream4_IRQHandler                  0x08000323   Thumb Code     0  startup_stm32f407xx.o(.text)
    DMA1_Stream5_IRQHandler                  0x08000323   Thumb Code     0  startup_stm32f407xx.o(.text)
    DMA1_Stream6_IRQHandler                  0x08000323   Thumb Code     0  startup_stm32f407xx.o(.text)
    DMA1_Stream7_IRQHandler                  0x08000323   Thumb Code     0  startup_stm32f407xx.o(.text)
    DMA2_Stream0_IRQHandler                  0x08000323   Thumb Code     0  startup_stm32f407xx.o(.text)
    DMA2_Stream1_IRQHandler                  0x08000323   Thumb Code     0  startup_stm32f407xx.o(.text)
    DMA2_Stream2_IRQHandler                  0x08000323   Thumb Code     0  startup_stm32f407xx.o(.text)
    DMA2_Stream3_IRQHandler                  0x08000323   Thumb Code     0  startup_stm32f407xx.o(.text)
    DMA2_Stream4_IRQHandler                  0x08000323   Thumb Code     0  startup_stm32f407xx.o(.text)
    DMA2_Stream5_IRQHandler                  0x08000323   Thumb Code     0  startup_stm32f407xx.o(.text)
    DMA2_Stream6_IRQHandler                  0x08000323   Thumb Code     0  startup_stm32f407xx.o(.text)
    DMA2_Stream7_IRQHandler                  0x08000323   Thumb Code     0  startup_stm32f407xx.o(.text)
    ETH_IRQHandler                           0x08000323   Thumb Code     0  startup_stm32f407xx.o(.text)
    ETH_WKUP_IRQHandler                      0x08000323   Thumb Code     0  startup_stm32f407xx.o(.text)
    EXTI15_10_IRQHandler                     0x08000323   Thumb Code     0  startup_stm32f407xx.o(.text)
    EXTI1_IRQHandler                         0x08000323   Thumb Code     0  startup_stm32f407xx.o(.text)
    EXTI2_IRQHandler                         0x08000323   Thumb Code     0  startup_stm32f407xx.o(.text)
    FLASH_IRQHandler                         0x08000323   Thumb Code     0  startup_stm32f407xx.o(.text)
    FMC_IRQHandler                           0x08000323   Thumb Code     0  startup_stm32f407xx.o(.text)
    FPU_IRQHandler                           0x08000323   Thumb Code     0  startup_stm32f407xx.o(.text)
    HASH_RNG_IRQHandler                      0x08000323   Thumb Code     0  startup_stm32f407xx.o(.text)
    I2C1_ER_IRQHandler                       0x08000323   Thumb Code     0  startup_stm32f407xx.o(.text)
    I2C1_EV_IRQHandler                       0x08000323   Thumb Code     0  startup_stm32f407xx.o(.text)
    I2C2_ER_IRQHandler                       0x08000323   Thumb Code     0  startup_stm32f407xx.o(.text)
    I2C2_EV_IRQHandler                       0x08000323   Thumb Code     0  startup_stm32f407xx.o(.text)
    I2C3_ER_IRQHandler                       0x08000323   Thumb Code     0  startup_stm32f407xx.o(.text)
    I2C3_EV_IRQHandler                       0x08000323   Thumb Code     0  startup_stm32f407xx.o(.text)
    OTG_FS_IRQHandler                        0x08000323   Thumb Code     0  startup_stm32f407xx.o(.text)
    OTG_FS_WKUP_IRQHandler                   0x08000323   Thumb Code     0  startup_stm32f407xx.o(.text)
    OTG_HS_EP1_IN_IRQHandler                 0x08000323   Thumb Code     0  startup_stm32f407xx.o(.text)
    OTG_HS_EP1_OUT_IRQHandler                0x08000323   Thumb Code     0  startup_stm32f407xx.o(.text)
    OTG_HS_IRQHandler                        0x08000323   Thumb Code     0  startup_stm32f407xx.o(.text)
    OTG_HS_WKUP_IRQHandler                   0x08000323   Thumb Code     0  startup_stm32f407xx.o(.text)
    PVD_IRQHandler                           0x08000323   Thumb Code     0  startup_stm32f407xx.o(.text)
    RCC_IRQHandler                           0x08000323   Thumb Code     0  startup_stm32f407xx.o(.text)
    RTC_Alarm_IRQHandler                     0x08000323   Thumb Code     0  startup_stm32f407xx.o(.text)
    RTC_WKUP_IRQHandler                      0x08000323   Thumb Code     0  startup_stm32f407xx.o(.text)
    SDIO_IRQHandler                          0x08000323   Thumb Code     0  startup_stm32f407xx.o(.text)
    SPI1_IRQHandler                          0x08000323   Thumb Code     0  startup_stm32f407xx.o(.text)
    SPI2_IRQHandler                          0x08000323   Thumb Code     0  startup_stm32f407xx.o(.text)
    SPI3_IRQHandler                          0x08000323   Thumb Code     0  startup_stm32f407xx.o(.text)
    TAMP_STAMP_IRQHandler                    0x08000323   Thumb Code     0  startup_stm32f407xx.o(.text)
    TIM1_BRK_TIM9_IRQHandler                 0x08000323   Thumb Code     0  startup_stm32f407xx.o(.text)
    TIM1_CC_IRQHandler                       0x08000323   Thumb Code     0  startup_stm32f407xx.o(.text)
    TIM1_TRG_COM_TIM11_IRQHandler            0x08000323   Thumb Code     0  startup_stm32f407xx.o(.text)
    TIM2_IRQHandler                          0x08000323   Thumb Code     0  startup_stm32f407xx.o(.text)
    TIM3_IRQHandler                          0x08000323   Thumb Code     0  startup_stm32f407xx.o(.text)
    TIM4_IRQHandler                          0x08000323   Thumb Code     0  startup_stm32f407xx.o(.text)
    TIM5_IRQHandler                          0x08000323   Thumb Code     0  startup_stm32f407xx.o(.text)
    TIM6_DAC_IRQHandler                      0x08000323   Thumb Code     0  startup_stm32f407xx.o(.text)
    TIM7_IRQHandler                          0x08000323   Thumb Code     0  startup_stm32f407xx.o(.text)
    TIM8_BRK_TIM12_IRQHandler                0x08000323   Thumb Code     0  startup_stm32f407xx.o(.text)
    TIM8_CC_IRQHandler                       0x08000323   Thumb Code     0  startup_stm32f407xx.o(.text)
    TIM8_TRG_COM_TIM14_IRQHandler            0x08000323   Thumb Code     0  startup_stm32f407xx.o(.text)
    TIM8_UP_TIM13_IRQHandler                 0x08000323   Thumb Code     0  startup_stm32f407xx.o(.text)
    UART4_IRQHandler                         0x08000323   Thumb Code     0  startup_stm32f407xx.o(.text)
    UART5_IRQHandler                         0x08000323   Thumb Code     0  startup_stm32f407xx.o(.text)
    USART2_IRQHandler                        0x08000323   Thumb Code     0  startup_stm32f407xx.o(.text)
    USART3_IRQHandler                        0x08000323   Thumb Code     0  startup_stm32f407xx.o(.text)
    WWDG_IRQHandler                          0x08000323   Thumb Code     0  startup_stm32f407xx.o(.text)
    __user_initial_stackheap                 0x08000325   Thumb Code     0  startup_stm32f407xx.o(.text)
    __aeabi_uldivmod                         0x08000349   Thumb Code     0  lludivv7m.o(.text)
    _ll_udiv                                 0x08000349   Thumb Code   238  lludivv7m.o(.text)
    __aeabi_memcpy                           0x08000437   Thumb Code     0  rt_memcpy_v6.o(.text)
    __rt_memcpy                              0x08000437   Thumb Code   138  rt_memcpy_v6.o(.text)
    _memcpy_lastbytes                        0x0800049d   Thumb Code     0  rt_memcpy_v6.o(.text)
    __aeabi_memcpy4                          0x080004c1   Thumb Code     0  rt_memcpy_w.o(.text)
    __aeabi_memcpy8                          0x080004c1   Thumb Code     0  rt_memcpy_w.o(.text)
    __rt_memcpy_w                            0x080004c1   Thumb Code   100  rt_memcpy_w.o(.text)
    _memcpy_lastbytes_aligned                0x08000509   Thumb Code     0  rt_memcpy_w.o(.text)
    __aeabi_memset                           0x08000525   Thumb Code    16  aeabi_memset.o(.text)
    __aeabi_memclr4                          0x08000535   Thumb Code     0  rt_memclr_w.o(.text)
    __aeabi_memclr8                          0x08000535   Thumb Code     0  rt_memclr_w.o(.text)
    __rt_memclr_w                            0x08000535   Thumb Code    78  rt_memclr_w.o(.text)
    _memset_w                                0x08000539   Thumb Code     0  rt_memclr_w.o(.text)
    __use_two_region_memory                  0x08000583   Thumb Code     2  heapauxi.o(.text)
    __rt_heap_escrow$2region                 0x08000585   Thumb Code     2  heapauxi.o(.text)
    __rt_heap_expand$2region                 0x08000587   Thumb Code     2  heapauxi.o(.text)
    __read_errno                             0x08000589   Thumb Code    10  _rserrno.o(.text)
    __set_errno                              0x08000593   Thumb Code    12  _rserrno.o(.text)
    __aeabi_memclr                           0x0800059f   Thumb Code     0  rt_memclr.o(.text)
    __rt_memclr                              0x0800059f   Thumb Code    68  rt_memclr.o(.text)
    _memset                                  0x080005a3   Thumb Code     0  rt_memclr.o(.text)
    __aeabi_errno_addr                       0x080005e5   Thumb Code     8  rt_errno_addr_intlibspace.o(.text)
    __errno$intlibspace                      0x080005e5   Thumb Code     0  rt_errno_addr_intlibspace.o(.text)
    __rt_errno_addr$intlibspace              0x080005e5   Thumb Code     0  rt_errno_addr_intlibspace.o(.text)
    __user_libspace                          0x080005ed   Thumb Code     8  libspace.o(.text)
    __user_perproc_libspace                  0x080005ed   Thumb Code     0  libspace.o(.text)
    __user_perthread_libspace                0x080005ed   Thumb Code     0  libspace.o(.text)
    __user_setup_stackheap                   0x080005f5   Thumb Code    74  sys_stackheap_outer.o(.text)
    exit                                     0x0800063f   Thumb Code    18  exit.o(.text)
    _sys_exit                                0x08000651   Thumb Code     8  sys_exit.o(.text)
    __I$use$semihosting                      0x0800065d   Thumb Code     0  use_no_semi.o(.text)
    __use_no_semihosting_swi                 0x0800065d   Thumb Code     2  use_no_semi.o(.text)
    __semihosting_library_function           0x0800065f   Thumb Code     0  indicate_semi.o(.text)
    BMI088_GYRO_H                            0x08000661   Thumb Code    14  bsp_bmi088.o(i.BMI088_GYRO_H)
    BMI088_GYRO_L                            0x08000675   Thumb Code    14  bsp_bmi088.o(i.BMI088_GYRO_L)
    BMI088_INIT                              0x08000689   Thumb Code    28  bmi088.o(i.BMI088_INIT)
    BMI088_init_first                        0x080006a9   Thumb Code   118  bmi088.o(i.BMI088_init_first)
    BMI088_read                              0x08000745   Thumb Code   400  bmi088.o(i.BMI088_read)
    BMI088_read_write_byte                   0x08000921   Thumb Code    30  bsp_bmi088.o(i.BMI088_read_write_byte)
    BMI_ACCEL_H                              0x08000959   Thumb Code    14  bsp_bmi088.o(i.BMI_ACCEL_H)
    BMI_ACCEL_L                              0x0800096d   Thumb Code    14  bsp_bmi088.o(i.BMI_ACCEL_L)
    BusFault_Handler                         0x08000981   Thumb Code     4  stm32f4xx_it.o(i.BusFault_Handler)
    Buzzer_Init                              0x08000985   Thumb Code    18  test_task.o(i.Buzzer_Init)
    CAN2_RX0_IRQHandler                      0x0800099d   Thumb Code    10  stm32f4xx_it.o(i.CAN2_RX0_IRQHandler)
    CAN2_RX1_IRQHandler                      0x080009ad   Thumb Code    10  stm32f4xx_it.o(i.CAN2_RX1_IRQHandler)
    Calibrate_MPU_OFFSET                     0x080009bd   Thumb Code  1348  bmi088.o(i.Calibrate_MPU_OFFSET)
    DWT_Delay                                0x08000ffd   Thumb Code    50  mydwt.o(i.DWT_Delay)
    DWT_GetTimeline_s                        0x08001039   Thumb Code    72  mydwt.o(i.DWT_GetTimeline_s)
    DWT_Init                                 0x0800108d   Thumb Code    74  mydwt.o(i.DWT_Init)
    DWT_SysTimeUpdate                        0x080010f5   Thumb Code   168  mydwt.o(i.DWT_SysTimeUpdate)
    DebugMon_Handler                         0x080011c5   Thumb Code     2  stm32f4xx_it.o(i.DebugMon_Handler)
    EXTI0_IRQHandler                         0x080011c7   Thumb Code    10  stm32f4xx_it.o(i.EXTI0_IRQHandler)
    EXTI3_IRQHandler                         0x080011d1   Thumb Code    10  stm32f4xx_it.o(i.EXTI3_IRQHandler)
    EXTI4_IRQHandler                         0x080011db   Thumb Code    10  stm32f4xx_it.o(i.EXTI4_IRQHandler)
    EXTI9_5_IRQHandler                       0x080011e5   Thumb Code    10  stm32f4xx_it.o(i.EXTI9_5_IRQHandler)
    Error_Handler                            0x080011ef   Thumb Code     2  main.o(i.Error_Handler)
    HAL_CAN_ActivateNotification             0x080011f1   Thumb Code    36  stm32f4xx_hal_can.o(i.HAL_CAN_ActivateNotification)
    HAL_CAN_ConfigFilter                     0x08001215   Thumb Code   290  stm32f4xx_hal_can.o(i.HAL_CAN_ConfigFilter)
    HAL_CAN_ErrorCallback                    0x0800133d   Thumb Code     2  stm32f4xx_hal_can.o(i.HAL_CAN_ErrorCallback)
    HAL_CAN_GetRxMessage                     0x0800133f   Thumb Code   364  stm32f4xx_hal_can.o(i.HAL_CAN_GetRxMessage)
    HAL_CAN_IRQHandler                       0x080014ab   Thumb Code   564  stm32f4xx_hal_can.o(i.HAL_CAN_IRQHandler)
    HAL_CAN_Init                             0x080016df   Thumb Code   360  stm32f4xx_hal_can.o(i.HAL_CAN_Init)
    HAL_CAN_MspInit                          0x08001849   Thumb Code   184  can.o(i.HAL_CAN_MspInit)
    HAL_CAN_RxFifo0FullCallback              0x0800190d   Thumb Code     2  stm32f4xx_hal_can.o(i.HAL_CAN_RxFifo0FullCallback)
    HAL_CAN_RxFifo0MsgPendingCallback        0x08001911   Thumb Code   390  bsp_can.o(i.HAL_CAN_RxFifo0MsgPendingCallback)
    HAL_CAN_RxFifo1FullCallback              0x08001add   Thumb Code     2  stm32f4xx_hal_can.o(i.HAL_CAN_RxFifo1FullCallback)
    HAL_CAN_RxFifo1MsgPendingCallback        0x08001adf   Thumb Code     2  stm32f4xx_hal_can.o(i.HAL_CAN_RxFifo1MsgPendingCallback)
    HAL_CAN_SleepCallback                    0x08001ae1   Thumb Code     2  stm32f4xx_hal_can.o(i.HAL_CAN_SleepCallback)
    HAL_CAN_Start                            0x08001ae3   Thumb Code   100  stm32f4xx_hal_can.o(i.HAL_CAN_Start)
    HAL_CAN_TxMailbox0AbortCallback          0x08001b47   Thumb Code     2  stm32f4xx_hal_can.o(i.HAL_CAN_TxMailbox0AbortCallback)
    HAL_CAN_TxMailbox0CompleteCallback       0x08001b49   Thumb Code     2  stm32f4xx_hal_can.o(i.HAL_CAN_TxMailbox0CompleteCallback)
    HAL_CAN_TxMailbox1AbortCallback          0x08001b4b   Thumb Code     2  stm32f4xx_hal_can.o(i.HAL_CAN_TxMailbox1AbortCallback)
    HAL_CAN_TxMailbox1CompleteCallback       0x08001b4d   Thumb Code     2  stm32f4xx_hal_can.o(i.HAL_CAN_TxMailbox1CompleteCallback)
    HAL_CAN_TxMailbox2AbortCallback          0x08001b4f   Thumb Code     2  stm32f4xx_hal_can.o(i.HAL_CAN_TxMailbox2AbortCallback)
    HAL_CAN_TxMailbox2CompleteCallback       0x08001b51   Thumb Code     2  stm32f4xx_hal_can.o(i.HAL_CAN_TxMailbox2CompleteCallback)
    HAL_CAN_WakeUpFromRxMsgCallback          0x08001b53   Thumb Code     2  stm32f4xx_hal_can.o(i.HAL_CAN_WakeUpFromRxMsgCallback)
    HAL_DMA_Abort_IT                         0x08001b55   Thumb Code    36  stm32f4xx_hal_dma.o(i.HAL_DMA_Abort_IT)
    HAL_DMA_Init                             0x08001b79   Thumb Code   230  stm32f4xx_hal_dma.o(i.HAL_DMA_Init)
    HAL_Delay                                0x08001c65   Thumb Code    34  stm32f4xx_hal.o(i.HAL_Delay)
    HAL_GPIO_EXTI_Callback                   0x08001c8d   Thumb Code     2  stm32f4xx_hal_gpio.o(i.HAL_GPIO_EXTI_Callback)
    HAL_GPIO_EXTI_IRQHandler                 0x08001c91   Thumb Code    18  stm32f4xx_hal_gpio.o(i.HAL_GPIO_EXTI_IRQHandler)
    HAL_GPIO_Init                            0x08001ca9   Thumb Code   518  stm32f4xx_hal_gpio.o(i.HAL_GPIO_Init)
    HAL_GPIO_WritePin                        0x08001ec5   Thumb Code    14  stm32f4xx_hal_gpio.o(i.HAL_GPIO_WritePin)
    HAL_GetTick                              0x08001ed5   Thumb Code     6  stm32f4xx_hal.o(i.HAL_GetTick)
    HAL_IncTick                              0x08001ee1   Thumb Code    12  stm32f4xx_hal.o(i.HAL_IncTick)
    HAL_Init                                 0x08001ef1   Thumb Code    48  stm32f4xx_hal.o(i.HAL_Init)
    HAL_InitTick                             0x08001f25   Thumb Code   122  stm32f4xx_hal_timebase_tim.o(i.HAL_InitTick)
    HAL_MspInit                              0x08001fb1   Thumb Code    78  stm32f4xx_hal_msp.o(i.HAL_MspInit)
    HAL_NVIC_EnableIRQ                       0x08002005   Thumb Code    28  stm32f4xx_hal_cortex.o(i.HAL_NVIC_EnableIRQ)
    HAL_NVIC_SetPriority                     0x08002021   Thumb Code    98  stm32f4xx_hal_cortex.o(i.HAL_NVIC_SetPriority)
    HAL_NVIC_SetPriorityGrouping             0x08002089   Thumb Code    30  stm32f4xx_hal_cortex.o(i.HAL_NVIC_SetPriorityGrouping)
    HAL_RCC_ClockConfig                      0x080020ad   Thumb Code   352  stm32f4xx_hal_rcc.o(i.HAL_RCC_ClockConfig)
    HAL_RCC_GetClockConfig                   0x08002221   Thumb Code    52  stm32f4xx_hal_rcc.o(i.HAL_RCC_GetClockConfig)
    HAL_RCC_GetHCLKFreq                      0x0800225d   Thumb Code     6  stm32f4xx_hal_rcc.o(i.HAL_RCC_GetHCLKFreq)
    HAL_RCC_GetPCLK1Freq                     0x08002269   Thumb Code    22  stm32f4xx_hal_rcc.o(i.HAL_RCC_GetPCLK1Freq)
    HAL_RCC_GetPCLK2Freq                     0x08002289   Thumb Code    22  stm32f4xx_hal_rcc.o(i.HAL_RCC_GetPCLK2Freq)
    HAL_RCC_GetSysClockFreq                  0x080022a9   Thumb Code    94  stm32f4xx_hal_rcc.o(i.HAL_RCC_GetSysClockFreq)
    HAL_RCC_OscConfig                        0x08002319   Thumb Code  1078  stm32f4xx_hal_rcc.o(i.HAL_RCC_OscConfig)
    HAL_SPI_Init                             0x0800274f   Thumb Code   130  stm32f4xx_hal_spi.o(i.HAL_SPI_Init)
    HAL_SPI_MspInit                          0x080027d1   Thumb Code   316  spi.o(i.HAL_SPI_MspInit)
    HAL_SPI_TransmitReceive                  0x08002929   Thumb Code   504  stm32f4xx_hal_spi.o(i.HAL_SPI_TransmitReceive)
    HAL_TIMEx_BreakCallback                  0x08002b21   Thumb Code     2  stm32f4xx_hal_tim_ex.o(i.HAL_TIMEx_BreakCallback)
    HAL_TIMEx_CommutCallback                 0x08002b23   Thumb Code     2  stm32f4xx_hal_tim_ex.o(i.HAL_TIMEx_CommutCallback)
    HAL_TIMEx_MasterConfigSynchronization    0x08002b25   Thumb Code    78  stm32f4xx_hal_tim_ex.o(i.HAL_TIMEx_MasterConfigSynchronization)
    HAL_TIM_Base_Init                        0x08002b73   Thumb Code    56  stm32f4xx_hal_tim.o(i.HAL_TIM_Base_Init)
    HAL_TIM_Base_MspInit                     0x08002bad   Thumb Code    44  tim.o(i.HAL_TIM_Base_MspInit)
    HAL_TIM_Base_Start                       0x08002be1   Thumb Code    36  stm32f4xx_hal_tim.o(i.HAL_TIM_Base_Start)
    HAL_TIM_Base_Start_IT                    0x08002c05   Thumb Code    34  stm32f4xx_hal_tim.o(i.HAL_TIM_Base_Start_IT)
    HAL_TIM_ConfigClockSource                0x08002c27   Thumb Code   228  stm32f4xx_hal_tim.o(i.HAL_TIM_ConfigClockSource)
    HAL_TIM_IC_CaptureCallback               0x08002d0b   Thumb Code     2  stm32f4xx_hal_tim.o(i.HAL_TIM_IC_CaptureCallback)
    HAL_TIM_IRQHandler                       0x08002d0d   Thumb Code   372  stm32f4xx_hal_tim.o(i.HAL_TIM_IRQHandler)
    HAL_TIM_MspPostInit                      0x08002e81   Thumb Code    86  tim.o(i.HAL_TIM_MspPostInit)
    HAL_TIM_OC_DelayElapsedCallback          0x08002ee5   Thumb Code     2  stm32f4xx_hal_tim.o(i.HAL_TIM_OC_DelayElapsedCallback)
    HAL_TIM_PWM_ConfigChannel                0x08002ee7   Thumb Code   220  stm32f4xx_hal_tim.o(i.HAL_TIM_PWM_ConfigChannel)
    HAL_TIM_PWM_Init                         0x08002fc3   Thumb Code    56  stm32f4xx_hal_tim.o(i.HAL_TIM_PWM_Init)
    HAL_TIM_PWM_MspInit                      0x08002ffb   Thumb Code     2  stm32f4xx_hal_tim.o(i.HAL_TIM_PWM_MspInit)
    HAL_TIM_PWM_PulseFinishedCallback        0x08002ffd   Thumb Code     2  stm32f4xx_hal_tim.o(i.HAL_TIM_PWM_PulseFinishedCallback)
    HAL_TIM_PWM_Start                        0x08002fff   Thumb Code    66  stm32f4xx_hal_tim.o(i.HAL_TIM_PWM_Start)
    HAL_TIM_PeriodElapsedCallback            0x08003041   Thumb Code    18  main.o(i.HAL_TIM_PeriodElapsedCallback)
    HAL_TIM_TriggerCallback                  0x08003059   Thumb Code     2  stm32f4xx_hal_tim.o(i.HAL_TIM_TriggerCallback)
    HAL_UART_ErrorCallback                   0x0800305b   Thumb Code     2  stm32f4xx_hal_uart.o(i.HAL_UART_ErrorCallback)
    HAL_UART_IRQHandler                      0x0800305d   Thumb Code   306  stm32f4xx_hal_uart.o(i.HAL_UART_IRQHandler)
    HAL_UART_Init                            0x08003195   Thumb Code   100  stm32f4xx_hal_uart.o(i.HAL_UART_Init)
    HAL_UART_MspInit                         0x080031f9   Thumb Code   322  usart.o(i.HAL_UART_MspInit)
    HAL_UART_Receive_IT                      0x08003355   Thumb Code    86  stm32f4xx_hal_uart.o(i.HAL_UART_Receive_IT)
    HAL_UART_RxCpltCallback                  0x080033ad   Thumb Code   108  bsp_can.o(i.HAL_UART_RxCpltCallback)
    HAL_UART_Transmit                        0x08003425   Thumb Code   220  stm32f4xx_hal_uart.o(i.HAL_UART_Transmit)
    HAL_UART_TxCpltCallback                  0x08003501   Thumb Code     2  stm32f4xx_hal_uart.o(i.HAL_UART_TxCpltCallback)
    HardFault_Handler                        0x08003503   Thumb Code     4  stm32f4xx_it.o(i.HardFault_Handler)
    ImuError                                 0x08003509   Thumb Code    36  instask.o(i.ImuError)
    ImuInit                                  0x08003531   Thumb Code    90  instask.o(i.ImuInit)
    ImuQuaternion                            0x08003599   Thumb Code  1712  instask.o(i.ImuQuaternion)
    ImuZero                                  0x08003c55   Thumb Code   172  instask.o(i.ImuZero)
    InsTask                                  0x08003d0d   Thumb Code    36  instask.o(i.InsTask)
    MX_CAN2_Init                             0x08003d35   Thumb Code    54  can.o(i.MX_CAN2_Init)
    MX_DMA_Init                              0x08003d75   Thumb Code    68  dma.o(i.MX_DMA_Init)
    MX_FREERTOS_Init                         0x08003dbd   Thumb Code    54  freertos.o(i.MX_FREERTOS_Init)
    MX_GPIO_Init                             0x08003e01   Thumb Code   604  gpio.o(i.MX_GPIO_Init)
    MX_SPI1_Init                             0x08004081   Thumb Code    62  spi.o(i.MX_SPI1_Init)
    MX_TIM4_Init                             0x080040c9   Thumb Code   154  tim.o(i.MX_TIM4_Init)
    MX_USART1_UART_Init                      0x0800416d   Thumb Code    46  usart.o(i.MX_USART1_UART_Init)
    MX_USART6_UART_Init                      0x080041a5   Thumb Code    46  usart.o(i.MX_USART6_UART_Init)
    MemManage_Handler                        0x080041dd   Thumb Code     4  stm32f4xx_it.o(i.MemManage_Handler)
    NMI_Handler                              0x080041e1   Thumb Code     2  stm32f4xx_it.o(i.NMI_Handler)
    SysTick_Handler                          0x080042f1   Thumb Code    38  port.o(i.SysTick_Handler)
    SystemClock_Config                       0x0800431d   Thumb Code   170  main.o(i.SystemClock_Config)
    SystemInit                               0x080043d1   Thumb Code    82  system_stm32f4xx.o(i.SystemInit)
    TIM1_UP_TIM10_IRQHandler                 0x08004435   Thumb Code    10  stm32f4xx_it.o(i.TIM1_UP_TIM10_IRQHandler)
    TIM_Base_SetConfig                       0x08004445   Thumb Code   182  stm32f4xx_hal_tim.o(i.TIM_Base_SetConfig)
    TIM_CCxChannelCmd                        0x08004511   Thumb Code    30  stm32f4xx_hal_tim.o(i.TIM_CCxChannelCmd)
    TIM_ETR_SetConfig                        0x0800452f   Thumb Code    22  stm32f4xx_hal_tim.o(i.TIM_ETR_SetConfig)
    TIM_OC2_SetConfig                        0x080045c5   Thumb Code   112  stm32f4xx_hal_tim.o(i.TIM_OC2_SetConfig)
    USART1_IRQHandler                        0x08004c59   Thumb Code    10  stm32f4xx_it.o(i.USART1_IRQHandler)
    USART6_IRQHandler                        0x08004c69   Thumb Code    10  stm32f4xx_it.o(i.USART6_IRQHandler)
    UsageFault_Handler                       0x08004c79   Thumb Code     4  stm32f4xx_it.o(i.UsageFault_Handler)
    __ARM_fpclassify                         0x08004c7d   Thumb Code    48  fpclassify.o(i.__ARM_fpclassify)
    __hardfp_asin                            0x08004cb1   Thumb Code   770  asin.o(i.__hardfp_asin)
    __hardfp_atan                            0x08005011   Thumb Code   622  atan.o(i.__hardfp_atan)
    __hardfp_atan2                           0x080052e9   Thumb Code   432  atan2.o(i.__hardfp_atan2)
    __hardfp_sqrtf                           0x080054d9   Thumb Code    58  sqrtf.o(i.__hardfp_sqrtf)
    __kernel_poly                            0x08005513   Thumb Code   248  poly.o(i.__kernel_poly)
    __mathlib_dbl_infnan                     0x0800560b   Thumb Code    20  dunder.o(i.__mathlib_dbl_infnan)
    __mathlib_dbl_infnan2                    0x0800561f   Thumb Code    20  dunder.o(i.__mathlib_dbl_infnan2)
    __mathlib_dbl_invalid                    0x08005639   Thumb Code    24  dunder.o(i.__mathlib_dbl_invalid)
    __mathlib_dbl_underflow                  0x08005659   Thumb Code    24  dunder.o(i.__mathlib_dbl_underflow)
    atan                                     0x08005679   Thumb Code    16  atan.o(i.atan)
    bmi088_accel_init                        0x08005689   Thumb Code   348  bmi088.o(i.bmi088_accel_init)
    bmi088_gyro_init                         0x080057f5   Thumb Code   284  bmi088.o(i.bmi088_gyro_init)
    buzzer_off                               0x08005925   Thumb Code    10  test_task.o(i.buzzer_off)
    buzzer_on                                0x08005935   Thumb Code    14  test_task.o(i.buzzer_on)
    can_filter_init                          0x08005949   Thumb Code    92  bsp_can.o(i.can_filter_init)
    fabs                                     0x080059a9   Thumb Code    24  fabs.o(i.fabs)
    invSqrt                                  0x080059c1   Thumb Code    56  instask.o(i.invSqrt)
    main                                     0x080059fd   Thumb Code    82  main.o(i.main)
    moving_average_filter                    0x08005a6d   Thumb Code    94  bsp_can.o(i.moving_average_filter)
    osDelay                                  0x08005ad1   Thumb Code    16  cmsis_os.o(i.osDelay)
    osKernelStart                            0x08005ae1   Thumb Code    10  cmsis_os.o(i.osKernelStart)
    osThreadCreate                           0x08005aeb   Thumb Code    92  cmsis_os.o(i.osThreadCreate)
    pvPortMalloc                             0x08006351   Thumb Code   218  heap_4.o(i.pvPortMalloc)
    pxPortInitialiseStack                    0x08006435   Thumb Code    38  port.o(i.pxPortInitialiseStack)
    sqrt                                     0x08006461   Thumb Code   110  sqrt.o(i.sqrt)
    test_task                                0x080064d1   Thumb Code    64  test_task.o(i.test_task)
    uxListRemove                             0x08006521   Thumb Code    38  list.o(i.uxListRemove)
    vApplicationGetIdleTaskMemory            0x08006549   Thumb Code    14  freertos.o(i.vApplicationGetIdleTaskMemory)
    vApplicationGetTimerTaskMemory           0x08006561   Thumb Code    16  freertos.o(i.vApplicationGetTimerTaskMemory)
    vListInitialise                          0x08006579   Thumb Code    22  list.o(i.vListInitialise)
    vListInitialiseItem                      0x0800658f   Thumb Code     6  list.o(i.vListInitialiseItem)
    vListInsert                              0x08006595   Thumb Code    54  list.o(i.vListInsert)
    vListInsertEnd                           0x080065cb   Thumb Code    24  list.o(i.vListInsertEnd)
    vPortEnterCritical                       0x080065e5   Thumb Code    54  port.o(i.vPortEnterCritical)
    vPortExitCritical                        0x08006625   Thumb Code    38  port.o(i.vPortExitCritical)
    vPortFree                                0x08006651   Thumb Code    88  heap_4.o(i.vPortFree)
    vPortSetupTimerInterrupt                 0x080066ad   Thumb Code    32  port.o(i.vPortSetupTimerInterrupt)
    vPortValidateInterruptPriority           0x080066d1   Thumb Code    74  port.o(i.vPortValidateInterruptPriority)
    vQueueAddToRegistry                      0x08006725   Thumb Code    34  queue.o(i.vQueueAddToRegistry)
    vQueueWaitForMessageRestricted           0x0800674d   Thumb Code    74  queue.o(i.vQueueWaitForMessageRestricted)
    vTaskDelay                               0x08006799   Thumb Code    70  tasks.o(i.vTaskDelay)
    vTaskInternalSetTimeOutState             0x080067e9   Thumb Code    12  tasks.o(i.vTaskInternalSetTimeOutState)
    vTaskMissedYield                         0x080067f9   Thumb Code     8  tasks.o(i.vTaskMissedYield)
    vTaskPlaceOnEventList                    0x08006805   Thumb Code    48  tasks.o(i.vTaskPlaceOnEventList)
    vTaskPlaceOnEventListRestricted          0x08006839   Thumb Code    54  tasks.o(i.vTaskPlaceOnEventListRestricted)
    vTaskStartScheduler                      0x08006875   Thumb Code   128  tasks.o(i.vTaskStartScheduler)
    vTaskSuspendAll                          0x08006905   Thumb Code    10  tasks.o(i.vTaskSuspendAll)
    vTaskSwitchContext                       0x08006915   Thumb Code    86  tasks.o(i.vTaskSwitchContext)
    xPortStartScheduler                      0x08006975   Thumb Code   232  port.o(i.xPortStartScheduler)
    xQueueGenericCreateStatic                0x08006a79   Thumb Code   112  queue.o(i.xQueueGenericCreateStatic)
    xQueueGenericReset                       0x08006ae9   Thumb Code   138  queue.o(i.xQueueGenericReset)
    xQueueGenericSend                        0x08006b79   Thumb Code   362  queue.o(i.xQueueGenericSend)
    xQueueGenericSendFromISR                 0x08006ce9   Thumb Code   188  queue.o(i.xQueueGenericSendFromISR)
    xQueueReceive                            0x08006da5   Thumb Code   322  queue.o(i.xQueueReceive)
    xTaskCheckForTimeOut                     0x08006eed   Thumb Code   148  tasks.o(i.xTaskCheckForTimeOut)
    xTaskCreate                              0x08006f85   Thumb Code   108  tasks.o(i.xTaskCreate)
    xTaskCreateStatic                        0x08006ff1   Thumb Code    96  tasks.o(i.xTaskCreateStatic)
    xTaskGetSchedulerState                   0x08007051   Thumb Code    24  tasks.o(i.xTaskGetSchedulerState)
    xTaskGetTickCount                        0x0800706d   Thumb Code     6  tasks.o(i.xTaskGetTickCount)
    xTaskIncrementTick                       0x08007079   Thumb Code   200  tasks.o(i.xTaskIncrementTick)
    xTaskPriorityDisinherit                  0x08007149   Thumb Code   146  tasks.o(i.xTaskPriorityDisinherit)
    xTaskRemoveFromEventList                 0x080071e5   Thumb Code   108  tasks.o(i.xTaskRemoveFromEventList)
    xTaskResumeAll                           0x0800725d   Thumb Code   190  tasks.o(i.xTaskResumeAll)
    xTimerCreateTimerTask                    0x08007329   Thumb Code    86  timers.o(i.xTimerCreateTimerTask)
    xTimerGenericCommand                     0x08007391   Thumb Code   112  timers.o(i.xTimerGenericCommand)
    __aeabi_dneg                             0x08007405   Thumb Code     0  basic.o(x$fpl$basic)
    _dneg                                    0x08007405   Thumb Code     6  basic.o(x$fpl$basic)
    __aeabi_fneg                             0x0800740b   Thumb Code     0  basic.o(x$fpl$basic)
    _fneg                                    0x0800740b   Thumb Code     6  basic.o(x$fpl$basic)
    _dabs                                    0x08007411   Thumb Code     6  basic.o(x$fpl$basic)
    _fabs                                    0x08007417   Thumb Code     6  basic.o(x$fpl$basic)
    __aeabi_d2f                              0x0800741d   Thumb Code     0  d2f.o(x$fpl$d2f)
    _d2f                                     0x0800741d   Thumb Code    98  d2f.o(x$fpl$d2f)
    __aeabi_dadd                             0x08007481   Thumb Code     0  daddsub_clz.o(x$fpl$dadd)
    _dadd                                    0x08007481   Thumb Code   332  daddsub_clz.o(x$fpl$dadd)
    __aeabi_ddiv                             0x080075d1   Thumb Code     0  ddiv.o(x$fpl$ddiv)
    _ddiv                                    0x080075d1   Thumb Code   552  ddiv.o(x$fpl$ddiv)
    __aeabi_dmul                             0x08007881   Thumb Code     0  dmul.o(x$fpl$dmul)
    _dmul                                    0x08007881   Thumb Code   332  dmul.o(x$fpl$dmul)
    __fpl_dnaninf                            0x080079d5   Thumb Code   156  dnaninf.o(x$fpl$dnaninf)
    __fpl_dretinf                            0x08007a71   Thumb Code    12  dretinf.o(x$fpl$dretinf)
    __aeabi_drsub                            0x08007a7d   Thumb Code     0  daddsub_clz.o(x$fpl$drsb)
    _drsb                                    0x08007a7d   Thumb Code    22  daddsub_clz.o(x$fpl$drsb)
    _dsqrt                                   0x08007a95   Thumb Code   404  dsqrt_umaal.o(x$fpl$dsqrt)
    __aeabi_dsub                             0x08007c2d   Thumb Code     0  daddsub_clz.o(x$fpl$dsub)
    _dsub                                    0x08007c2d   Thumb Code   464  daddsub_clz.o(x$fpl$dsub)
    __aeabi_f2d                              0x08007e01   Thumb Code     0  f2d.o(x$fpl$f2d)
    _f2d                                     0x08007e01   Thumb Code    86  f2d.o(x$fpl$f2d)
    __fpl_fnaninf                            0x08007e57   Thumb Code   140  fnaninf.o(x$fpl$fnaninf)
    _fp_init                                 0x08007ee3   Thumb Code    10  fpinit.o(x$fpl$fpinit)
    __fplib_config_fpu_vfp                   0x08007eeb   Thumb Code     0  fpinit.o(x$fpl$fpinit)
    __fplib_config_pureend_doubles           0x08007eeb   Thumb Code     0  fpinit.o(x$fpl$fpinit)
    __fpl_fretinf                            0x08007eed   Thumb Code    10  fretinf.o(x$fpl$fretinf)
    __I$use$fp                               0x08007ef6   Number         0  usenofp.o(x$fpl$usenofp)
    AHBPrescTable                            0x08007f30   Data          16  system_stm32f4xx.o(.constdata)
    APBPrescTable                            0x08007f40   Data           8  system_stm32f4xx.o(.constdata)
    __mathlib_zero                           0x08008038   Data           8  qnan.o(.constdata)
    Region$$Table$$Base                      0x08008050   Number         0  anon$$obj.o(Region$$Table)
    Region$$Table$$Limit                     0x08008070   Number         0  anon$$obj.o(Region$$Table)
    uwb_filter_data                          0x20000000   Data           6  bsp_can.o(.data)
    x_count                                  0x20000008   Data           4  bsp_can.o(.data)
    y_count                                  0x2000000c   Data           4  bsp_can.o(.data)
    yaw_count                                0x20000010   Data           4  bsp_can.o(.data)
    can_rx_flag                              0x20000014   Data           4  bsp_can.o(.data)
    yaw                                      0x20000018   Data           2  bsp_can.o(.data)
    paw_data                                 0x2000001a   Data           1  bsp_can.o(.data)
    imuTaskHandle                            0x20000020   Data           4  freertos.o(.data)
    led_RGB_flow_handle                      0x20000024   Data           4  freertos.o(.data)
    testHandle                               0x20000028   Data           4  freertos.o(.data)
    SystemCoreClock                          0x2000002c   Data           4  system_stm32f4xx.o(.data)
    Bee_flag                                 0x20000030   Data           1  test_task.o(.data)
    psc                                      0x20000032   Data           2  test_task.o(.data)
    pwm                                      0x20000034   Data           2  test_task.o(.data)
    BMI088_ACCEL_SEN                         0x20000038   Data           4  bmi088.o(.data)
    BMI088_GYRO_SEN                          0x2000003c   Data           4  bmi088.o(.data)
    gNormDiff                                0x20000040   Data           4  bmi088.o(.data)
    caliOffset                               0x20000044   Data           1  bmi088.o(.data)
    caliCount                                0x20000046   Data           2  bmi088.o(.data)
    a                                        0x2000004c   Data           4  bmi088.o(.data)
    buf1                                     0x20000074   Data           8  bmi088.o(.data)
    bmi088_spi                               0x20000084   Data           4  bsp_bmi088.o(.data)
    SysTime                                  0x20000088   Data           8  mydwt.o(.data)
    CYCCNT64                                 0x200000a8   Data           8  mydwt.o(.data)
    uwTickFreq                               0x200000c8   Data           1  stm32f4xx_hal.o(.data)
    uwTickPrio                               0x200000cc   Data           4  stm32f4xx_hal.o(.data)
    uwTick                                   0x200000d0   Data           4  stm32f4xx_hal.o(.data)
    pxCurrentTCB                             0x200000d4   Data           4  tasks.o(.data)
    uwb_usart_data                           0x20000148   Data           9  bsp_can.o(.bss)
    TxData                                   0x20000151   Data          22  bsp_can.o(.bss)
    RxData                                   0x20000167   Data          22  bsp_can.o(.bss)
    uwb_rx_data_buf                          0x2000017d   Data          22  bsp_can.o(.bss)
    uwb_data                                 0x20000193   Data          22  bsp_can.o(.bss)
    x_window                                 0x200001ac   Data          12  bsp_can.o(.bss)
    y_window                                 0x200001b8   Data          12  bsp_can.o(.bss)
    yaw_window                               0x200001c4   Data          12  bsp_can.o(.bss)
    hcan2                                    0x20000878   Data          40  can.o(.bss)
    hspi1                                    0x200008a0   Data          88  spi.o(.bss)
    hdma_spi1_rx                             0x200008f8   Data          96  spi.o(.bss)
    hdma_spi1_tx                             0x20000958   Data          96  spi.o(.bss)
    htim4                                    0x200009b8   Data          64  tim.o(.bss)
    huart1                                   0x200009f8   Data          64  usart.o(.bss)
    huart6                                   0x20000a38   Data          64  usart.o(.bss)
    htim1                                    0x20000a78   Data          64  stm32f4xx_hal_timebase_tim.o(.bss)
    gyroDiff                                 0x20000ab8   Data          12  bmi088.o(.bss)
    BMI088                                   0x20000ac4   Data          64  bmi088.o(.bss)
    ImuRobot                                 0x20000b04   Data         156  instask.o(.bss)
    xQueueRegistry                           0x20000ba0   Data          64  queue.o(.bss)
    __libspace_start                         0x20006de0   Data          96  libspace.o(.bss)
    __temporary_stack_top$libspace           0x20006e40   Data           0  libspace.o(.bss)



==============================================================================

Memory Map of the image

  Image Entry point : 0x08000189

  Load Region LR_IROM1 (Base: 0x08000000, Size: 0x000081b8, Max: 0x00100000, ABSOLUTE, COMPRESSED[0x000080c0])

    Execution Region ER_IROM1 (Exec base: 0x08000000, Load base: 0x08000000, Size: 0x00008070, Max: 0x00100000, ABSOLUTE)

    Exec Addr    Load Addr    Size         Type   Attr      Idx    E Section Name        Object

    0x08000000   0x08000000   0x00000188   Data   RO            3    RESET               startup_stm32f407xx.o
    0x08000188   0x08000188   0x00000008   Code   RO         5874  * !!!main             c_w.l(__main.o)
    0x08000190   0x08000190   0x00000034   Code   RO         6180    !!!scatter          c_w.l(__scatter.o)
    0x080001c4   0x080001c4   0x0000003a   Code   RO         6178    !!dczerorl          c_w.l(__dczerorl.o)
    0x080001fe   0x080001fe   0x00000002   PAD
    0x08000200   0x08000200   0x0000001c   Code   RO         6182    !!handler_zi        c_w.l(__scatter_zi.o)
    0x0800021c   0x0800021c   0x00000002   Code   RO         6049    .ARM.Collect$$libinit$$00000000  c_w.l(libinit.o)
    0x0800021e   0x0800021e   0x00000004   Code   RO         6060    .ARM.Collect$$libinit$$00000001  c_w.l(libinit2.o)
    0x08000222   0x08000222   0x00000000   Code   RO         6063    .ARM.Collect$$libinit$$00000004  c_w.l(libinit2.o)
    0x08000222   0x08000222   0x00000000   Code   RO         6066    .ARM.Collect$$libinit$$0000000A  c_w.l(libinit2.o)
    0x08000222   0x08000222   0x00000000   Code   RO         6068    .ARM.Collect$$libinit$$0000000C  c_w.l(libinit2.o)
    0x08000222   0x08000222   0x00000000   Code   RO         6070    .ARM.Collect$$libinit$$0000000E  c_w.l(libinit2.o)
    0x08000222   0x08000222   0x00000000   Code   RO         6073    .ARM.Collect$$libinit$$00000011  c_w.l(libinit2.o)
    0x08000222   0x08000222   0x00000000   Code   RO         6075    .ARM.Collect$$libinit$$00000013  c_w.l(libinit2.o)
    0x08000222   0x08000222   0x00000000   Code   RO         6077    .ARM.Collect$$libinit$$00000015  c_w.l(libinit2.o)
    0x08000222   0x08000222   0x00000000   Code   RO         6079    .ARM.Collect$$libinit$$00000017  c_w.l(libinit2.o)
    0x08000222   0x08000222   0x00000000   Code   RO         6081    .ARM.Collect$$libinit$$00000019  c_w.l(libinit2.o)
    0x08000222   0x08000222   0x00000000   Code   RO         6083    .ARM.Collect$$libinit$$0000001B  c_w.l(libinit2.o)
    0x08000222   0x08000222   0x00000000   Code   RO         6085    .ARM.Collect$$libinit$$0000001D  c_w.l(libinit2.o)
    0x08000222   0x08000222   0x00000000   Code   RO         6087    .ARM.Collect$$libinit$$0000001F  c_w.l(libinit2.o)
    0x08000222   0x08000222   0x00000000   Code   RO         6089    .ARM.Collect$$libinit$$00000021  c_w.l(libinit2.o)
    0x08000222   0x08000222   0x00000000   Code   RO         6091    .ARM.Collect$$libinit$$00000023  c_w.l(libinit2.o)
    0x08000222   0x08000222   0x00000000   Code   RO         6093    .ARM.Collect$$libinit$$00000025  c_w.l(libinit2.o)
    0x08000222   0x08000222   0x00000000   Code   RO         6097    .ARM.Collect$$libinit$$0000002C  c_w.l(libinit2.o)
    0x08000222   0x08000222   0x00000000   Code   RO         6099    .ARM.Collect$$libinit$$0000002E  c_w.l(libinit2.o)
    0x08000222   0x08000222   0x00000000   Code   RO         6101    .ARM.Collect$$libinit$$00000030  c_w.l(libinit2.o)
    0x08000222   0x08000222   0x00000000   Code   RO         6103    .ARM.Collect$$libinit$$00000032  c_w.l(libinit2.o)
    0x08000222   0x08000222   0x00000002   Code   RO         6104    .ARM.Collect$$libinit$$00000033  c_w.l(libinit2.o)
    0x08000224   0x08000224   0x00000002   Code   RO         6135    .ARM.Collect$$libshutdown$$00000000  c_w.l(libshutdown.o)
    0x08000226   0x08000226   0x00000000   Code   RO         6161    .ARM.Collect$$libshutdown$$00000002  c_w.l(libshutdown2.o)
    0x08000226   0x08000226   0x00000000   Code   RO         6163    .ARM.Collect$$libshutdown$$00000004  c_w.l(libshutdown2.o)
    0x08000226   0x08000226   0x00000000   Code   RO         6166    .ARM.Collect$$libshutdown$$00000007  c_w.l(libshutdown2.o)
    0x08000226   0x08000226   0x00000000   Code   RO         6169    .ARM.Collect$$libshutdown$$0000000A  c_w.l(libshutdown2.o)
    0x08000226   0x08000226   0x00000000   Code   RO         6171    .ARM.Collect$$libshutdown$$0000000C  c_w.l(libshutdown2.o)
    0x08000226   0x08000226   0x00000000   Code   RO         6174    .ARM.Collect$$libshutdown$$0000000F  c_w.l(libshutdown2.o)
    0x08000226   0x08000226   0x00000002   Code   RO         6175    .ARM.Collect$$libshutdown$$00000010  c_w.l(libshutdown2.o)
    0x08000228   0x08000228   0x00000000   Code   RO         5930    .ARM.Collect$$rtentry$$00000000  c_w.l(__rtentry.o)
    0x08000228   0x08000228   0x00000000   Code   RO         6008    .ARM.Collect$$rtentry$$00000002  c_w.l(__rtentry2.o)
    0x08000228   0x08000228   0x00000006   Code   RO         6020    .ARM.Collect$$rtentry$$00000004  c_w.l(__rtentry4.o)
    0x0800022e   0x0800022e   0x00000000   Code   RO         6010    .ARM.Collect$$rtentry$$00000009  c_w.l(__rtentry2.o)
    0x0800022e   0x0800022e   0x00000004   Code   RO         6011    .ARM.Collect$$rtentry$$0000000A  c_w.l(__rtentry2.o)
    0x08000232   0x08000232   0x00000000   Code   RO         6013    .ARM.Collect$$rtentry$$0000000C  c_w.l(__rtentry2.o)
    0x08000232   0x08000232   0x00000008   Code   RO         6014    .ARM.Collect$$rtentry$$0000000D  c_w.l(__rtentry2.o)
    0x0800023a   0x0800023a   0x00000002   Code   RO         6052    .ARM.Collect$$rtexit$$00000000  c_w.l(rtexit.o)
    0x0800023c   0x0800023c   0x00000000   Code   RO         6108    .ARM.Collect$$rtexit$$00000002  c_w.l(rtexit2.o)
    0x0800023c   0x0800023c   0x00000004   Code   RO         6109    .ARM.Collect$$rtexit$$00000003  c_w.l(rtexit2.o)
    0x08000240   0x08000240   0x00000006   Code   RO         6110    .ARM.Collect$$rtexit$$00000004  c_w.l(rtexit2.o)
    0x08000246   0x08000246   0x00000002   PAD
    0x08000248   0x08000248   0x000000be   Code   RO         5779    .emb_text           port.o
    0x08000306   0x08000306   0x00000002   PAD
    0x08000308   0x08000308   0x00000040   Code   RO            4    .text               startup_stm32f407xx.o
    0x08000348   0x08000348   0x000000ee   Code   RO         5858    .text               c_w.l(lludivv7m.o)
    0x08000436   0x08000436   0x0000008a   Code   RO         5862    .text               c_w.l(rt_memcpy_v6.o)
    0x080004c0   0x080004c0   0x00000064   Code   RO         5864    .text               c_w.l(rt_memcpy_w.o)
    0x08000524   0x08000524   0x00000010   Code   RO         5868    .text               c_w.l(aeabi_memset.o)
    0x08000534   0x08000534   0x0000004e   Code   RO         5870    .text               c_w.l(rt_memclr_w.o)
    0x08000582   0x08000582   0x00000006   Code   RO         5872    .text               c_w.l(heapauxi.o)
    0x08000588   0x08000588   0x00000016   Code   RO         5935    .text               c_w.l(_rserrno.o)
    0x0800059e   0x0800059e   0x00000044   Code   RO         5937    .text               c_w.l(rt_memclr.o)
    0x080005e2   0x080005e2   0x00000002   PAD
    0x080005e4   0x080005e4   0x00000008   Code   RO         6027    .text               c_w.l(rt_errno_addr_intlibspace.o)
    0x080005ec   0x080005ec   0x00000008   Code   RO         6033    .text               c_w.l(libspace.o)
    0x080005f4   0x080005f4   0x0000004a   Code   RO         6036    .text               c_w.l(sys_stackheap_outer.o)
    0x0800063e   0x0800063e   0x00000012   Code   RO         6038    .text               c_w.l(exit.o)
    0x08000650   0x08000650   0x0000000c   Code   RO         6105    .text               c_w.l(sys_exit.o)
    0x0800065c   0x0800065c   0x00000002   Code   RO         6124    .text               c_w.l(use_no_semi.o)
    0x0800065e   0x0800065e   0x00000000   Code   RO         6126    .text               c_w.l(indicate_semi.o)
    0x0800065e   0x0800065e   0x00000002   PAD
    0x08000660   0x08000660   0x00000014   Code   RO         1158    i.BMI088_GYRO_H     bsp_bmi088.o
    0x08000674   0x08000674   0x00000014   Code   RO         1159    i.BMI088_GYRO_L     bsp_bmi088.o
    0x08000688   0x08000688   0x00000020   Code   RO         1064    i.BMI088_INIT       bmi088.o
    0x080006a8   0x080006a8   0x0000009c   Code   RO         1065    i.BMI088_init_first  bmi088.o
    0x08000744   0x08000744   0x0000019c   Code   RO         1066    i.BMI088_read       bmi088.o
    0x080008e0   0x080008e0   0x00000026   Code   RO         1067    i.BMI088_read_muli_reg  bmi088.o
    0x08000906   0x08000906   0x00000018   Code   RO         1068    i.BMI088_read_single_reg  bmi088.o
    0x0800091e   0x0800091e   0x00000002   PAD
    0x08000920   0x08000920   0x00000024   Code   RO         1160    i.BMI088_read_write_byte  bsp_bmi088.o
    0x08000944   0x08000944   0x00000014   Code   RO         1069    i.BMI088_write_single_reg  bmi088.o
    0x08000958   0x08000958   0x00000014   Code   RO         1161    i.BMI_ACCEL_H       bsp_bmi088.o
    0x0800096c   0x0800096c   0x00000014   Code   RO         1162    i.BMI_ACCEL_L       bsp_bmi088.o
    0x08000980   0x08000980   0x00000004   Code   RO          604    i.BusFault_Handler  stm32f4xx_it.o
    0x08000984   0x08000984   0x00000018   Code   RO          920    i.Buzzer_Init       test_task.o
    0x0800099c   0x0800099c   0x00000010   Code   RO          605    i.CAN2_RX0_IRQHandler  stm32f4xx_it.o
    0x080009ac   0x080009ac   0x00000010   Code   RO          606    i.CAN2_RX1_IRQHandler  stm32f4xx_it.o
    0x080009bc   0x080009bc   0x0000055c   Code   RO         1070    i.Calibrate_MPU_OFFSET  bmi088.o
    0x08000f18   0x08000f18   0x00000034   Code   RO         2107    i.DMA_CalcBaseAndBitshift  stm32f4xx_hal_dma.o
    0x08000f4c   0x08000f4c   0x0000007e   Code   RO         2108    i.DMA_CheckFifoParam  stm32f4xx_hal_dma.o
    0x08000fca   0x08000fca   0x00000002   PAD
    0x08000fcc   0x08000fcc   0x00000030   Code   RO         1292    i.DWT_CNT_Update    mydwt.o
    0x08000ffc   0x08000ffc   0x0000003c   Code   RO         1293    i.DWT_Delay         mydwt.o
    0x08001038   0x08001038   0x00000054   Code   RO         1297    i.DWT_GetTimeline_s  mydwt.o
    0x0800108c   0x0800108c   0x00000068   Code   RO         1299    i.DWT_Init          mydwt.o
    0x080010f4   0x080010f4   0x000000d0   Code   RO         1300    i.DWT_SysTimeUpdate  mydwt.o
    0x080011c4   0x080011c4   0x00000002   Code   RO          607    i.DebugMon_Handler  stm32f4xx_it.o
    0x080011c6   0x080011c6   0x0000000a   Code   RO          608    i.EXTI0_IRQHandler  stm32f4xx_it.o
    0x080011d0   0x080011d0   0x0000000a   Code   RO          609    i.EXTI3_IRQHandler  stm32f4xx_it.o
    0x080011da   0x080011da   0x0000000a   Code   RO          610    i.EXTI4_IRQHandler  stm32f4xx_it.o
    0x080011e4   0x080011e4   0x0000000a   Code   RO          611    i.EXTI9_5_IRQHandler  stm32f4xx_it.o
    0x080011ee   0x080011ee   0x00000002   Code   RO          200    i.Error_Handler     main.o
    0x080011f0   0x080011f0   0x00000024   Code   RO         1370    i.HAL_CAN_ActivateNotification  stm32f4xx_hal_can.o
    0x08001214   0x08001214   0x00000128   Code   RO         1372    i.HAL_CAN_ConfigFilter  stm32f4xx_hal_can.o
    0x0800133c   0x0800133c   0x00000002   Code   RO         1375    i.HAL_CAN_ErrorCallback  stm32f4xx_hal_can.o
    0x0800133e   0x0800133e   0x0000016c   Code   RO         1378    i.HAL_CAN_GetRxMessage  stm32f4xx_hal_can.o
    0x080014aa   0x080014aa   0x00000234   Code   RO         1382    i.HAL_CAN_IRQHandler  stm32f4xx_hal_can.o
    0x080016de   0x080016de   0x00000168   Code   RO         1383    i.HAL_CAN_Init      stm32f4xx_hal_can.o
    0x08001846   0x08001846   0x00000002   PAD
    0x08001848   0x08001848   0x000000c4   Code   RO          401    i.HAL_CAN_MspInit   can.o
    0x0800190c   0x0800190c   0x00000002   Code   RO         1390    i.HAL_CAN_RxFifo0FullCallback  stm32f4xx_hal_can.o
    0x0800190e   0x0800190e   0x00000002   PAD
    0x08001910   0x08001910   0x000001cc   Code   RO           13    i.HAL_CAN_RxFifo0MsgPendingCallback  bsp_can.o
    0x08001adc   0x08001adc   0x00000002   Code   RO         1392    i.HAL_CAN_RxFifo1FullCallback  stm32f4xx_hal_can.o
    0x08001ade   0x08001ade   0x00000002   Code   RO         1393    i.HAL_CAN_RxFifo1MsgPendingCallback  stm32f4xx_hal_can.o
    0x08001ae0   0x08001ae0   0x00000002   Code   RO         1394    i.HAL_CAN_SleepCallback  stm32f4xx_hal_can.o
    0x08001ae2   0x08001ae2   0x00000064   Code   RO         1395    i.HAL_CAN_Start     stm32f4xx_hal_can.o
    0x08001b46   0x08001b46   0x00000002   Code   RO         1397    i.HAL_CAN_TxMailbox0AbortCallback  stm32f4xx_hal_can.o
    0x08001b48   0x08001b48   0x00000002   Code   RO         1398    i.HAL_CAN_TxMailbox0CompleteCallback  stm32f4xx_hal_can.o
    0x08001b4a   0x08001b4a   0x00000002   Code   RO         1399    i.HAL_CAN_TxMailbox1AbortCallback  stm32f4xx_hal_can.o
    0x08001b4c   0x08001b4c   0x00000002   Code   RO         1400    i.HAL_CAN_TxMailbox1CompleteCallback  stm32f4xx_hal_can.o
    0x08001b4e   0x08001b4e   0x00000002   Code   RO         1401    i.HAL_CAN_TxMailbox2AbortCallback  stm32f4xx_hal_can.o
    0x08001b50   0x08001b50   0x00000002   Code   RO         1402    i.HAL_CAN_TxMailbox2CompleteCallback  stm32f4xx_hal_can.o
    0x08001b52   0x08001b52   0x00000002   Code   RO         1404    i.HAL_CAN_WakeUpFromRxMsgCallback  stm32f4xx_hal_can.o
    0x08001b54   0x08001b54   0x00000024   Code   RO         2111    i.HAL_DMA_Abort_IT  stm32f4xx_hal_dma.o
    0x08001b78   0x08001b78   0x000000ec   Code   RO         2116    i.HAL_DMA_Init      stm32f4xx_hal_dma.o
    0x08001c64   0x08001c64   0x00000028   Code   RO         2524    i.HAL_Delay         stm32f4xx_hal.o
    0x08001c8c   0x08001c8c   0x00000002   Code   RO         2001    i.HAL_GPIO_EXTI_Callback  stm32f4xx_hal_gpio.o
    0x08001c8e   0x08001c8e   0x00000002   PAD
    0x08001c90   0x08001c90   0x00000018   Code   RO         2002    i.HAL_GPIO_EXTI_IRQHandler  stm32f4xx_hal_gpio.o
    0x08001ca8   0x08001ca8   0x0000021c   Code   RO         2003    i.HAL_GPIO_Init     stm32f4xx_hal_gpio.o
    0x08001ec4   0x08001ec4   0x0000000e   Code   RO         2007    i.HAL_GPIO_WritePin  stm32f4xx_hal_gpio.o
    0x08001ed2   0x08001ed2   0x00000002   PAD
    0x08001ed4   0x08001ed4   0x0000000c   Code   RO         2530    i.HAL_GetTick       stm32f4xx_hal.o
    0x08001ee0   0x08001ee0   0x00000010   Code   RO         2536    i.HAL_IncTick       stm32f4xx_hal.o
    0x08001ef0   0x08001ef0   0x00000034   Code   RO         2537    i.HAL_Init          stm32f4xx_hal.o
    0x08001f24   0x08001f24   0x0000008c   Code   RO          740    i.HAL_InitTick      stm32f4xx_hal_timebase_tim.o
    0x08001fb0   0x08001fb0   0x00000054   Code   RO          716    i.HAL_MspInit       stm32f4xx_hal_msp.o
    0x08002004   0x08002004   0x0000001c   Code   RO         2392    i.HAL_NVIC_EnableIRQ  stm32f4xx_hal_cortex.o
    0x08002020   0x08002020   0x00000068   Code   RO         2398    i.HAL_NVIC_SetPriority  stm32f4xx_hal_cortex.o
    0x08002088   0x08002088   0x00000024   Code   RO         2399    i.HAL_NVIC_SetPriorityGrouping  stm32f4xx_hal_cortex.o
    0x080020ac   0x080020ac   0x00000174   Code   RO         1604    i.HAL_RCC_ClockConfig  stm32f4xx_hal_rcc.o
    0x08002220   0x08002220   0x0000003c   Code   RO         1608    i.HAL_RCC_GetClockConfig  stm32f4xx_hal_rcc.o
    0x0800225c   0x0800225c   0x0000000c   Code   RO         1609    i.HAL_RCC_GetHCLKFreq  stm32f4xx_hal_rcc.o
    0x08002268   0x08002268   0x00000020   Code   RO         1611    i.HAL_RCC_GetPCLK1Freq  stm32f4xx_hal_rcc.o
    0x08002288   0x08002288   0x00000020   Code   RO         1612    i.HAL_RCC_GetPCLK2Freq  stm32f4xx_hal_rcc.o
    0x080022a8   0x080022a8   0x00000070   Code   RO         1613    i.HAL_RCC_GetSysClockFreq  stm32f4xx_hal_rcc.o
    0x08002318   0x08002318   0x00000436   Code   RO         1616    i.HAL_RCC_OscConfig  stm32f4xx_hal_rcc.o
    0x0800274e   0x0800274e   0x00000082   Code   RO         2783    i.HAL_SPI_Init      stm32f4xx_hal_spi.o
    0x080027d0   0x080027d0   0x00000158   Code   RO          467    i.HAL_SPI_MspInit   spi.o
    0x08002928   0x08002928   0x000001f8   Code   RO         2792    i.HAL_SPI_TransmitReceive  stm32f4xx_hal_spi.o
    0x08002b20   0x08002b20   0x00000002   Code   RO         3782    i.HAL_TIMEx_BreakCallback  stm32f4xx_hal_tim_ex.o
    0x08002b22   0x08002b22   0x00000002   Code   RO         3783    i.HAL_TIMEx_CommutCallback  stm32f4xx_hal_tim_ex.o
    0x08002b24   0x08002b24   0x0000004e   Code   RO         3800    i.HAL_TIMEx_MasterConfigSynchronization  stm32f4xx_hal_tim_ex.o
    0x08002b72   0x08002b72   0x00000038   Code   RO         3096    i.HAL_TIM_Base_Init  stm32f4xx_hal_tim.o
    0x08002baa   0x08002baa   0x00000002   PAD
    0x08002bac   0x08002bac   0x00000034   Code   RO          509    i.HAL_TIM_Base_MspInit  tim.o
    0x08002be0   0x08002be0   0x00000024   Code   RO         3099    i.HAL_TIM_Base_Start  stm32f4xx_hal_tim.o
    0x08002c04   0x08002c04   0x00000022   Code   RO         3101    i.HAL_TIM_Base_Start_IT  stm32f4xx_hal_tim.o
    0x08002c26   0x08002c26   0x000000e4   Code   RO         3105    i.HAL_TIM_ConfigClockSource  stm32f4xx_hal_tim.o
    0x08002d0a   0x08002d0a   0x00000002   Code   RO         3125    i.HAL_TIM_IC_CaptureCallback  stm32f4xx_hal_tim.o
    0x08002d0c   0x08002d0c   0x00000174   Code   RO         3139    i.HAL_TIM_IRQHandler  stm32f4xx_hal_tim.o
    0x08002e80   0x08002e80   0x00000064   Code   RO          510    i.HAL_TIM_MspPostInit  tim.o
    0x08002ee4   0x08002ee4   0x00000002   Code   RO         3142    i.HAL_TIM_OC_DelayElapsedCallback  stm32f4xx_hal_tim.o
    0x08002ee6   0x08002ee6   0x000000dc   Code   RO         3163    i.HAL_TIM_PWM_ConfigChannel  stm32f4xx_hal_tim.o
    0x08002fc2   0x08002fc2   0x00000038   Code   RO         3166    i.HAL_TIM_PWM_Init  stm32f4xx_hal_tim.o
    0x08002ffa   0x08002ffa   0x00000002   Code   RO         3168    i.HAL_TIM_PWM_MspInit  stm32f4xx_hal_tim.o
    0x08002ffc   0x08002ffc   0x00000002   Code   RO         3169    i.HAL_TIM_PWM_PulseFinishedCallback  stm32f4xx_hal_tim.o
    0x08002ffe   0x08002ffe   0x00000042   Code   RO         3171    i.HAL_TIM_PWM_Start  stm32f4xx_hal_tim.o
    0x08003040   0x08003040   0x00000018   Code   RO          201    i.HAL_TIM_PeriodElapsedCallback  main.o
    0x08003058   0x08003058   0x00000002   Code   RO         3182    i.HAL_TIM_TriggerCallback  stm32f4xx_hal_tim.o
    0x0800305a   0x0800305a   0x00000002   Code   RO         4054    i.HAL_UART_ErrorCallback  stm32f4xx_hal_uart.o
    0x0800305c   0x0800305c   0x00000138   Code   RO         4057    i.HAL_UART_IRQHandler  stm32f4xx_hal_uart.o
    0x08003194   0x08003194   0x00000064   Code   RO         4058    i.HAL_UART_Init     stm32f4xx_hal_uart.o
    0x080031f8   0x080031f8   0x0000015c   Code   RO          557    i.HAL_UART_MspInit  usart.o
    0x08003354   0x08003354   0x00000056   Code   RO         4063    i.HAL_UART_Receive_IT  stm32f4xx_hal_uart.o
    0x080033aa   0x080033aa   0x00000002   PAD
    0x080033ac   0x080033ac   0x00000078   Code   RO           14    i.HAL_UART_RxCpltCallback  bsp_can.o
    0x08003424   0x08003424   0x000000dc   Code   RO         4066    i.HAL_UART_Transmit  stm32f4xx_hal_uart.o
    0x08003500   0x08003500   0x00000002   Code   RO         4069    i.HAL_UART_TxCpltCallback  stm32f4xx_hal_uart.o
    0x08003502   0x08003502   0x00000004   Code   RO          612    i.HardFault_Handler  stm32f4xx_it.o
    0x08003506   0x08003506   0x00000002   PAD
    0x08003508   0x08003508   0x00000028   Code   RO         1218    i.ImuError          instask.o
    0x08003530   0x08003530   0x00000068   Code   RO         1219    i.ImuInit           instask.o
    0x08003598   0x08003598   0x000006bc   Code   RO         1220    i.ImuQuaternion     instask.o
    0x08003c54   0x08003c54   0x000000b8   Code   RO         1221    i.ImuZero           instask.o
    0x08003d0c   0x08003d0c   0x00000028   Code   RO         1222    i.InsTask           instask.o
    0x08003d34   0x08003d34   0x00000040   Code   RO          402    i.MX_CAN2_Init      can.o
    0x08003d74   0x08003d74   0x00000048   Code   RO          442    i.MX_DMA_Init       dma.o
    0x08003dbc   0x08003dbc   0x00000044   Code   RO          337    i.MX_FREERTOS_Init  freertos.o
    0x08003e00   0x08003e00   0x00000280   Code   RO          313    i.MX_GPIO_Init      gpio.o
    0x08004080   0x08004080   0x00000048   Code   RO          468    i.MX_SPI1_Init      spi.o
    0x080040c8   0x080040c8   0x000000a4   Code   RO          511    i.MX_TIM4_Init      tim.o
    0x0800416c   0x0800416c   0x00000038   Code   RO          558    i.MX_USART1_UART_Init  usart.o
    0x080041a4   0x080041a4   0x00000038   Code   RO          559    i.MX_USART6_UART_Init  usart.o
    0x080041dc   0x080041dc   0x00000004   Code   RO          613    i.MemManage_Handler  stm32f4xx_it.o
    0x080041e0   0x080041e0   0x00000002   Code   RO          614    i.NMI_Handler       stm32f4xx_it.o
    0x080041e2   0x080041e2   0x00000002   PAD
    0x080041e4   0x080041e4   0x00000064   Code   RO         2821    i.SPI_EndRxTxTransaction  stm32f4xx_hal_spi.o
    0x08004248   0x08004248   0x000000a6   Code   RO         2826    i.SPI_WaitFlagStateUntilTimeout  stm32f4xx_hal_spi.o
    0x080042ee   0x080042ee   0x00000002   PAD
    0x080042f0   0x080042f0   0x0000002c   Code   RO         5780    i.SysTick_Handler   port.o
    0x0800431c   0x0800431c   0x000000b4   Code   RO          202    i.SystemClock_Config  main.o
    0x080043d0   0x080043d0   0x00000064   Code   RO          884    i.SystemInit        system_stm32f4xx.o
    0x08004434   0x08004434   0x00000010   Code   RO          615    i.TIM1_UP_TIM10_IRQHandler  stm32f4xx_it.o
    0x08004444   0x08004444   0x000000cc   Code   RO         3184    i.TIM_Base_SetConfig  stm32f4xx_hal_tim.o
    0x08004510   0x08004510   0x0000001e   Code   RO         3185    i.TIM_CCxChannelCmd  stm32f4xx_hal_tim.o
    0x0800452e   0x0800452e   0x00000016   Code   RO         3195    i.TIM_ETR_SetConfig  stm32f4xx_hal_tim.o
    0x08004544   0x08004544   0x00000010   Code   RO         3196    i.TIM_ITRx_SetConfig  stm32f4xx_hal_tim.o
    0x08004554   0x08004554   0x00000070   Code   RO         3197    i.TIM_OC1_SetConfig  stm32f4xx_hal_tim.o
    0x080045c4   0x080045c4   0x00000078   Code   RO         3198    i.TIM_OC2_SetConfig  stm32f4xx_hal_tim.o
    0x0800463c   0x0800463c   0x00000078   Code   RO         3199    i.TIM_OC3_SetConfig  stm32f4xx_hal_tim.o
    0x080046b4   0x080046b4   0x00000058   Code   RO         3200    i.TIM_OC4_SetConfig  stm32f4xx_hal_tim.o
    0x0800470c   0x0800470c   0x00000026   Code   RO         3202    i.TIM_TI1_ConfigInputStage  stm32f4xx_hal_tim.o
    0x08004732   0x08004732   0x00000024   Code   RO         3204    i.TIM_TI2_ConfigInputStage  stm32f4xx_hal_tim.o
    0x08004756   0x08004756   0x00000010   Code   RO         4071    i.UART_DMAAbortOnError  stm32f4xx_hal_uart.o
    0x08004766   0x08004766   0x0000001c   Code   RO         4081    i.UART_EndRxTransfer  stm32f4xx_hal_uart.o
    0x08004782   0x08004782   0x0000001a   Code   RO         4082    i.UART_EndTransmit_IT  stm32f4xx_hal_uart.o
    0x0800479c   0x0800479c   0x0000009c   Code   RO         4084    i.UART_Receive_IT   stm32f4xx_hal_uart.o
    0x08004838   0x08004838   0x00000340   Code   RO         4085    i.UART_SetConfig    stm32f4xx_hal_uart.o
    0x08004b78   0x08004b78   0x00000066   Code   RO         4086    i.UART_Transmit_IT  stm32f4xx_hal_uart.o
    0x08004bde   0x08004bde   0x00000078   Code   RO         4087    i.UART_WaitOnFlagUntilTimeout  stm32f4xx_hal_uart.o
    0x08004c56   0x08004c56   0x00000002   PAD
    0x08004c58   0x08004c58   0x00000010   Code   RO          616    i.USART1_IRQHandler  stm32f4xx_it.o
    0x08004c68   0x08004c68   0x00000010   Code   RO          617    i.USART6_IRQHandler  stm32f4xx_it.o
    0x08004c78   0x08004c78   0x00000004   Code   RO          618    i.UsageFault_Handler  stm32f4xx_it.o
    0x08004c7c   0x08004c7c   0x00000030   Code   RO         5990    i.__ARM_fpclassify  m_wm.l(fpclassify.o)
    0x08004cac   0x08004cac   0x00000004   PAD
    0x08004cb0   0x08004cb0   0x00000360   Code   RO         5892    i.__hardfp_asin     m_wm.l(asin.o)
    0x08005010   0x08005010   0x000002d8   Code   RO         5956    i.__hardfp_atan     m_wm.l(atan.o)
    0x080052e8   0x080052e8   0x000001f0   Code   RO         5906    i.__hardfp_atan2    m_wm.l(atan2.o)
    0x080054d8   0x080054d8   0x0000003a   Code   RO         5918    i.__hardfp_sqrtf    m_wm.l(sqrtf.o)
    0x08005512   0x08005512   0x000000f8   Code   RO         5992    i.__kernel_poly     m_wm.l(poly.o)
    0x0800560a   0x0800560a   0x00000014   Code   RO         5971    i.__mathlib_dbl_infnan  m_wm.l(dunder.o)
    0x0800561e   0x0800561e   0x00000014   Code   RO         5972    i.__mathlib_dbl_infnan2  m_wm.l(dunder.o)
    0x08005632   0x08005632   0x00000006   PAD
    0x08005638   0x08005638   0x00000020   Code   RO         5973    i.__mathlib_dbl_invalid  m_wm.l(dunder.o)
    0x08005658   0x08005658   0x00000020   Code   RO         5976    i.__mathlib_dbl_underflow  m_wm.l(dunder.o)
    0x08005678   0x08005678   0x00000010   Code   RO         5958    i.atan              m_wm.l(atan.o)
    0x08005688   0x08005688   0x0000016c   Code   RO         1071    i.bmi088_accel_init  bmi088.o
    0x080057f4   0x080057f4   0x00000130   Code   RO         1072    i.bmi088_gyro_init  bmi088.o
    0x08005924   0x08005924   0x00000010   Code   RO          921    i.buzzer_off        test_task.o
    0x08005934   0x08005934   0x00000014   Code   RO          922    i.buzzer_on         test_task.o
    0x08005948   0x08005948   0x00000060   Code   RO           15    i.can_filter_init   bsp_can.o
    0x080059a8   0x080059a8   0x00000018   Code   RO         5986    i.fabs              m_wm.l(fabs.o)
    0x080059c0   0x080059c0   0x0000003c   Code   RO         1224    i.invSqrt           instask.o
    0x080059fc   0x080059fc   0x00000064   Code   RO          203    i.main              main.o
    0x08005a60   0x08005a60   0x0000000c   Code   RO         5351    i.makeFreeRtosPriority  cmsis_os.o
    0x08005a6c   0x08005a6c   0x00000064   Code   RO           16    i.moving_average_filter  bsp_can.o
    0x08005ad0   0x08005ad0   0x00000010   Code   RO         5353    i.osDelay           cmsis_os.o
    0x08005ae0   0x08005ae0   0x0000000a   Code   RO         5356    i.osKernelStart     cmsis_os.o
    0x08005aea   0x08005aea   0x0000005c   Code   RO         5390    i.osThreadCreate    cmsis_os.o
    0x08005b46   0x08005b46   0x00000002   PAD
    0x08005b48   0x08005b48   0x00000080   Code   RO         4849    i.prvAddCurrentTaskToDelayedList  tasks.o
    0x08005bc8   0x08005bc8   0x00000088   Code   RO         4850    i.prvAddNewTaskToReadyList  tasks.o
    0x08005c50   0x08005c50   0x0000005c   Code   RO         5198    i.prvCheckForValidListAndQueue  timers.o
    0x08005cac   0x08005cac   0x00000040   Code   RO         4851    i.prvCheckTasksWaitingTermination  tasks.o
    0x08005cec   0x08005cec   0x00000024   Code   RO         4505    i.prvCopyDataFromQueue  queue.o
    0x08005d10   0x08005d10   0x0000006e   Code   RO         4506    i.prvCopyDataToQueue  queue.o
    0x08005d7e   0x08005d7e   0x00000040   Code   RO         4852    i.prvDeleteTCB      tasks.o
    0x08005dbe   0x08005dbe   0x00000002   PAD
    0x08005dc0   0x08005dc0   0x00000024   Code   RO         5199    i.prvGetNextExpireTime  timers.o
    0x08005de4   0x08005de4   0x00000050   Code   RO         5730    i.prvHeapInit       heap_4.o
    0x08005e34   0x08005e34   0x00000028   Code   RO         4853    i.prvIdleTask       tasks.o
    0x08005e5c   0x08005e5c   0x00000018   Code   RO         4509    i.prvInitialiseNewQueue  queue.o
    0x08005e74   0x08005e74   0x00000090   Code   RO         4854    i.prvInitialiseNewTask  tasks.o
    0x08005f04   0x08005f04   0x00000060   Code   RO         4855    i.prvInitialiseTaskLists  tasks.o
    0x08005f64   0x08005f64   0x0000005c   Code   RO         5731    i.prvInsertBlockIntoFreeList  heap_4.o
    0x08005fc0   0x08005fc0   0x00000048   Code   RO         5201    i.prvInsertTimerInActiveList  timers.o
    0x08006008   0x08006008   0x0000001a   Code   RO         4510    i.prvIsQueueEmpty   queue.o
    0x08006022   0x08006022   0x0000001e   Code   RO         4511    i.prvIsQueueFull    queue.o
    0x08006040   0x08006040   0x0000005c   Code   RO         5202    i.prvProcessExpiredTimer  timers.o
    0x0800609c   0x0800609c   0x000000d8   Code   RO         5203    i.prvProcessReceivedCommands  timers.o
    0x08006174   0x08006174   0x0000006c   Code   RO         5204    i.prvProcessTimerOrBlockTask  timers.o
    0x080061e0   0x080061e0   0x00000024   Code   RO         4856    i.prvResetNextTaskUnblockTime  tasks.o
    0x08006204   0x08006204   0x0000002c   Code   RO         5205    i.prvSampleTimeNow  timers.o
    0x08006230   0x08006230   0x00000074   Code   RO         5206    i.prvSwitchTimerLists  timers.o
    0x080062a4   0x080062a4   0x00000030   Code   RO         5781    i.prvTaskExitError  port.o
    0x080062d4   0x080062d4   0x00000014   Code   RO         5207    i.prvTimerTask      timers.o
    0x080062e8   0x080062e8   0x00000068   Code   RO         4512    i.prvUnlockQueue    queue.o
    0x08006350   0x08006350   0x000000e4   Code   RO         5732    i.pvPortMalloc      heap_4.o
    0x08006434   0x08006434   0x0000002c   Code   RO         5782    i.pxPortInitialiseStack  port.o
    0x08006460   0x08006460   0x0000006e   Code   RO         5997    i.sqrt              m_wm.l(sqrt.o)
    0x080064ce   0x080064ce   0x00000002   PAD
    0x080064d0   0x080064d0   0x00000050   Code   RO          923    i.test_task         test_task.o
    0x08006520   0x08006520   0x00000026   Code   RO         4465    i.uxListRemove      list.o
    0x08006546   0x08006546   0x00000002   PAD
    0x08006548   0x08006548   0x00000018   Code   RO          339    i.vApplicationGetIdleTaskMemory  freertos.o
    0x08006560   0x08006560   0x00000018   Code   RO          340    i.vApplicationGetTimerTaskMemory  freertos.o
    0x08006578   0x08006578   0x00000016   Code   RO         4466    i.vListInitialise   list.o
    0x0800658e   0x0800658e   0x00000006   Code   RO         4467    i.vListInitialiseItem  list.o
    0x08006594   0x08006594   0x00000036   Code   RO         4468    i.vListInsert       list.o
    0x080065ca   0x080065ca   0x00000018   Code   RO         4469    i.vListInsertEnd    list.o
    0x080065e2   0x080065e2   0x00000002   PAD
    0x080065e4   0x080065e4   0x00000040   Code   RO         5784    i.vPortEnterCritical  port.o
    0x08006624   0x08006624   0x0000002c   Code   RO         5785    i.vPortExitCritical  port.o
    0x08006650   0x08006650   0x0000005c   Code   RO         5733    i.vPortFree         heap_4.o
    0x080066ac   0x080066ac   0x00000024   Code   RO         5786    i.vPortSetupTimerInterrupt  port.o
    0x080066d0   0x080066d0   0x00000054   Code   RO         5787    i.vPortValidateInterruptPriority  port.o
    0x08006724   0x08006724   0x00000028   Code   RO         4516    i.vQueueAddToRegistry  queue.o
    0x0800674c   0x0800674c   0x0000004a   Code   RO         4519    i.vQueueWaitForMessageRestricted  queue.o
    0x08006796   0x08006796   0x00000002   PAD
    0x08006798   0x08006798   0x00000050   Code   RO         4867    i.vTaskDelay        tasks.o
    0x080067e8   0x080067e8   0x00000010   Code   RO         4871    i.vTaskInternalSetTimeOutState  tasks.o
    0x080067f8   0x080067f8   0x0000000c   Code   RO         4872    i.vTaskMissedYield  tasks.o
    0x08006804   0x08006804   0x00000034   Code   RO         4874    i.vTaskPlaceOnEventList  tasks.o
    0x08006838   0x08006838   0x0000003c   Code   RO         4875    i.vTaskPlaceOnEventListRestricted  tasks.o
    0x08006874   0x08006874   0x00000090   Code   RO         4882    i.vTaskStartScheduler  tasks.o
    0x08006904   0x08006904   0x00000010   Code   RO         4884    i.vTaskSuspendAll   tasks.o
    0x08006914   0x08006914   0x00000060   Code   RO         4885    i.vTaskSwitchContext  tasks.o
    0x08006974   0x08006974   0x00000104   Code   RO         5788    i.xPortStartScheduler  port.o
    0x08006a78   0x08006a78   0x00000070   Code   RO         4523    i.xQueueGenericCreateStatic  queue.o
    0x08006ae8   0x08006ae8   0x00000090   Code   RO         4524    i.xQueueGenericReset  queue.o
    0x08006b78   0x08006b78   0x00000170   Code   RO         4525    i.xQueueGenericSend  queue.o
    0x08006ce8   0x08006ce8   0x000000bc   Code   RO         4526    i.xQueueGenericSendFromISR  queue.o
    0x08006da4   0x08006da4   0x00000148   Code   RO         4534    i.xQueueReceive     queue.o
    0x08006eec   0x08006eec   0x00000098   Code   RO         4887    i.xTaskCheckForTimeOut  tasks.o
    0x08006f84   0x08006f84   0x0000006c   Code   RO         4888    i.xTaskCreate       tasks.o
    0x08006ff0   0x08006ff0   0x00000060   Code   RO         4889    i.xTaskCreateStatic  tasks.o
    0x08007050   0x08007050   0x0000001c   Code   RO         4894    i.xTaskGetSchedulerState  tasks.o
    0x0800706c   0x0800706c   0x0000000c   Code   RO         4895    i.xTaskGetTickCount  tasks.o
    0x08007078   0x08007078   0x000000d0   Code   RO         4897    i.xTaskIncrementTick  tasks.o
    0x08007148   0x08007148   0x0000009c   Code   RO         4900    i.xTaskPriorityDisinherit  tasks.o
    0x080071e4   0x080071e4   0x00000078   Code   RO         4902    i.xTaskRemoveFromEventList  tasks.o
    0x0800725c   0x0800725c   0x000000cc   Code   RO         4903    i.xTaskResumeAll    tasks.o
    0x08007328   0x08007328   0x00000068   Code   RO         5212    i.xTimerCreateTimerTask  timers.o
    0x08007390   0x08007390   0x00000074   Code   RO         5213    i.xTimerGenericCommand  timers.o
    0x08007404   0x08007404   0x00000018   Code   RO         5939    x$fpl$basic         fz_wm.l(basic.o)
    0x0800741c   0x0800741c   0x00000062   Code   RO         5876    x$fpl$d2f           fz_wm.l(d2f.o)
    0x0800747e   0x0800747e   0x00000002   PAD
    0x08007480   0x08007480   0x00000150   Code   RO         5941    x$fpl$dadd          fz_wm.l(daddsub_clz.o)
    0x080075d0   0x080075d0   0x000002b0   Code   RO         5879    x$fpl$ddiv          fz_wm.l(ddiv.o)
    0x08007880   0x08007880   0x00000154   Code   RO         5888    x$fpl$dmul          fz_wm.l(dmul.o)
    0x080079d4   0x080079d4   0x0000009c   Code   RO         5947    x$fpl$dnaninf       fz_wm.l(dnaninf.o)
    0x08007a70   0x08007a70   0x0000000c   Code   RO         5949    x$fpl$dretinf       fz_wm.l(dretinf.o)
    0x08007a7c   0x08007a7c   0x00000016   Code   RO         5942    x$fpl$drsb          fz_wm.l(daddsub_clz.o)
    0x08007a92   0x08007a92   0x00000002   PAD
    0x08007a94   0x08007a94   0x00000198   Code   RO         6031    x$fpl$dsqrt         fz_wm.l(dsqrt_umaal.o)
    0x08007c2c   0x08007c2c   0x000001d4   Code   RO         5943    x$fpl$dsub          fz_wm.l(daddsub_clz.o)
    0x08007e00   0x08007e00   0x00000056   Code   RO         5890    x$fpl$f2d           fz_wm.l(f2d.o)
    0x08007e56   0x08007e56   0x0000008c   Code   RO         5951    x$fpl$fnaninf       fz_wm.l(fnaninf.o)
    0x08007ee2   0x08007ee2   0x0000000a   Code   RO         6120    x$fpl$fpinit        fz_wm.l(fpinit.o)
    0x08007eec   0x08007eec   0x0000000a   Code   RO         5953    x$fpl$fretinf       fz_wm.l(fretinf.o)
    0x08007ef6   0x08007ef6   0x00000000   Code   RO         5955    x$fpl$usenofp       fz_wm.l(usenofp.o)
    0x08007ef6   0x08007ef6   0x00000002   PAD
    0x08007ef8   0x08007ef8   0x00000038   Data   RO          342    .constdata          freertos.o
    0x08007f30   0x08007f30   0x00000018   Data   RO          885    .constdata          system_stm32f4xx.o
    0x08007f48   0x08007f48   0x00000008   Data   RO         2122    .constdata          stm32f4xx_hal_dma.o
    0x08007f50   0x08007f50   0x00000050   Data   RO         5895    .constdata          m_wm.l(asin.o)
    0x08007fa0   0x08007fa0   0x00000098   Data   RO         5959    .constdata          m_wm.l(atan.o)
    0x08008038   0x08008038   0x00000008   Data   RO         5994    .constdata          m_wm.l(qnan.o)
    0x08008040   0x08008040   0x0000000d   Data   RO          343    .conststring        freertos.o
    0x0800804d   0x0800804d   0x00000003   PAD
    0x08008050   0x08008050   0x00000020   Data   RO         6176    Region$$Table       anon$$obj.o


    Execution Region RW_IRAM1 (Exec base: 0x20000000, Load base: 0x08008070, Size: 0x0000ae40, Max: 0x00020000, ABSOLUTE, COMPRESSED[0x00000050])

    Exec Addr    Load Addr    Size         Type   Attr      Idx    E Section Name        Object

    0x20000000   COMPRESSED   0x00000020   Data   RW           18    .data               bsp_can.o
    0x20000020   COMPRESSED   0x0000000c   Data   RW          344    .data               freertos.o
    0x2000002c   COMPRESSED   0x00000004   Data   RW          886    .data               system_stm32f4xx.o
    0x20000030   COMPRESSED   0x00000006   Data   RW          924    .data               test_task.o
    0x20000036   COMPRESSED   0x00000002   PAD
    0x20000038   COMPRESSED   0x0000004a   Data   RW         1074    .data               bmi088.o
    0x20000082   COMPRESSED   0x00000002   PAD
    0x20000084   COMPRESSED   0x00000004   Data   RW         1164    .data               bsp_bmi088.o
    0x20000088   COMPRESSED   0x00000040   Data   RW         1301    .data               mydwt.o
    0x200000c8   COMPRESSED   0x0000000c   Data   RW         2544    .data               stm32f4xx_hal.o
    0x200000d4   COMPRESSED   0x0000003c   Data   RW         4906    .data               tasks.o
    0x20000110   COMPRESSED   0x00000014   Data   RW         5221    .data               timers.o
    0x20000124   COMPRESSED   0x00000018   Data   RW         5738    .data               heap_4.o
    0x2000013c   COMPRESSED   0x0000000c   Data   RW         5789    .data               port.o
    0x20000148        -       0x00000088   Zero   RW           17    .bss                bsp_can.o
    0x200001d0        -       0x000006a8   Zero   RW          341    .bss                freertos.o
    0x20000878        -       0x00000028   Zero   RW          403    .bss                can.o
    0x200008a0        -       0x00000118   Zero   RW          469    .bss                spi.o
    0x200009b8        -       0x00000040   Zero   RW          512    .bss                tim.o
    0x200009f8        -       0x00000080   Zero   RW          560    .bss                usart.o
    0x20000a78        -       0x00000040   Zero   RW          743    .bss                stm32f4xx_hal_timebase_tim.o
    0x20000ab8        -       0x0000004c   Zero   RW         1073    .bss                bmi088.o
    0x20000b04        -       0x0000009c   Zero   RW         1225    .bss                instask.o
    0x20000ba0        -       0x00000040   Zero   RW         4537    .bss                queue.o
    0x20000be0        -       0x000000f0   Zero   RW         4905    .bss                tasks.o
    0x20000cd0        -       0x00000110   Zero   RW         5220    .bss                timers.o
    0x20000de0        -       0x00006000   Zero   RW         5737    .bss                heap_4.o
    0x20006de0        -       0x00000060   Zero   RW         6034    .bss                c_w.l(libspace.o)
    0x20006e40        -       0x00002000   Zero   RW            2    HEAP                startup_stm32f407xx.o
    0x20008e40        -       0x00002000   Zero   RW            1    STACK               startup_stm32f407xx.o


==============================================================================

Image component sizes


      Code (inc. data)   RO Data    RW Data    ZI Data      Debug   Object Name

      2722        176          0         74         76      10739   bmi088.o
       116         30          0          4          0       3034   bsp_bmi088.o
       776         98          0         32        136     706960   bsp_can.o
       260         22          0          0         40       1729   can.o
       130          0          0          0          0      22151   cmsis_os.o
        72          4          0          0          0        774   dma.o
         0          0          0          0          0      17880   event_groups.o
       116         32         69         12       1704       2891   freertos.o
       640         36          0          0          0       1355   gpio.o
       492         32          0         24      24576       5007   heap_4.o
      2152         64          0          0        156       5120   instask.o
       144          0          0          0          0       3658   list.o
       306         34          0          0          0      38371   main.o
       504        104          0         64          0       3790   mydwt.o
       814         92          0         12          0      12125   port.o
      1584         24          0          0         64      15204   queue.o
       416         38          0          0        280       1943   spi.o
        64         26        392          0      16384        848   startup_stm32f407xx.o
       120         20          0         12          0       3958   stm32f4xx_hal.o
      1744          6          0          0          0      13912   stm32f4xx_hal_can.o
       168         12          0          0          0      32898   stm32f4xx_hal_cortex.o
       450         14          8          0          0       3794   stm32f4xx_hal_dma.o
       580         28          0          0          0       3788   stm32f4xx_hal_gpio.o
        84          6          0          0          0        858   stm32f4xx_hal_msp.o
      1698        108          0          0          0       7169   stm32f4xx_hal_rcc.o
       900          8          0          0          0       4693   stm32f4xx_hal_spi.o
      1864         46          0          0          0      17337   stm32f4xx_hal_tim.o
        82          0          0          0          0       2573   stm32f4xx_hal_tim_ex.o
       140         18          0          0         64       1479   stm32f4xx_hal_timebase_tim.o
      2002         20          0          0          0      10547   stm32f4xx_hal_uart.o
       140         30          0          0          0       7330   stm32f4xx_it.o
         0          0          0          0          0        392   stream_buffer.o
       100         18         24          4          0       1191   system_stm32f4xx.o
      2268        194          0         60        240      25374   tasks.o
       140         34          0          6          0       2926   test_task.o
       316         32          0          0         64       2404   tim.o
      1016         96          0         20        272      27587   timers.o
       460         46          0          0        128       2439   usart.o

    ----------------------------------------------------------------------
     25616       1548        528        328      44184    1026228   Object Totals
         0          0         32          0          0          0   (incl. Generated)
        36          0          3          4          0          0   (incl. Padding)

    ----------------------------------------------------------------------

      Code (inc. data)   RO Data    RW Data    ZI Data      Debug   Library Member Name

        58          0          0          0          0          0   __dczerorl.o
         8          0          0          0          0         68   __main.o
         0          0          0          0          0          0   __rtentry.o
        12          0          0          0          0          0   __rtentry2.o
         6          0          0          0          0          0   __rtentry4.o
        52          8          0          0          0          0   __scatter.o
        28          0          0          0          0          0   __scatter_zi.o
        22          0          0          0          0        100   _rserrno.o
        16          0          0          0          0         68   aeabi_memset.o
        18          0          0          0          0         80   exit.o
         6          0          0          0          0        152   heapauxi.o
         0          0          0          0          0          0   indicate_semi.o
         2          0          0          0          0          0   libinit.o
         6          0          0          0          0          0   libinit2.o
         2          0          0          0          0          0   libshutdown.o
         2          0          0          0          0          0   libshutdown2.o
         8          4          0          0         96         68   libspace.o
       238          0          0          0          0        100   lludivv7m.o
         8          4          0          0          0         68   rt_errno_addr_intlibspace.o
        68          0          0          0          0         68   rt_memclr.o
        78          0          0          0          0         80   rt_memclr_w.o
       138          0          0          0          0         68   rt_memcpy_v6.o
       100          0          0          0          0         80   rt_memcpy_w.o
         2          0          0          0          0          0   rtexit.o
        10          0          0          0          0          0   rtexit2.o
        12          4          0          0          0         68   sys_exit.o
        74          0          0          0          0         80   sys_stackheap_outer.o
         2          0          0          0          0         68   use_no_semi.o
        24          0          0          0          0        164   basic.o
        98          4          0          0          0        140   d2f.o
       826         16          0          0          0        492   daddsub_clz.o
       688        140          0          0          0        256   ddiv.o
       340         12          0          0          0        152   dmul.o
       156          4          0          0          0        140   dnaninf.o
        12          0          0          0          0        116   dretinf.o
       408         56          0          0          0        168   dsqrt_umaal.o
        86          4          0          0          0        132   f2d.o
       140          4          0          0          0        132   fnaninf.o
        10          0          0          0          0        116   fpinit.o
        10          0          0          0          0        116   fretinf.o
         0          0          0          0          0          0   usenofp.o
       864         94         80          0          0        280   asin.o
       744        106        152          0          0        352   atan.o
       496         64          0          0          0        192   atan2.o
       104         16          0          0          0        496   dunder.o
        24          0          0          0          0        124   fabs.o
        48          0          0          0          0        124   fpclassify.o
       248          0          0          0          0        152   poly.o
         0          0          8          0          0          0   qnan.o
       110          0          0          0          0        148   sqrt.o
        58          0          0          0          0        136   sqrtf.o

    ----------------------------------------------------------------------
      6496        540        240          0         96       5344   Library Totals
        26          0          0          0          0          0   (incl. Padding)

    ----------------------------------------------------------------------

      Code (inc. data)   RO Data    RW Data    ZI Data      Debug   Library Name

       976         20          0          0         96       1216   c_w.l
      2798        240          0          0          0       2124   fz_wm.l
      2696        280        240          0          0       2004   m_wm.l

    ----------------------------------------------------------------------
      6496        540        240          0         96       5344   Library Totals

    ----------------------------------------------------------------------

==============================================================================


      Code (inc. data)   RO Data    RW Data    ZI Data      Debug   

     32112       2088        768        328      44280    1007000   Grand Totals
     32112       2088        768         80      44280    1007000   ELF Image Totals (compressed)
     32112       2088        768         80          0          0   ROM Totals

==============================================================================

    Total RO  Size (Code + RO Data)                32880 (  32.11kB)
    Total RW  Size (RW Data + ZI Data)             44608 (  43.56kB)
    Total ROM Size (Code + RO Data + RW Data)      32960 (  32.19kB)

==============================================================================

