Component: ARM Compiler 5.06 update 5 (build 528) Tool: armlink [4d35e2]

==============================================================================

Section Cross References

    startup_stm32f427xx.o(STACK) refers (Special) to heapauxi.o(.text) for __use_two_region_memory
    startup_stm32f427xx.o(HEAP) refers (Special) to heapauxi.o(.text) for __use_two_region_memory
    startup_stm32f427xx.o(RESET) refers (Special) to heapauxi.o(.text) for __use_two_region_memory
    startup_stm32f427xx.o(RESET) refers to startup_stm32f427xx.o(STACK) for __initial_sp
    startup_stm32f427xx.o(RESET) refers to startup_stm32f427xx.o(.text) for Reset_Handler
    startup_stm32f427xx.o(RESET) refers to stm32f4xx_it.o(i.NMI_Handler) for NMI_Handler
    startup_stm32f427xx.o(RESET) refers to stm32f4xx_it.o(i.HardFault_Handler) for HardFault_Handler
    startup_stm32f427xx.o(RESET) refers to stm32f4xx_it.o(i.MemManage_Handler) for MemManage_Handler
    startup_stm32f427xx.o(RESET) refers to stm32f4xx_it.o(i.BusFault_Handler) for BusFault_Handler
    startup_stm32f427xx.o(RESET) refers to stm32f4xx_it.o(i.UsageFault_Handler) for UsageFault_Handler
    startup_stm32f427xx.o(RESET) refers to port.o(.emb_text) for SVC_Handler
    startup_stm32f427xx.o(RESET) refers to stm32f4xx_it.o(i.DebugMon_Handler) for DebugMon_Handler
    startup_stm32f427xx.o(RESET) refers to port.o(i.SysTick_Handler) for SysTick_Handler
    startup_stm32f427xx.o(RESET) refers to stm32f4xx_it.o(i.DMA1_Stream1_IRQHandler) for DMA1_Stream1_IRQHandler
    startup_stm32f427xx.o(RESET) refers to stm32f4xx_it.o(i.DMA1_Stream3_IRQHandler) for DMA1_Stream3_IRQHandler
    startup_stm32f427xx.o(RESET) refers to stm32f4xx_it.o(i.DMA1_Stream6_IRQHandler) for DMA1_Stream6_IRQHandler
    startup_stm32f427xx.o(RESET) refers to stm32f4xx_it.o(i.CAN1_RX0_IRQHandler) for CAN1_RX0_IRQHandler
    startup_stm32f427xx.o(RESET) refers to stm32f4xx_it.o(i.CAN1_RX1_IRQHandler) for CAN1_RX1_IRQHandler
    startup_stm32f427xx.o(RESET) refers to remote_task.o(i.USART1_IRQHandler) for USART1_IRQHandler
    startup_stm32f427xx.o(RESET) refers to stm32f4xx_it.o(i.TIM6_DAC_IRQHandler) for TIM6_DAC_IRQHandler
    startup_stm32f427xx.o(RESET) refers to stm32f4xx_it.o(i.TIM7_IRQHandler) for TIM7_IRQHandler
    startup_stm32f427xx.o(RESET) refers to stm32f4xx_it.o(i.DMA2_Stream2_IRQHandler) for DMA2_Stream2_IRQHandler
    startup_stm32f427xx.o(RESET) refers to stm32f4xx_it.o(i.CAN2_RX0_IRQHandler) for CAN2_RX0_IRQHandler
    startup_stm32f427xx.o(RESET) refers to stm32f4xx_it.o(i.CAN2_RX1_IRQHandler) for CAN2_RX1_IRQHandler
    startup_stm32f427xx.o(RESET) refers to stm32f4xx_it.o(i.USART6_IRQHandler) for USART6_IRQHandler
    startup_stm32f427xx.o(RESET) refers to stm32f4xx_it.o(i.UART7_IRQHandler) for UART7_IRQHandler
    startup_stm32f427xx.o(RESET) refers to stm32f4xx_it.o(i.UART8_IRQHandler) for UART8_IRQHandler
    startup_stm32f427xx.o(.text) refers (Special) to heapauxi.o(.text) for __use_two_region_memory
    startup_stm32f427xx.o(.text) refers to system_stm32f4xx.o(i.SystemInit) for SystemInit
    startup_stm32f427xx.o(.text) refers to __main.o(!!!main) for __main
    startup_stm32f427xx.o(.text) refers to startup_stm32f427xx.o(HEAP) for Heap_Mem
    startup_stm32f427xx.o(.text) refers to startup_stm32f427xx.o(STACK) for Stack_Mem
    bsp_rc.o(i.RC_init) refers to usart.o(.bss) for huart1
    bsp_rc.o(i.RC_restart) refers to usart.o(.bss) for huart1
    pid.o(i.PID_Calc_Ecd) refers to pid.o(i.ecd_zero) for ecd_zero
    can_recive.o(i.CAN1_Send_Test) refers to stm32f4xx_hal_can.o(i.HAL_CAN_AddTxMessage) for HAL_CAN_AddTxMessage
    can_recive.o(i.CAN1_Send_Test) refers to can_recive.o(.bss) for Txmessage
    can_recive.o(i.CAN1_Send_Test) refers to chassis_task.o(.bss) for chassis_move
    can_recive.o(i.CAN1_Send_Test) refers to can.o(.bss) for hcan1
    can_recive.o(i.CAN_cmd_Lift) refers to stm32f4xx_hal_can.o(i.HAL_CAN_AddTxMessage) for HAL_CAN_AddTxMessage
    can_recive.o(i.CAN_cmd_Lift) refers to can_recive.o(.bss) for Lift_Header
    can_recive.o(i.CAN_cmd_Lift) refers to can_recive.o(.data) for lift_can_send_data
    can_recive.o(i.CAN_cmd_Lift) refers to can.o(.bss) for hcan1
    can_recive.o(i.CAN_cmd_chassis) refers to stm32f4xx_hal_can.o(i.HAL_CAN_AddTxMessage) for HAL_CAN_AddTxMessage
    can_recive.o(i.CAN_cmd_chassis) refers to can_recive.o(.bss) for Chassis_Header
    can_recive.o(i.CAN_cmd_chassis) refers to can_recive.o(.data) for chassis_can_send_data
    can_recive.o(i.CAN_cmd_chassis) refers to can.o(.bss) for hcan1
    can_recive.o(i.CAN_cmd_gimbal) refers to stm32f4xx_hal_can.o(i.HAL_CAN_AddTxMessage) for HAL_CAN_AddTxMessage
    can_recive.o(i.CAN_cmd_gimbal) refers to can_recive.o(.bss) for Gimbal_Header
    can_recive.o(i.CAN_cmd_gimbal) refers to can_recive.o(.data) for gimbal_can_send_data
    can_recive.o(i.CAN_cmd_gimbal) refers to can.o(.bss) for hcan2
    can_recive.o(i.C_yaw_caculate) refers to can_recive.o(.data) for t
[...]
    HAL_TIMEx_MasterConfigSynchronization    0x08003989   Thumb Code   150  stm32f4xx_hal_tim_ex.o(i.HAL_TIMEx_MasterConfigSynchronization)
    HAL_TIM_Base_Init                        0x08003a3d   Thumb Code   102  stm32f4xx_hal_tim.o(i.HAL_TIM_Base_Init)
    HAL_TIM_Base_MspInit                     0x08003aa5   Thumb Code   192  tim.o(i.HAL_TIM_Base_MspInit)
    HAL_TIM_Base_Start_IT                    0x08003b75   Thumb Code   138  stm32f4xx_hal_tim.o(i.HAL_TIM_Base_Start_IT)
    HAL_TIM_ConfigClockSource                0x08003c1d   Thumb Code   268  stm32f4xx_hal_tim.o(i.HAL_TIM_ConfigClockSource)
    HAL_TIM_IC_CaptureCallback               0x08003d29   Thumb Code     2  stm32f4xx_hal_tim.o(i.HAL_TIM_IC_CaptureCallback)
    HAL_TIM_IRQHandler                       0x08003d2b   Thumb Code   406  stm32f4xx_hal_tim.o(i.HAL_TIM_IRQHandler)
    HAL_TIM_MspPostInit                      0x08003ec1   Thumb Code   220  tim.o(i.HAL_TIM_MspPostInit)
    HAL_TIM_OC_DelayElapsedCallback          0x08003fb5   Thumb Code     2  stm32f4xx_hal_tim.o(i.HAL_TIM_OC_DelayElapsedCallback)
    HAL_TIM_PWM_ConfigChannel                0x08003fb7   Thumb Code   260  stm32f4xx_hal_tim.o(i.HAL_TIM_PWM_ConfigChannel)
    HAL_TIM_PWM_Init                         0x080040bb   Thumb Code   102  stm32f4xx_hal_tim.o(i.HAL_TIM_PWM_Init)
    HAL_TIM_PWM_MspInit                      0x08004121   Thumb Code     2  stm32f4xx_hal_tim.o(i.HAL_TIM_PWM_MspInit)
    HAL_TIM_PWM_PulseFinishedCallback        0x08004123   Thumb Code     2  stm32f4xx_hal_tim.o(i.HAL_TIM_PWM_PulseFinishedCallback)
    HAL_TIM_PWM_Start                        0x08004125   Thumb Code   238  stm32f4xx_hal_tim.o(i.HAL_TIM_PWM_Start)
    HAL_TIM_PeriodElapsedCallback            0x08004231   Thumb Code    18  main.o(i.HAL_TIM_PeriodElapsedCallback)
    HAL_TIM_TriggerCallback                  0x08004249   Thumb Code     2  stm32f4xx_hal_tim.o(i.HAL_TIM_TriggerCallback)
    HAL_UARTEx_RxEventCallback               0x0800424b   Thumb Code     2  stm32f4xx_hal_uart.o(i.HAL_UARTEx_RxEventCallback)
    HAL_UART_ErrorCallback                   0x0800424d   Thumb Code     2  stm32f4xx_hal_uart.o(i.HAL_UART_ErrorCallback)
    HAL_UART_IRQHandler                      0x08004251   Thumb Code   732  stm32f4xx_hal_uart.o(i.HAL_UART_IRQHandler)
    HAL_UART_Init                            0x08004531   Thumb Code   114  stm32f4xx_hal_uart.o(i.HAL_UART_Init)
    HAL_UART_MspInit                         0x080045a5   Thumb Code   768  usart.o(i.HAL_UART_MspInit)
    HAL_UART_Receive_IT                      0x080048dd   Thumb Code    66  stm32f4xx_hal_uart.o(i.HAL_UART_Receive_IT)
    HAL_UART_RxCpltCallback                  0x08004921   Thumb Code   126  can_recive.o(i.HAL_UART_RxCpltCallback)
    HAL_UART_RxHalfCpltCallback              0x080049bd   Thumb Code     2  stm32f4xx_hal_uart.o(i.HAL_UART_RxHalfCpltCallback)
    HAL_UART_Transmit                        0x080049bf   Thumb Code   210  stm32f4xx_hal_uart.o(i.HAL_UART_Transmit)
    HAL_UART_Transmit_IT                     0x08004a91   Thumb Code    88  stm32f4xx_hal_uart.o(i.HAL_UART_Transmit_IT)
    HAL_UART_TxCpltCallback                  0x08004ae9   Thumb Code    16  can_recive.o(i.HAL_UART_TxCpltCallback)
    HardFault_Handler                        0x08004b01   Thumb Code     4  stm32f4xx_it.o(i.HardFault_Handler)
    Lift_Get_Motor_Data                      0x08004b05   Thumb Code    48  can_recive.o(i.Lift_Get_Motor_Data)
    MX_CAN1_Init                             0x08004b39   Thumb Code    58  can.o(i.MX_CAN1_Init)
    MX_CAN2_Init                             0x08004b7d   Thumb Code    58  can.o(i.MX_CAN2_Init)
    MX_DMA_Init                              0x08004bc1   Thumb Code   130  dma.o(i.MX_DMA_Init)
    MX_FREERTOS_Init                         0x08004c49   Thumb Code   222  freertos.o(i.MX_FREERTOS_Init)
    MX_GPIO_Init                             0x08004d51   Thumb Code   354  gpio.o(i.MX_GPIO_Init)
    MX_SPI5_Init                             0x08004ec9   Thumb Code    60  spi.o(i.MX_SPI5_Init)
    MX_TIM1_Init                             0x08004f0d   Thumb Code   206  tim.o(i.MX_TIM1_Init)
    MX_TIM2_Init                             0x08004fe5   Thumb Code   204  tim.o(i.MX_TIM2_Init)
    MX_TIM7_Init                             0x080050b5   Thumb Code    66  tim.o(i.MX_TIM7_Init)
    MX_TIM8_Init                             0x08005101   Thumb Code   254  tim.o(i.MX_TIM8_Init)
    MX_UART7_Init                            0x08005209   Thumb Code    46  usart.o(i.MX_UART7_Init)
    MX_UART8_Init                            0x08005241   Thumb Code    46  usart.o(i.MX_UART8_Init)
    MX_USART1_UART_Init                      0x08005279   Thumb Code    44  usart.o(i.MX_USART1_UART_Init)
    MX_USART6_UART_Init                      0x080052b1   Thumb Code    46  usart.o(i.MX_USART6_UART_Init)
    MemManage_Handler                        0x080052e9   Thumb Code     4  stm32f4xx_it.o(i.MemManage_Handler)
    NMI_Handler                              0x080052ed   Thumb Code     4  stm32f4xx_it.o(i.NMI_Handler)
    PAW_Task                                 0x080052f1   Thumb Code    10  freertos.o(i.PAW_Task)
    PID_Calc_Angle                           0x08005349   Thumb Code   350  pid.o(i.PID_Calc_Angle)
    PID_Calc_Ecd                             0x080054b9   Thumb Code   532  pid.o(i.PID_Calc_Ecd)
    PID_calc                                 0x080056d1   Thumb Code   842  pid.o(i.PID_calc)
    PID_clear                                0x08005a2d   Thumb Code    72  pid.o(i.PID_clear)
    PID_init                                 0x08005a79   Thumb Code    92  pid.o(i.PID_init)
    Pid_caculate                             0x08005ad9   Thumb Code   232  chassis_task.o(i.Pid_caculate)
    Polar_To_Stright                         0x08005bc1   Thumb Code  1404  chassis_task.o(i.Polar_To_Stright)
    RC_data_is_error                         0x0800614d   Thumb Code   146  remote_task.o(i.RC_data_is_error)
    RC_init                                  0x080061e5   Thumb Code   142  bsp_rc.o(i.RC_init)
    RC_restart                               0x08006281   Thumb Code    72  bsp_rc.o(i.RC_restart)
    Remote_RESET                             0x080062d1   Thumb Code    84  chassis_task.o(i.Remote_RESET)
    Robot_coordinate                         0x08006331   Thumb Code   338  chassis_task.o(i.Robot_coordinate)
    Sensor_Get                               0x0800648d   Thumb Code   158  waypoint_task.o(i.Sensor_Get)
    Speed_Toggle                             0x0800653d   Thumb Code   180  chassis_task.o(i.Speed_Toggle)
    SysTick_Handler                          0x08006601   Thumb Code    46  port.o(i.SysTick_Handler)
    SystemClock_Config                       0x08006635   Thumb Code   170  main.o(i.SystemClock_Config)
    SystemInit                               0x080066e9   Thumb Code    14  system_stm32f4xx.o(i.SystemInit)
    TIM6_DAC_IRQHandler                      0x080066fd   Thumb Code    10  stm32f4xx_it.o(i.TIM6_DAC_IRQHandler)
    TIM7_IRQHandler                          0x0800670d   Thumb Code    10  stm32f4xx_it.o(i.TIM7_IRQHandler)
    TIM_Base_SetConfig                       0x0800671d   Thumb Code   170  stm32f4xx_hal_tim.o(i.TIM_Base_SetConfig)
    TIM_CCxChannelCmd                        0x080067f5   Thumb Code    34  stm32f4xx_hal_tim.o(i.TIM_CCxChannelCmd)
    TIM_ETR_SetConfig                        0x08006817   Thumb Code    22  stm32f4xx_hal_tim.o(i.TIM_ETR_SetConfig)
    TIM_OC2_SetConfig                        0x080068b1   Thumb Code   114  stm32f4xx_hal_tim.o(i.TIM_OC2_SetConfig)
    Top_6020_enforce                         0x08006a49   Thumb Code    42  chassis_task.o(i.Top_6020_enforce)
    UART7_IRQHandler                         0x08006a85   Thumb Code    14  stm32f4xx_it.o(i.UART7_IRQHandler)
    UART8_IRQHandler                         0x08006a99   Thumb Code    10  stm32f4xx_it.o(i.UART8_IRQHandler)
    UART_Start_Receive_DMA                   0x08006fb5   Thumb Code   196  stm32f4xx_hal_uart.o(i.UART_Start_Receive_DMA)
    UART_Start_Receive_IT                    0x08007085   Thumb Code    74  stm32f4xx_hal_uart.o(i.UART_Start_Receive_IT)
    USART1_IRQHandler                        0x080071c1   Thumb Code   276  remote_task.o(i.USART1_IRQHandler)
    USART6_IRQHandler                        0x080072f1   Thumb Code    10  stm32f4xx_it.o(i.USART6_IRQHandler)
    UsageFault_Handler                       0x08007301   Thumb Code     4  stm32f4xx_it.o(i.UsageFault_Handler)
    Waypoint_Init                            0x08007305   Thumb Code   298  waypoint_task.o(i.Waypoint_Init)
    Waypoint_Write                           0x080074a5   Thumb Code    22  waypoint_task.o(i.Waypoint_Write)
    Waypoint_task                            0x080074c1   Thumb Code    48  waypoint_task.o(i.Waypoint_task)
    __ARM_fpclassify                         0x080074fd   Thumb Code    48  fpclassify.o(i.__ARM_fpclassify)
    __ARM_fpclassifyf                        0x0800752d   Thumb Code    38  fpclassifyf.o(i.__ARM_fpclassifyf)
    __hardfp_atan                            0x08007591   Thumb Code   622  atan.o(i.__hardfp_atan)
    __hardfp_atan2                           0x08007869   Thumb Code   432  atan2.o(i.__hardfp_atan2)
    __hardfp_cos                             0x08007a59   Thumb Code   180  cos.o(i.__hardfp_cos)
    __hardfp_cosf                            0x08007b21   Thumb Code   280  cosf.o(i.__hardfp_cosf)
    __hardfp_fabs                            0x08007c71   Thumb Code    20  fabs.o(i.__hardfp_fabs)
    __hardfp_pow                             0x08007c89   Thumb Code  3072  pow.o(i.__hardfp_pow)
    __hardfp_sin                             0x080088d9   Thumb Code   180  sin.o(i.__hardfp_sin)
    __hardfp_sinf                            0x080089a1   Thumb Code   344  sinf.o(i.__hardfp_sinf)
    __hardfp_sqrt                            0x08008b31   Thumb Code   122  sqrt.o(i.__hardfp_sqrt)
    __ieee754_rem_pio2                       0x08008bb1   Thumb Code   938  rred.o(i.__ieee754_rem_pio2)
    __kernel_cos                             0x08008fe9   Thumb Code   322  cos_i.o(i.__kernel_cos)
    __kernel_poly                            0x08009159   Thumb Code   248  poly.o(i.__kernel_poly)
    __kernel_sin                             0x08009251   Thumb Code   280  sin_i.o(i.__kernel_sin)
    __mathlib_dbl_divzero                    0x08009381   Thumb Code    28  dunder.o(i.__mathlib_dbl_divzero)
    __mathlib_dbl_infnan                     0x080093b1   Thumb Code    20  dunder.o(i.__mathlib_dbl_infnan)
    __mathlib_dbl_infnan2                    0x080093c5   Thumb Code    20  dunder.o(i.__mathlib_dbl_infnan2)
    __mathlib_dbl_invalid                    0x080093d9   Thumb Code    24  dunder.o(i.__mathlib_dbl_invalid)
    __mathlib_dbl_overflow                   0x080093f9   Thumb Code    24  dunder.o(i.__mathlib_dbl_overflow)
    __mathlib_dbl_underflow                  0x08009419   Thumb Code    24  dunder.o(i.__mathlib_dbl_underflow)
    __mathlib_flt_infnan                     0x08009439   Thumb Code     6  funder.o(i.__mathlib_flt_infnan)
    __mathlib_flt_invalid                    0x08009441   Thumb Code    10  funder.o(i.__mathlib_flt_invalid)
    __mathlib_flt_underflow                  0x08009451   Thumb Code    10  funder.o(i.__mathlib_flt_underflow)
    __mathlib_rredf2                         0x08009461   Thumb Code   316  rredf.o(i.__mathlib_rredf2)
    _sys_exit                                0x080095b5   Thumb Code     4  main.o(i._sys_exit)
    angle_judge                              0x080095b9   Thumb Code   104  chassis_task.o(i.angle_judge)
    atan                                     0x08009629   Thumb Code    16  atan.o(i.atan)
    canfilter_init_start                     0x0800976d   Thumb Code    84  can_recive.o(i.canfilter_init_start)
    cast_function                            0x080097c9   Thumb Code   202  chassis_task.o(i.cast_function)
    chassis_task                             0x080098d5   Thumb Code   286  chassis_task.o(i.chassis_task)
    clear_step                               0x08009a09   Thumb Code    22  chassis_task.o(i.clear_step)
    detect_hook                              0x08009a21   Thumb Code   288  detect_task.o(i.detect_hook)
    detect_task                              0x08009cbd   Thumb Code   618  detect_task.o(i.detect_task)
    fabs                                     0x08009f61   Thumb Code    24  fabs.o(i.fabs)
    first_order_filter_cali                  0x08009f79   Thumb Code    84  filter.o(i.first_order_filter_cali)
    first_order_filter_init                  0x08009fcd   Thumb Code    32  filter.o(i.first_order_filter_init)
    four_yaw_space                           0x08009ff1   Thumb Code   184  chassis_task.o(i.four_yaw_space)
    get_Chassis_Motor_Measure_Point          0x0800a0a9   Thumb Code    18  can_recive.o(i.get_Chassis_Motor_Measure_Point)
    get_Lift_Motor_Point                     0x0800a0c1   Thumb Code     4  can_recive.o(i.get_Lift_Motor_Point)
    get_gimbal_motor_measure_point           0x0800a0c9   Thumb Code    18  can_recive.o(i.get_gimbal_motor_measure_point)
    get_remote_control_point                 0x0800a0e1   Thumb Code     4  remote_task.o(i.get_remote_control_point)
    height_get                               0x0800a0e9   Thumb Code    70  lift_task.o(i.height_get)
    imu_task                                 0x0800a13d   Thumb Code    10  freertos.o(i.imu_task)
    led_flow_task                            0x0800a159   Thumb Code    62  led_flow_task.o(i.led_flow_task)
    lift_motor_init                          0x0800a19d   Thumb Code    48  lift_task.o(i.lift_motor_init)
    lift_task                                0x0800a1ed   Thumb Code   396  lift_task.o(i.lift_task)
    limit_speed                              0x0800a39d   Thumb Code   472  chassis_task.o(i.limit_speed)
    main                                     0x0800a599   Thumb Code    88  main.o(i.main)
    my_UART_IDLE_function                    0x0800a609   Thumb Code    54  base_usart.o(i.my_UART_IDLE_function)
    num_0_task                               0x0800a649   Thumb Code   246  chassis_task.o(i.num_0_task)
    num_10_task                              0x0800a761   Thumb Code   276  chassis_task.o(i.num_10_task)
    num_11_task                              0x0800a899   Thumb Code   282  chassis_task.o(i.num_11_task)
    num_1_task                               0x0800a9d9   Thumb Code   482  chassis_task.o(i.num_1_task)
    num_20_task                              0x0800abe1   Thumb Code    72  chassis_task.o(i.num_20_task)
    num_2_task                               0x0800ac35   Thumb Code    82  chassis_task.o(i.num_2_task)
    num_3_task                               0x0800ac95   Thumb Code    72  chassis_task.o(i.num_3_task)
    osDelay                                  0x0800ace9   Thumb Code    24  cmsis_os.o(i.osDelay)
    osKernelStart                            0x0800ad01   Thumb Code    10  cmsis_os.o(i.osKernelStart)
    osThreadCreate                           0x0800ad0b   Thumb Code    94  cmsis_os.o(i.osThreadCreate)
    osThreadResume                           0x0800ad69   Thumb Code    46  cmsis_os.o(i.osThreadResume)
    osThreadSuspend                          0x0800ad9d   Thumb Code    14  cmsis_os.o(i.osThreadSuspend)
    position_judge                           0x0800adad   Thumb Code   344  chassis_task.o(i.position_judge)
    put_first_task                           0x0800b3f1   Thumb Code   482  chassis_task.o(i.put_first_task)
    put_second_task                          0x0800b5f9   Thumb Code   286  chassis_task.o(i.put_second_task)
    pvPortMalloc                             0x0800b73d   Thumb Code   306  heap_4.o(i.pvPortMalloc)
    pxPortInitialiseStack                    0x0800b889   Thumb Code    38  port.o(i.pxPortInitialiseStack)
    remote_control_init                      0x0800b9e1   Thumb Code    16  remote_task.o(i.remote_control_init)
    remote_task                              0x0800b9f5   Thumb Code    16  remote_task.o(i.remote_task)
    servo_task                               0x0800bae5   Thumb Code   150  servo_task.o(i.servo_task)
    slove_RC_lost                            0x0800bb85   Thumb Code    10  remote_task.o(i.slove_RC_lost)
    slove_data_error                         0x0800bb8f   Thumb Code    10  remote_task.o(i.slove_data_error)
    solid_second_task                        0x0800bb99   Thumb Code   282  chassis_task.o(i.solid_second_task)
    speed_3508_enforce                       0x0800bcd5   Thumb Code    26  chassis_task.o(i.speed_3508_enforce)
    speed_limit                              0x0800bcef   Thumb Code   162  chassis_task.o(i.speed_limit)
    sqrt                                     0x0800bd91   Thumb Code   110  sqrt.o(i.sqrt)
    stop_3508                                0x0800be01   Thumb Code    40  chassis_task.o(i.stop_3508)
    toe_is_error                             0x0800be31   Thumb Code    20  detect_task.o(i.toe_is_error)
    turn_task                                0x0800be49   Thumb Code   102  chassis_task.o(i.turn_task)
    uwb_data_init                            0x0800bebd   Thumb Code    28  can_recive.o(i.uwb_data_init)
    uxListRemove                             0x0800bedd   Thumb Code    40  list.o(i.uxListRemove)
    vApplicationGetIdleTaskMemory            0x0800bf05   Thumb Code    14  freertos.o(i.vApplicationGetIdleTaskMemory)
    vListInitialise                          0x0800bf1d   Thumb Code    26  list.o(i.vListInitialise)
    vListInitialiseItem                      0x0800bf37   Thumb Code     6  list.o(i.vListInitialiseItem)
    vListInsert                              0x0800bf3d   Thumb Code    52  list.o(i.vListInsert)
    vListInsertEnd                           0x0800bf71   Thumb Code    24  list.o(i.vListInsertEnd)
    vPortEnterCritical                       0x0800bf89   Thumb Code    76  port.o(i.vPortEnterCritical)
    vPortExitCritical                        0x0800bfdd   Thumb Code    56  port.o(i.vPortExitCritical)
    vPortFree                                0x0800c019   Thumb Code   150  heap_4.o(i.vPortFree)
    vPortSetupTimerInterrupt                 0x0800c0bd   Thumb Code    36  port.o(i.vPortSetupTimerInterrupt)
    vPortValidateInterruptPriority           0x0800c0e5   Thumb Code   106  port.o(i.vPortValidateInterruptPriority)
    vTaskDelay                               0x0800c15d   Thumb Code    82  tasks.o(i.vTaskDelay)
    vTaskResume                              0x0800c1b9   Thumb Code   128  tasks.o(i.vTaskResume)
    vTaskStartScheduler                      0x0800c249   Thumb Code   146  tasks.o(i.vTaskStartScheduler)
    vTaskSuspend                             0x0800c2f9   Thumb Code   210  tasks.o(i.vTaskSuspend)
    vTaskSuspendAll                          0x0800c3ed   Thumb Code    12  tasks.o(i.vTaskSuspendAll)
    vTaskSwitchContext                       0x0800c3fd   Thumb Code   118  tasks.o(i.vTaskSwitchContext)
    xPortStartScheduler                      0x0800c489   Thumb Code   330  port.o(i.xPortStartScheduler)
    xTaskCreate                              0x0800c5f1   Thumb Code   100  tasks.o(i.xTaskCreate)
    xTaskCreateStatic                        0x0800c655   Thumb Code   186  tasks.o(i.xTaskCreateStatic)
    xTaskGetTickCount                        0x0800c711   Thumb Code     6  tasks.o(i.xTaskGetTickCount)
    xTaskIncrementTick                       0x0800c71d   Thumb Code   282  tasks.o(i.xTaskIncrementTick)
    xTaskResumeAll                           0x0800c865   Thumb Code   224  tasks.o(i.xTaskResumeAll)
    xTaskResumeFromISR                       0x0800c969   Thumb Code   158  tasks.o(i.xTaskResumeFromISR)
    yaw_calibrate                            0x0800ca1d   Thumb Code   444  chassis_task.o(i.yaw_calibrate)
    yaw_calibrate_first                      0x0800cc0d   Thumb Code   676  chassis_task.o(i.yaw_calibrate_first)
    __aeabi_dneg                             0x0800ced5   Thumb Code     0  basic.o(x$fpl$basic)
    _dneg                                    0x0800ced5   Thumb Code     6  basic.o(x$fpl$basic)
    __aeabi_fneg                             0x0800cedb   Thumb Code     0  basic.o(x$fpl$basic)
    _fneg                                    0x0800cedb   Thumb Code     6  basic.o(x$fpl$basic)
    _dabs                                    0x0800cee1   Thumb Code     6  basic.o(x$fpl$basic)
    _fabs                                    0x0800cee7   Thumb Code     6  basic.o(x$fpl$basic)
    __aeabi_d2f                              0x0800ceed   Thumb Code     0  d2f.o(x$fpl$d2f)
    _d2f                                     0x0800ceed   Thumb Code    98  d2f.o(x$fpl$d2f)
    __aeabi_dadd                             0x0800cf51   Thumb Code     0  daddsub_clz.o(x$fpl$dadd)
    _dadd                                    0x0800cf51   Thumb Code   332  daddsub_clz.o(x$fpl$dadd)
    __fpl_dcheck_NaN1                        0x0800d0a1   Thumb Code    10  dcheck1.o(x$fpl$dcheck1)
    __fpl_dcmp_Inf                           0x0800d0b1   Thumb Code    24  dcmpi.o(x$fpl$dcmpinf)
    __aeabi_ddiv                             0x0800d0c9   Thumb Code     0  ddiv.o(x$fpl$ddiv)
    _ddiv                                    0x0800d0c9   Thumb Code   552  ddiv.o(x$fpl$ddiv)
    __aeabi_d2iz                             0x0800d379   Thumb Code     0  dfix.o(x$fpl$dfix)
    _dfix                                    0x0800d379   Thumb Code    94  dfix.o(x$fpl$dfix)
    __aeabi_i2d                              0x0800d3d7   Thumb Code     0  dflt_clz.o(x$fpl$dflt)
    _dflt                                    0x0800d3d7   Thumb Code    46  dflt_clz.o(x$fpl$dflt)
    __aeabi_l2d                              0x0800d405   Thumb Code     0  dfltll_clz.o(x$fpl$dfltll)
    _ll_sto_d                                0x0800d405   Thumb Code   162  dfltll_clz.o(x$fpl$dfltll)
    __aeabi_ui2d                             0x0800d4a7   Thumb Code     0  dflt_clz.o(x$fpl$dfltu)
    _dfltu                                   0x0800d4a7   Thumb Code    38  dflt_clz.o(x$fpl$dfltu)
    __aeabi_cdcmple                          0x0800d4cd   Thumb Code     0  dleqf.o(x$fpl$dleqf)
    _dcmple                                  0x0800d4cd   Thumb Code   120  dleqf.o(x$fpl$dleqf)
    __fpl_dcmple_InfNaN                      0x0800d52f   Thumb Code     0  dleqf.o(x$fpl$dleqf)
    __aeabi_dmul                             0x0800d545   Thumb Code     0  dmul.o(x$fpl$dmul)
    _dmul                                    0x0800d545   Thumb Code   332  dmul.o(x$fpl$dmul)
    __fpl_dnaninf                            0x0800d699   Thumb Code   156  dnaninf.o(x$fpl$dnaninf)
    __fpl_dretinf                            0x0800d735   Thumb Code    12  dretinf.o(x$fpl$dretinf)
    __aeabi_cdrcmple                         0x0800d741   Thumb Code     0  drleqf.o(x$fpl$drleqf)
    _drcmple                                 0x0800d741   Thumb Code   108  drleqf.o(x$fpl$drleqf)
    __aeabi_drsub                            0x0800d7ad   Thumb Code     0  daddsub_clz.o(x$fpl$drsb)
    _drsb                                    0x0800d7ad   Thumb Code    22  daddsub_clz.o(x$fpl$drsb)
    _dsqrt                                   0x0800d7c5   Thumb Code   404  dsqrt_umaal.o(x$fpl$dsqrt)
    __aeabi_dsub                             0x0800d95d   Thumb Code     0  daddsub_clz.o(x$fpl$dsub)
    _dsub                                    0x0800d95d   Thumb Code   464  daddsub_clz.o(x$fpl$dsub)
    __aeabi_f2d                              0x0800db31   Thumb Code     0  f2d.o(x$fpl$f2d)
    _f2d                                     0x0800db31   Thumb Code    86  f2d.o(x$fpl$f2d)
    __aeabi_ul2f                             0x0800db87   Thumb Code     0  ffltll_clz.o(x$fpl$ffltll)
    _ll_uto_f                                0x0800db87   Thumb Code     6  ffltll_clz.o(x$fpl$ffltll)
    __aeabi_l2f                              0x0800db8d   Thumb Code     0  ffltll_clz.o(x$fpl$ffltll)
    _ll_sto_f                                0x0800db8d   Thumb Code    90  ffltll_clz.o(x$fpl$ffltll)
    __fpl_fnaninf                            0x0800dbe7   Thumb Code   140  fnaninf.o(x$fpl$fnaninf)
    _fp_init                                 0x0800dc73   Thumb Code    10  fpinit.o(x$fpl$fpinit)
    __fplib_config_fpu_vfp                   0x0800dc7b   Thumb Code     0  fpinit.o(x$fpl$fpinit)
    __fplib_config_pureend_doubles           0x0800dc7b   Thumb Code     0  fpinit.o(x$fpl$fpinit)
    __fpl_fretinf                            0x0800dc7d   Thumb Code    10  fretinf.o(x$fpl$fretinf)
    __fpl_return_NaN                         0x0800dc87   Thumb Code   100  retnan.o(x$fpl$retnan)
    __ARM_scalbn                             0x0800dceb   Thumb Code    92  scalbn.o(x$fpl$scalbn)
    __fpl_cmpreturn                          0x0800dd47   Thumb Code    48  trapv.o(x$fpl$trapveneer)
    __I$use$fp                               0x0800dd76   Number         0  usenofp.o(x$fpl$usenofp)
    AHBPrescTable                            0x0800de74   Data          16  system_stm32f4xx.o(.constdata)
    APBPrescTable                            0x0800de84   Data           8  system_stm32f4xx.o(.constdata)
    __mathlib_zero                           0x0800e000   Data           8  qnan.o(.constdata)
    Region$$Table$$Base                      0x0800e190   Number         0  anon$$obj.o(Region$$Table)
    Region$$Table$$Limit                     0x0800e1b0   Number         0  anon$$obj.o(Region$$Table)
    uwb_receive_data                         0x20000000   Data           8  can_recive.o(.data)
    rx_data1                                 0x20000008   Data           8  can_recive.o(.data)
    rx_data2                                 0x20000010   Data           8  can_recive.o(.data)
    CAN_FLAG                                 0x20000030   Data           1  can_recive.o(.data)
    data_temp                                0x20000031   Data           8  can_recive.o(.data)
    final_yaw                                0x2000003a   Data           2  can_recive.o(.data)
    C_yaw                                    0x2000003c   Data           4  can_recive.o(.data)
    uwb_yaw                                  0x20000040   Data           4  can_recive.o(.data)
    first_C_yaw                              0x20000044   Data           4  can_recive.o(.data)
    t                                        0x20000048   Data           1  can_recive.o(.data)
    bianliang                                0x2000004a   Data           2  can_recive.o(.data)
    save                                     0x2000004c   Data           4  can_recive.o(.data)
    first_flag                               0x20000050   Data           1  can_recive.o(.data)
    REMOTE_TASKHandle                        0x20000054   Data           4  freertos.o(.data)
    CHASSIS_TASKHandle                       0x20000058   Data           4  freertos.o(.data)
    LED_FLOW_TASKHandle                      0x2000005c   Data           4  freertos.o(.data)
    DETECT_TASKHandle                        0x20000060   Data           4  freertos.o(.data)
    SERVO_TASKHandle                         0x20000064   Data           4  freertos.o(.data)
    WAYPOINT_TASKHandle                      0x20000068   Data           4  freertos.o(.data)
    LIFT_TASKHandle                          0x2000006c   Data           4  freertos.o(.data)
    Paw_TaskHandle                           0x20000070   Data           4  freertos.o(.data)
    IMU_TASKHandle                           0x20000074   Data           4  freertos.o(.data)
    SystemCoreClock                          0x2000007c   Data           4  system_stm32f4xx.o(.data)
    num                                      0x20000090   Data           4  chassis_task.o(.data)
    slow_down                                0x20000094   Data           1  chassis_task.o(.data)
    stop_flag                                0x20000095   Data           1  chassis_task.o(.data)
    over                                     0x20000096   Data           1  chassis_task.o(.data)
    yaw_calibrate_flag                       0x20000098   Data           4  chassis_task.o(.data)
    num_1_flag                               0x2000009c   Data           1  chassis_task.o(.data)
    num_3_flag                               0x2000009d   Data           1  chassis_task.o(.data)
    num_7_flag                               0x2000009e   Data           1  chassis_task.o(.data)
    num_9_flag                               0x2000009f   Data           1  chassis_task.o(.data)
    x                                        0x200000a0   Data           8  chassis_task.o(.data)
    y                                        0x200000a8   Data           8  chassis_task.o(.data)
    SYSTICK                                  0x200000b0   Data           4  chassis_task.o(.data)
    first                                    0x200000b4   Data           1  chassis_task.o(.data)
    mode_change                              0x200000b8   Data           4  chassis_task.o(.data)
    position_judge_flag                      0x200000bc   Data           4  chassis_task.o(.data)
    yaw_error                                0x200000c0   Data           4  chassis_task.o(.data)
    yaw_num                                  0x200000c4   Data           2  chassis_task.o(.data)
    current_time                             0x200000c8   Data           8  chassis_task.o(.data)
    last_time                                0x200000d0   Data           8  chassis_task.o(.data)
    time_save                                0x200000d8   Data           1  chassis_task.o(.data)
    turn_flag                                0x200000dc   Data           4  chassis_task.o(.data)
    init_flag                                0x200000e0   Data           4  chassis_task.o(.data)
    Lift_motor_data                          0x20000148   Data           4  lift_task.o(.data)
    last_ecd                                 0x2000014c   Data           2  lift_task.o(.data)
    ecd_sum                                  0x20000150   Data           8  lift_task.o(.data)
    circle_number                            0x20000158   Data           1  lift_task.o(.data)
    temp                                     0x20000159   Data           1  lift_task.o(.data)
    uwTick                                   0x20000174   Data           4  stm32f4xx_hal.o(.data)
    uwTickPrio                               0x20000178   Data           4  stm32f4xx_hal.o(.data)
    uwTickFreq                               0x2000017c   Data           1  stm32f4xx_hal.o(.data)
    pxCurrentTCB                             0x20000180   Data           4  tasks.o(.data)
    Revice_ChassisData                       0x20000248   Data          40  can_recive.o(.bss)
    Revice_LiftDATA                          0x20000270   Data          10  can_recive.o(.bss)
    Revice_GimbalData                        0x2000027a   Data          40  can_recive.o(.bss)
    hcan1                                    0x200004f8   Data          40  can.o(.bss)
    hcan2                                    0x20000520   Data          40  can.o(.bss)
    hspi5                                    0x20000548   Data          88  spi.o(.bss)
    htim1                                    0x200005a0   Data          72  tim.o(.bss)
    htim2                                    0x200005e8   Data          72  tim.o(.bss)
    htim7                                    0x20000630   Data          72  tim.o(.bss)
    htim8                                    0x20000678   Data          72  tim.o(.bss)
    huart7                                   0x200006c0   Data          68  usart.o(.bss)
    huart8                                   0x20000704   Data          68  usart.o(.bss)
    huart1                                   0x20000748   Data          68  usart.o(.bss)
    huart6                                   0x2000078c   Data          68  usart.o(.bss)
    hdma_uart7_tx                            0x200007d0   Data          96  usart.o(.bss)
    hdma_uart7_rx                            0x20000830   Data          96  usart.o(.bss)
    hdma_uart8_rx                            0x20000890   Data          96  usart.o(.bss)
    hdma_usart1_rx                           0x200008f0   Data          96  usart.o(.bss)
    htim6                                    0x20000950   Data          72  stm32f4xx_hal_timebase_tim.o(.bss)
    rc_ctrl                                  0x20000998   Data          22  remote_task.o(.bss)
    sbus_rx_buf                              0x200009ae   Data          72  remote_task.o(.bss)
    error_list                               0x200009f6   Data          72  detect_task.o(.bss)
    chassis_move                             0x20000a40   Data        1644  chassis_task.o(.bss)
    Lift_speed_pid                           0x20001110   Data          76  lift_task.o(.bss)
    Lift_ecd_pid                             0x2000115c   Data          76  lift_task.o(.bss)
    Waypoint                                 0x200011a8   Data         400  waypoint_task.o(.bss)
    point_data                               0x20001338   Data        2000  base_usart.o(.bss)
    __libspace_start                         0x200057f8   Data          96  libspace.o(.bss)
    __temporary_stack_top$libspace           0x20005858   Data           0  libspace.o(.bss)



==============================================================================

Memory Map of the image

  Image Entry point : 0x080001ad

  Load Region LR_IROM1 (Base: 0x08000000, Size: 0x0000e398, Max: 0x00100000, ABSOLUTE, COMPRESSED[0x0000e204])

    Execution Region ER_IROM1 (Exec base: 0x08000000, Load base: 0x08000000, Size: 0x0000e1b0, Max: 0x00100000, ABSOLUTE)

    Exec Addr    Load Addr    Size         Type   Attr      Idx    E Section Name        Object

    0x08000000   0x08000000   0x000001ac   Data   RO            3    RESET               startup_stm32f427xx.o
    0x080001ac   0x080001ac   0x00000008   Code   RO         6640  * !!!main             c_w.l(__main.o)
    0x080001b4   0x080001b4   0x00000034   Code   RO         7184    !!!scatter          c_w.l(__scatter.o)
    0x080001e8   0x080001e8   0x0000005a   Code   RO         7182    !!dczerorl2         c_w.l(__dczerorl2.o)
    0x08000242   0x08000242   0x00000002   PAD
    0x08000244   0x08000244   0x0000001c   Code   RO         7186    !!handler_zi        c_w.l(__scatter_zi.o)
    0x08000260   0x08000260   0x00000002   Code   RO         7052    .ARM.Collect$$libinit$$00000000  c_w.l(libinit.o)
    0x08000262   0x08000262   0x00000004   Code   RO         7053    .ARM.Collect$$libinit$$00000001  c_w.l(libinit2.o)
    0x08000266   0x08000266   0x00000000   Code   RO         7056    .ARM.Collect$$libinit$$00000004  c_w.l(libinit2.o)
    0x08000266   0x08000266   0x00000000   Code   RO         7059    .ARM.Collect$$libinit$$0000000A  c_w.l(libinit2.o)
    0x08000266   0x08000266   0x00000000   Code   RO         7061    .ARM.Collect$$libinit$$0000000C  c_w.l(libinit2.o)
    0x08000266   0x08000266   0x00000000   Code   RO         7063    .ARM.Collect$$libinit$$0000000E  c_w.l(libinit2.o)
    0x08000266   0x08000266   0x00000000   Code   RO         7066    .ARM.Collect$$libinit$$00000011  c_w.l(libinit2.o)
    0x08000266   0x08000266   0x00000000   Code   RO         7068    .ARM.Collect$$libinit$$00000013  c_w.l(libinit2.o)
    0x08000266   0x08000266   0x00000000   Code   RO         7070    .ARM.Collect$$libinit$$00000015  c_w.l(libinit2.o)
    0x08000266   0x08000266   0x00000000   Code   RO         7072    .ARM.Collect$$libinit$$00000017  c_w.l(libinit2.o)
    0x08000266   0x08000266   0x00000000   Code   RO         7074    .ARM.Collect$$libinit$$00000019  c_w.l(libinit2.o)
    0x08000266   0x08000266   0x00000000   Code   RO         7076    .ARM.Collect$$libinit$$0000001B  c_w.l(libinit2.o)
    0x08000266   0x08000266   0x00000000   Code   RO         7078    .ARM.Collect$$libinit$$0000001D  c_w.l(libinit2.o)
    0x08000266   0x08000266   0x00000000   Code   RO         7080    .ARM.Collect$$libinit$$0000001F  c_w.l(libinit2.o)
    0x08000266   0x08000266   0x00000000   Code   RO         7082    .ARM.Collect$$libinit$$00000021  c_w.l(libinit2.o)
    0x08000266   0x08000266   0x00000000   Code   RO         7084    .ARM.Collect$$libinit$$00000023  c_w.l(libinit2.o)
    0x08000266   0x08000266   0x00000000   Code   RO         7086    .ARM.Collect$$libinit$$00000025  c_w.l(libinit2.o)
    0x08000266   0x08000266   0x00000000   Code   RO         7090    .ARM.Collect$$libinit$$0000002C  c_w.l(libinit2.o)
    0x08000266   0x08000266   0x00000000   Code   RO         7092    .ARM.Collect$$libinit$$0000002E  c_w.l(libinit2.o)
    0x08000266   0x08000266   0x00000000   Code   RO         7094    .ARM.Collect$$libinit$$00000030  c_w.l(libinit2.o)
    0x08000266   0x08000266   0x00000000   Code   RO         7096    .ARM.Collect$$libinit$$00000032  c_w.l(libinit2.o)
    0x08000266   0x08000266   0x00000002   Code   RO         7097    .ARM.Collect$$libinit$$00000033  c_w.l(libinit2.o)
    0x08000268   0x08000268   0x00000002   Code   RO         7146    .ARM.Collect$$libshutdown$$00000000  c_w.l(libshutdown.o)
    0x0800026a   0x0800026a   0x00000000   Code   RO         7165    .ARM.Collect$$libshutdown$$00000002  c_w.l(libshutdown2.o)
    0x0800026a   0x0800026a   0x00000000   Code   RO         7167    .ARM.Collect$$libshutdown$$00000004  c_w.l(libshutdown2.o)
    0x0800026a   0x0800026a   0x00000000   Code   RO         7170    .ARM.Collect$$libshutdown$$00000007  c_w.l(libshutdown2.o)
    0x0800026a   0x0800026a   0x00000000   Code   RO         7173    .ARM.Collect$$libshutdown$$0000000A  c_w.l(libshutdown2.o)
    0x0800026a   0x0800026a   0x00000000   Code   RO         7175    .ARM.Collect$$libshutdown$$0000000C  c_w.l(libshutdown2.o)
    0x0800026a   0x0800026a   0x00000000   Code   RO         7178    .ARM.Collect$$libshutdown$$0000000F  c_w.l(libshutdown2.o)
    0x0800026a   0x0800026a   0x00000002   Code   RO         7179    .ARM.Collect$$libshutdown$$00000010  c_w.l(libshutdown2.o)
    0x0800026c   0x0800026c   0x00000000   Code   RO         6790    .ARM.Collect$$rtentry$$00000000  c_w.l(__rtentry.o)
    0x0800026c   0x0800026c   0x00000000   Code   RO         6957    .ARM.Collect$$rtentry$$00000002  c_w.l(__rtentry2.o)
    0x0800026c   0x0800026c   0x00000006   Code   RO         6969    .ARM.Collect$$rtentry$$00000004  c_w.l(__rtentry4.o)
    0x08000272   0x08000272   0x00000000   Code   RO         6959    .ARM.Collect$$rtentry$$00000009  c_w.l(__rtentry2.o)
    0x08000272   0x08000272   0x00000004   Code   RO         6960    .ARM.Collect$$rtentry$$0000000A  c_w.l(__rtentry2.o)
    0x08000276   0x08000276   0x00000000   Code   RO         6962    .ARM.Collect$$rtentry$$0000000C  c_w.l(__rtentry2.o)
    0x08000276   0x08000276   0x00000008   Code   RO         6963    .ARM.Collect$$rtentry$$0000000D  c_w.l(__rtentry2.o)
    0x0800027e   0x0800027e   0x00000002   Code   RO         7100    .ARM.Collect$$rtexit$$00000000  c_w.l(rtexit.o)
    0x08000280   0x08000280   0x00000000   Code   RO         7118    .ARM.Collect$$rtexit$$00000002  c_w.l(rtexit2.o)
    0x08000280   0x08000280   0x00000004   Code   RO         7119    .ARM.Collect$$rtexit$$00000003  c_w.l(rtexit2.o)
    0x08000284   0x08000284   0x00000006   Code   RO         7120    .ARM.Collect$$rtexit$$00000004  c_w.l(rtexit2.o)
    0x0800028a   0x0800028a   0x00000002   PAD
    0x0800028c   0x0800028c   0x000000be   Code   RO         6515    .emb_text           port.o
    0x0800034a   0x0800034a   0x00000002   PAD
    0x0800034c   0x0800034c   0x00000040   Code   RO            4    .text               startup_stm32f427xx.o
    0x0800038c   0x0800038c   0x00000002   Code   RO         6594    .text               c_w.l(use_no_semi_2.o)
    0x0800038e   0x0800038e   0x000000ee   Code   RO         6596    .text               c_w.l(lludivv7m.o)
    0x0800047c   0x0800047c   0x00000064   Code   RO         6632    .text               c_w.l(rt_memcpy_w.o)
    0x080004e0   0x080004e0   0x0000004e   Code   RO         6636    .text               c_w.l(rt_memclr_w.o)
    0x0800052e   0x0800052e   0x00000006   Code   RO         6638    .text               c_w.l(heapauxi.o)
    0x08000534   0x08000534   0x00000002   Code   RO         6788    .text               c_w.l(use_no_semi.o)
    0x08000536   0x08000536   0x00000016   Code   RO         6795    .text               c_w.l(_rserrno.o)
    0x0800054c   0x0800054c   0x00000008   Code   RO         6981    .text               c_w.l(rt_errno_addr_intlibspace.o)
    0x08000554   0x08000554   0x00000008   Code   RO         7032    .text               c_w.l(libspace.o)
    0x0800055c   0x0800055c   0x0000004a   Code   RO         7035    .text               c_w.l(sys_stackheap_outer.o)
    0x080005a6   0x080005a6   0x00000012   Code   RO         7039    .text               c_w.l(exit.o)
    0x080005b8   0x080005b8   0x000002f0   Code   RO         1290    i.AGV_Speed_calc    chassis_task.o
    0x080008a8   0x080008a8   0x00000448   Code   RO         1291    i.AUTO_AGV_Angle_calc  chassis_task.o
    0x08000cf0   0x08000cf0   0x00000026   Code   RO         1633    i.Angle_Limit       filter.o
    0x08000d16   0x08000d16   0x00000002   PAD
    0x08000d18   0x08000d18   0x00000218   Code   RO         1292    i.Auto_chassis_AGV_wheel_angle  chassis_task.o
    0x08000f30   0x08000f30   0x00000042   Code   RO         1293    i.Auto_chassis_AGV_wheel_speed  chassis_task.o
    0x08000f72   0x08000f72   0x00000002   PAD
    0x08000f74   0x08000f74   0x000001a8   Code   RO         1294    i.Auto_pid_caculate  chassis_task.o
    0x0800111c   0x0800111c   0x00000004   Code   RO         1747    i.BusFault_Handler  stm32f4xx_it.o
    0x08001120   0x08001120   0x00000010   Code   RO         1748    i.CAN1_RX0_IRQHandler  stm32f4xx_it.o
    0x08001130   0x08001130   0x00000010   Code   RO         1749    i.CAN1_RX1_IRQHandler  stm32f4xx_it.o
    0x08001140   0x08001140   0x00000010   Code   RO         1750    i.CAN2_RX0_IRQHandler  stm32f4xx_it.o
    0x08001150   0x08001150   0x00000010   Code   RO         1751    i.CAN2_RX1_IRQHandler  stm32f4xx_it.o
    0x08001160   0x08001160   0x00000050   Code   RO          214    i.CAN_cmd_Lift      can_recive.o
    0x080011b0   0x080011b0   0x00000050   Code   RO          215    i.CAN_cmd_chassis   can_recive.o
    0x08001200   0x08001200   0x00000050   Code   RO          216    i.CAN_cmd_gimbal    can_recive.o
    0x08001250   0x08001250   0x00000250   Code   RO          217    i.C_yaw_caculate    can_recive.o
    0x080014a0   0x080014a0   0x00000064   Code   RO          219    i.Cha_Get_Motor_Data  can_recive.o
    0x08001504   0x08001504   0x00000036   Code   RO         1295    i.Chassis_AGV_wheel_speed  chassis_task.o
    0x0800153a   0x0800153a   0x00000002   PAD
    0x0800153c   0x0800153c   0x00000050   Code   RO         1296    i.Chassis_Me_To_Target_Angle  chassis_task.o
    0x0800158c   0x0800158c   0x000000a0   Code   RO         1297    i.Chassis_Me_To_Target_Distance  chassis_task.o
    0x0800162c   0x0800162c   0x0000001a   Code   RO         1298    i.Chassis_Me_To_Target_X_Distance  chassis_task.o
    0x08001646   0x08001646   0x0000001a   Code   RO         1299    i.Chassis_Me_To_Target_Y_Distance  chassis_task.o
    0x08001660   0x08001660   0x00000244   Code   RO         1300    i.Chassis_mode_change  chassis_task.o
    0x080018a4   0x080018a4   0x00000160   Code   RO         1301    i.Chassis_rc_to_control_vector  chassis_task.o
    0x08001a04   0x08001a04   0x00000010   Code   RO         1752    i.DMA1_Stream1_IRQHandler  stm32f4xx_it.o
    0x08001a14   0x08001a14   0x00000010   Code   RO         1753    i.DMA1_Stream3_IRQHandler  stm32f4xx_it.o
    0x08001a24   0x08001a24   0x00000010   Code   RO         1754    i.DMA1_Stream6_IRQHandler  stm32f4xx_it.o
    0x08001a34   0x08001a34   0x00000010   Code   RO         1755    i.DMA2_Stream2_IRQHandler  stm32f4xx_it.o
    0x08001a44   0x08001a44   0x00000034   Code   RO         2854    i.DMA_CalcBaseAndBitshift  stm32f4xx_hal_dma.o
    0x08001a78   0x08001a78   0x000000aa   Code   RO         2855    i.DMA_CheckFifoParam  stm32f4xx_hal_dma.o
    0x08001b22   0x08001b22   0x0000002c   Code   RO         2856    i.DMA_SetConfig     stm32f4xx_hal_dma.o
    0x08001b4e   0x08001b4e   0x00000002   Code   RO         1756    i.DebugMon_Handler  stm32f4xx_it.o
    0x08001b50   0x08001b50   0x00000006   Code   RO          567    i.Error_Handler     main.o
    0x08001b56   0x08001b56   0x00000002   PAD
    0x08001b58   0x08001b58   0x000000a4   Code   RO         1302    i.Find_min_Angle    chassis_task.o
    0x08001bfc   0x08001bfc   0x00000064   Code   RO          220    i.Gim_Get_Motor_Data  can_recive.o
    0x08001c60   0x08001c60   0x0000002a   Code   RO         2060    i.HAL_CAN_ActivateNotification  stm32f4xx_hal_can.o
    0x08001c8a   0x08001c8a   0x00000156   Code   RO         2061    i.HAL_CAN_AddTxMessage  stm32f4xx_hal_can.o
    0x08001de0   0x08001de0   0x00000124   Code   RO         2062    i.HAL_CAN_ConfigFilter  stm32f4xx_hal_can.o
    0x08001f04   0x08001f04   0x00000002   Code   RO         2065    i.HAL_CAN_ErrorCallback  stm32f4xx_hal_can.o
    0x08001f06   0x08001f06   0x0000017a   Code   RO         2068    i.HAL_CAN_GetRxMessage  stm32f4xx_hal_can.o
    0x08002080   0x08002080   0x0000024e   Code   RO         2072    i.HAL_CAN_IRQHandler  stm32f4xx_hal_can.o
    0x080022ce   0x080022ce   0x00000174   Code   RO         2073    i.HAL_CAN_Init      stm32f4xx_hal_can.o
    0x08002442   0x08002442   0x00000002   PAD
    0x08002444   0x08002444   0x00000184   Code   RO          774    i.HAL_CAN_MspInit   can.o
    0x080025c8   0x080025c8   0x00000002   Code   RO         2080    i.HAL_CAN_RxFifo0FullCallback  stm32f4xx_hal_can.o
    0x080025ca   0x080025ca   0x00000002   PAD
    0x080025cc   0x080025cc   0x000000f0   Code   RO          221    i.HAL_CAN_RxFifo0MsgPendingCallback  can_recive.o
    0x080026bc   0x080026bc   0x00000002   Code   RO         2082    i.HAL_CAN_RxFifo1FullCallback  stm32f4xx_hal_can.o
    0x080026be   0x080026be   0x00000002   Code   RO         2083    i.HAL_CAN_RxFifo1MsgPendingCallback  stm32f4xx_hal_can.o
    0x080026c0   0x080026c0   0x00000002   Code   RO         2084    i.HAL_CAN_SleepCallback  stm32f4xx_hal_can.o
    0x080026c2   0x080026c2   0x0000005e   Code   RO         2085    i.HAL_CAN_Start     stm32f4xx_hal_can.o
    0x08002720   0x08002720   0x00000002   Code   RO         2087    i.HAL_CAN_TxMailbox0AbortCallback  stm32f4xx_hal_can.o
    0x08002722   0x08002722   0x00000002   Code   RO         2088    i.HAL_CAN_TxMailbox0CompleteCallback  stm32f4xx_hal_can.o
    0x08002724   0x08002724   0x00000002   Code   RO         2089    i.HAL_CAN_TxMailbox1AbortCallback  stm32f4xx_hal_can.o
    0x08002726   0x08002726   0x00000002   Code   RO         2090    i.HAL_CAN_TxMailbox1CompleteCallback  stm32f4xx_hal_can.o
    0x08002728   0x08002728   0x00000002   Code   RO         2091    i.HAL_CAN_TxMailbox2AbortCallback  stm32f4xx_hal_can.o
    0x0800272a   0x0800272a   0x00000002   Code   RO         2092    i.HAL_CAN_TxMailbox2CompleteCallback  stm32f4xx_hal_can.o
    0x0800272c   0x0800272c   0x00000002   Code   RO         2094    i.HAL_CAN_WakeUpFromRxMsgCallback  stm32f4xx_hal_can.o
    0x0800272e   0x0800272e   0x000000ac   Code   RO         2857    i.HAL_DMA_Abort     stm32f4xx_hal_dma.o
    0x080027da   0x080027da   0x00000028   Code   RO         2858    i.HAL_DMA_Abort_IT  stm32f4xx_hal_dma.o
    0x08002802   0x08002802   0x00000002   PAD
    0x08002804   0x08002804   0x00000240   Code   RO         2862    i.HAL_DMA_IRQHandler  stm32f4xx_hal_dma.o
    0x08002a44   0x08002a44   0x000000ec   Code   RO         2863    i.HAL_DMA_Init      stm32f4xx_hal_dma.o
    0x08002b30   0x08002b30   0x00000092   Code   RO         2867    i.HAL_DMA_Start_IT  stm32f4xx_hal_dma.o
    0x08002bc2   0x08002bc2   0x00000002   PAD
    0x08002bc4   0x08002bc4   0x00000210   Code   RO         2750    i.HAL_GPIO_Init     stm32f4xx_hal_gpio.o
    0x08002dd4   0x08002dd4   0x00000010   Code   RO         2752    i.HAL_GPIO_ReadPin  stm32f4xx_hal_gpio.o
    0x08002de4   0x08002de4   0x0000000c   Code   RO         2754    i.HAL_GPIO_WritePin  stm32f4xx_hal_gpio.o
    0x08002df0   0x08002df0   0x0000000c   Code   RO         3307    i.HAL_GetTick       stm32f4xx_hal.o
    0x08002dfc   0x08002dfc   0x00000018   Code   RO         3313    i.HAL_IncTick       stm32f4xx_hal.o
    0x08002e14   0x08002e14   0x0000003c   Code   RO         3314    i.HAL_Init          stm32f4xx_hal.o
    0x08002e50   0x08002e50   0x000000b4   Code   RO         1038    i.HAL_InitTick      stm32f4xx_hal_timebase_tim.o
    0x08002f04   0x08002f04   0x00000054   Code   RO         1014    i.HAL_MspInit       stm32f4xx_hal_msp.o
    0x08002f58   0x08002f58   0x00000020   Code   RO         3157    i.HAL_NVIC_EnableIRQ  stm32f4xx_hal_cortex.o
    0x08002f78   0x08002f78   0x0000007c   Code   RO         3163    i.HAL_NVIC_SetPriority  stm32f4xx_hal_cortex.o
    0x08002ff4   0x08002ff4   0x00000028   Code   RO         3164    i.HAL_NVIC_SetPriorityGrouping  stm32f4xx_hal_cortex.o
    0x0800301c   0x0800301c   0x00000044   Code   RO         3165    i.HAL_NVIC_SystemReset  stm32f4xx_hal_cortex.o
    0x08003060   0x08003060   0x00000184   Code   RO         2294    i.HAL_RCC_ClockConfig  stm32f4xx_hal_rcc.o
    0x080031e4   0x080031e4   0x00000044   Code   RO         2298    i.HAL_RCC_GetClockConfig  stm32f4xx_hal_rcc.o
    0x08003228   0x08003228   0x0000000c   Code   RO         2299    i.HAL_RCC_GetHCLKFreq  stm32f4xx_hal_rcc.o
    0x08003234   0x08003234   0x00000020   Code   RO         2301    i.HAL_RCC_GetPCLK1Freq  stm32f4xx_hal_rcc.o
    0x08003254   0x08003254   0x00000020   Code   RO         2302    i.HAL_RCC_GetPCLK2Freq  stm32f4xx_hal_rcc.o
    0x08003274   0x08003274   0x000000b0   Code   RO         2303    i.HAL_RCC_GetSysClockFreq  stm32f4xx_hal_rcc.o
    0x08003324   0x08003324   0x0000049c   Code   RO         2306    i.HAL_RCC_OscConfig  stm32f4xx_hal_rcc.o
    0x080037c0   0x080037c0   0x000000c8   Code   RO         3573    i.HAL_SPI_Init      stm32f4xx_hal_spi.o
    0x08003888   0x08003888   0x00000088   Code   RO          847    i.HAL_SPI_MspInit   spi.o
    0x08003910   0x08003910   0x00000002   Code   RO         4601    i.HAL_TIMEx_BreakCallback  stm32f4xx_hal_tim_ex.o
    0x08003912   0x08003912   0x00000002   Code   RO         4602    i.HAL_TIMEx_CommutCallback  stm32f4xx_hal_tim_ex.o
    0x08003914   0x08003914   0x00000074   Code   RO         4604    i.HAL_TIMEx_ConfigBreakDeadTime  stm32f4xx_hal_tim_ex.o
    0x08003988   0x08003988   0x000000b4   Code   RO         4620    i.HAL_TIMEx_MasterConfigSynchronization  stm32f4xx_hal_tim_ex.o
    0x08003a3c   0x08003a3c   0x00000066   Code   RO         3886    i.HAL_TIM_Base_Init  stm32f4xx_hal_tim.o
    0x08003aa2   0x08003aa2   0x00000002   PAD
    0x08003aa4   0x08003aa4   0x000000d0   Code   RO          889    i.HAL_TIM_Base_MspInit  tim.o
    0x08003b74   0x08003b74   0x000000a8   Code   RO         3891    i.HAL_TIM_Base_Start_IT  stm32f4xx_hal_tim.o
    0x08003c1c   0x08003c1c   0x0000010c   Code   RO         3895    i.HAL_TIM_ConfigClockSource  stm32f4xx_hal_tim.o
    0x08003d28   0x08003d28   0x00000002   Code   RO         3920    i.HAL_TIM_IC_CaptureCallback  stm32f4xx_hal_tim.o
    0x08003d2a   0x08003d2a   0x00000196   Code   RO         3934    i.HAL_TIM_IRQHandler  stm32f4xx_hal_tim.o
    0x08003ec0   0x08003ec0   0x000000f4   Code   RO          890    i.HAL_TIM_MspPostInit  tim.o
    0x08003fb4   0x08003fb4   0x00000002   Code   RO         3937    i.HAL_TIM_OC_DelayElapsedCallback  stm32f4xx_hal_tim.o
    0x08003fb6   0x08003fb6   0x00000104   Code   RO         3958    i.HAL_TIM_PWM_ConfigChannel  stm32f4xx_hal_tim.o
    0x080040ba   0x080040ba   0x00000066   Code   RO         3961    i.HAL_TIM_PWM_Init  stm32f4xx_hal_tim.o
    0x08004120   0x08004120   0x00000002   Code   RO         3963    i.HAL_TIM_PWM_MspInit  stm32f4xx_hal_tim.o
    0x08004122   0x08004122   0x00000002   Code   RO         3964    i.HAL_TIM_PWM_PulseFinishedCallback  stm32f4xx_hal_tim.o
    0x08004124   0x08004124   0x0000010c   Code   RO         3966    i.HAL_TIM_PWM_Start  stm32f4xx_hal_tim.o
    0x08004230   0x08004230   0x00000018   Code   RO          568    i.HAL_TIM_PeriodElapsedCallback  main.o
    0x08004248   0x08004248   0x00000002   Code   RO         3977    i.HAL_TIM_TriggerCallback  stm32f4xx_hal_tim.o
    0x0800424a   0x0800424a   0x00000002   Code   RO         4879    i.HAL_UARTEx_RxEventCallback  stm32f4xx_hal_uart.o
    0x0800424c   0x0800424c   0x00000002   Code   RO         4893    i.HAL_UART_ErrorCallback  stm32f4xx_hal_uart.o
    0x0800424e   0x0800424e   0x00000002   PAD
    0x08004250   0x08004250   0x000002e0   Code   RO         4896    i.HAL_UART_IRQHandler  stm32f4xx_hal_uart.o
    0x08004530   0x08004530   0x00000072   Code   RO         4897    i.HAL_UART_Init     stm32f4xx_hal_uart.o
    0x080045a2   0x080045a2   0x00000002   PAD
    0x080045a4   0x080045a4   0x00000338   Code   RO          955    i.HAL_UART_MspInit  usart.o
    0x080048dc   0x080048dc   0x00000042   Code   RO         4902    i.HAL_UART_Receive_IT  stm32f4xx_hal_uart.o
    0x0800491e   0x0800491e   0x00000002   PAD
    0x08004920   0x08004920   0x0000009c   Code   RO          222    i.HAL_UART_RxCpltCallback  can_recive.o
    0x080049bc   0x080049bc   0x00000002   Code   RO         4904    i.HAL_UART_RxHalfCpltCallback  stm32f4xx_hal_uart.o
    0x080049be   0x080049be   0x000000d2   Code   RO         4905    i.HAL_UART_Transmit  stm32f4xx_hal_uart.o
    0x08004a90   0x08004a90   0x00000058   Code   RO         4907    i.HAL_UART_Transmit_IT  stm32f4xx_hal_uart.o
    0x08004ae8   0x08004ae8   0x00000018   Code   RO          223    i.HAL_UART_TxCpltCallback  can_recive.o
    0x08004b00   0x08004b00   0x00000004   Code   RO         1757    i.HardFault_Handler  stm32f4xx_it.o
    0x08004b04   0x08004b04   0x00000034   Code   RO          224    i.Lift_Get_Motor_Data  can_recive.o
    0x08004b38   0x08004b38   0x00000044   Code   RO          775    i.MX_CAN1_Init      can.o
    0x08004b7c   0x08004b7c   0x00000044   Code   RO          776    i.MX_CAN2_Init      can.o
    0x08004bc0   0x08004bc0   0x00000088   Code   RO          822    i.MX_DMA_Init       dma.o
    0x08004c48   0x08004c48   0x00000108   Code   RO          672    i.MX_FREERTOS_Init  freertos.o
    0x08004d50   0x08004d50   0x00000178   Code   RO          648    i.MX_GPIO_Init      gpio.o
    0x08004ec8   0x08004ec8   0x00000044   Code   RO          848    i.MX_SPI5_Init      spi.o
    0x08004f0c   0x08004f0c   0x000000d8   Code   RO          891    i.MX_TIM1_Init      tim.o
    0x08004fe4   0x08004fe4   0x000000d0   Code   RO          892    i.MX_TIM2_Init      tim.o
    0x080050b4   0x080050b4   0x0000004c   Code   RO          893    i.MX_TIM7_Init      tim.o
    0x08005100   0x08005100   0x00000108   Code   RO          894    i.MX_TIM8_Init      tim.o
    0x08005208   0x08005208   0x00000038   Code   RO          956    i.MX_UART7_Init     usart.o
    0x08005240   0x08005240   0x00000038   Code   RO          957    i.MX_UART8_Init     usart.o
    0x08005278   0x08005278   0x00000038   Code   RO          958    i.MX_USART1_UART_Init  usart.o
    0x080052b0   0x080052b0   0x00000038   Code   RO          959    i.MX_USART6_UART_Init  usart.o
    0x080052e8   0x080052e8   0x00000004   Code   RO         1758    i.MemManage_Handler  stm32f4xx_it.o
    0x080052ec   0x080052ec   0x00000004   Code   RO         1759    i.NMI_Handler       stm32f4xx_it.o
    0x080052f0   0x080052f0   0x0000000a   Code   RO          673    i.PAW_Task          freertos.o
    0x080052fa   0x080052fa   0x0000004e   Code   RO         1303    i.PID_CLEAR_ALL     chassis_task.o
    0x08005348   0x08005348   0x00000170   Code   RO          157    i.PID_Calc_Angle    pid.o
    0x080054b8   0x080054b8   0x00000218   Code   RO          158    i.PID_Calc_Ecd      pid.o
    0x080056d0   0x080056d0   0x0000035c   Code   RO          159    i.PID_calc          pid.o
    0x08005a2c   0x08005a2c   0x0000004c   Code   RO          160    i.PID_clear         pid.o
    0x08005a78   0x08005a78   0x00000060   Code   RO          161    i.PID_init          pid.o
    0x08005ad8   0x08005ad8   0x000000e8   Code   RO         1304    i.Pid_caculate      chassis_task.o
    0x08005bc0   0x08005bc0   0x0000057c   Code   RO         1305    i.Polar_To_Stright  chassis_task.o
    0x0800613c   0x0800613c   0x00000010   Code   RO         1114    i.RC_abs            remote_task.o
    0x0800614c   0x0800614c   0x00000098   Code   RO         1115    i.RC_data_is_error  remote_task.o
    0x080061e4   0x080061e4   0x0000009c   Code   RO           13    i.RC_init           bsp_rc.o
    0x08006280   0x08006280   0x00000050   Code   RO           14    i.RC_restart        bsp_rc.o
    0x080062d0   0x080062d0   0x00000060   Code   RO         1306    i.Remote_RESET      chassis_task.o
    0x08006330   0x08006330   0x0000015c   Code   RO         1307    i.Robot_coordinate  chassis_task.o
    0x0800648c   0x0800648c   0x000000b0   Code   RO         1883    i.Sensor_Get        waypoint_task.o
    0x0800653c   0x0800653c   0x000000c4   Code   RO         1308    i.Speed_Toggle      chassis_task.o
    0x08006600   0x08006600   0x00000034   Code   RO         6516    i.SysTick_Handler   port.o
    0x08006634   0x08006634   0x000000b4   Code   RO          569    i.SystemClock_Config  main.o
    0x080066e8   0x080066e8   0x00000014   Code   RO         1078    i.SystemInit        system_stm32f4xx.o
    0x080066fc   0x080066fc   0x00000010   Code   RO         1760    i.TIM6_DAC_IRQHandler  stm32f4xx_it.o
    0x0800670c   0x0800670c   0x00000010   Code   RO         1761    i.TIM7_IRQHandler   stm32f4xx_it.o
    0x0800671c   0x0800671c   0x000000d8   Code   RO         3979    i.TIM_Base_SetConfig  stm32f4xx_hal_tim.o
    0x080067f4   0x080067f4   0x00000022   Code   RO         3980    i.TIM_CCxChannelCmd  stm32f4xx_hal_tim.o
    0x08006816   0x08006816   0x00000016   Code   RO         3990    i.TIM_ETR_SetConfig  stm32f4xx_hal_tim.o
    0x0800682c   0x0800682c   0x00000012   Code   RO         3991    i.TIM_ITRx_SetConfig  stm32f4xx_hal_tim.o
    0x0800683e   0x0800683e   0x00000002   PAD
    0x08006840   0x08006840   0x00000070   Code   RO         3992    i.TIM_OC1_SetConfig  stm32f4xx_hal_tim.o
    0x080068b0   0x080068b0   0x0000007c   Code   RO         3993    i.TIM_OC2_SetConfig  stm32f4xx_hal_tim.o
    0x0800692c   0x0800692c   0x00000078   Code   RO         3994    i.TIM_OC3_SetConfig  stm32f4xx_hal_tim.o
    0x080069a4   0x080069a4   0x00000054   Code   RO         3995    i.TIM_OC4_SetConfig  stm32f4xx_hal_tim.o
    0x080069f8   0x080069f8   0x00000026   Code   RO         3997    i.TIM_TI1_ConfigInputStage  stm32f4xx_hal_tim.o
    0x08006a1e   0x08006a1e   0x00000028   Code   RO         3999    i.TIM_TI2_ConfigInputStage  stm32f4xx_hal_tim.o
    0x08006a46   0x08006a46   0x00000002   PAD
    0x08006a48   0x08006a48   0x0000003c   Code   RO         1309    i.Top_6020_enforce  chassis_task.o
    0x08006a84   0x08006a84   0x00000014   Code   RO         1762    i.UART7_IRQHandler  stm32f4xx_it.o
    0x08006a98   0x08006a98   0x00000010   Code   RO         1763    i.UART8_IRQHandler  stm32f4xx_it.o
    0x08006aa8   0x08006aa8   0x00000014   Code   RO         4910    i.UART_DMAAbortOnError  stm32f4xx_hal_uart.o
    0x08006abc   0x08006abc   0x00000050   Code   RO         4911    i.UART_DMAError     stm32f4xx_hal_uart.o
    0x08006b0c   0x08006b0c   0x000000b0   Code   RO         4912    i.UART_DMAReceiveCplt  stm32f4xx_hal_uart.o
    0x08006bbc   0x08006bbc   0x00000020   Code   RO         4914    i.UART_DMARxHalfCplt  stm32f4xx_hal_uart.o
    0x08006bdc   0x08006bdc   0x0000006c   Code   RO         4920    i.UART_EndRxTransfer  stm32f4xx_hal_uart.o
    0x08006c48   0x08006c48   0x00000020   Code   RO         4921    i.UART_EndTransmit_IT  stm32f4xx_hal_uart.o
    0x08006c68   0x08006c68   0x00000026   Code   RO         4922    i.UART_EndTxTransfer  stm32f4xx_hal_uart.o
    0x08006c8e   0x08006c8e   0x000000f8   Code   RO         4923    i.UART_Receive_IT   stm32f4xx_hal_uart.o
    0x08006d86   0x08006d86   0x00000002   PAD
    0x08006d88   0x08006d88   0x0000022c   Code   RO         4924    i.UART_SetConfig    stm32f4xx_hal_uart.o
    0x08006fb4   0x08006fb4   0x000000d0   Code   RO         4925    i.UART_Start_Receive_DMA  stm32f4xx_hal_uart.o
    0x08007084   0x08007084   0x0000004a   Code   RO         4926    i.UART_Start_Receive_IT  stm32f4xx_hal_uart.o
    0x080070ce   0x080070ce   0x00000060   Code   RO         4927    i.UART_Transmit_IT  stm32f4xx_hal_uart.o
    0x0800712e   0x0800712e   0x00000092   Code   RO         4928    i.UART_WaitOnFlagUntilTimeout  stm32f4xx_hal_uart.o
    0x080071c0   0x080071c0   0x00000130   Code   RO         1116    i.USART1_IRQHandler  remote_task.o
    0x080072f0   0x080072f0   0x00000010   Code   RO         1764    i.USART6_IRQHandler  stm32f4xx_it.o
    0x08007300   0x08007300   0x00000004   Code   RO         1765    i.UsageFault_Handler  stm32f4xx_it.o
    0x08007304   0x08007304   0x000001a0   Code   RO         1884    i.Waypoint_Init     waypoint_task.o
    0x080074a4   0x080074a4   0x0000001c   Code   RO         1885    i.Waypoint_Write    waypoint_task.o
    0x080074c0   0x080074c0   0x0000003c   Code   RO         1886    i.Waypoint_task     waypoint_task.o
    0x080074fc   0x080074fc   0x00000030   Code   RO         6921    i.__ARM_fpclassify  m_wm.l(fpclassify.o)
    0x0800752c   0x0800752c   0x00000026   Code   RO         6923    i.__ARM_fpclassifyf  m_wm.l(fpclassifyf.o)
    0x08007552   0x08007552   0x00000002   PAD
    0x08007554   0x08007554   0x00000010   Code   RO         3170    i.__NVIC_GetPriorityGrouping  stm32f4xx_hal_cortex.o
    0x08007564   0x08007564   0x00000028   Code   RO         3171    i.__NVIC_SetPriority  stm32f4xx_hal_cortex.o
    0x0800758c   0x0800758c   0x00000004   PAD
    0x08007590   0x08007590   0x000002d8   Code   RO         6890    i.__hardfp_atan     m_wm.l(atan.o)
    0x08007868   0x08007868   0x000001f0   Code   RO         6696    i.__hardfp_atan2    m_wm.l(atan2.o)
    0x08007a58   0x08007a58   0x000000c8   Code   RO         6708    i.__hardfp_cos      m_wm.l(cos.o)
    0x08007b20   0x08007b20   0x00000150   Code   RO         6720    i.__hardfp_cosf     m_wm.l(cosf.o)
    0x08007c70   0x08007c70   0x00000014   Code   RO         6732    i.__hardfp_fabs     m_wm.l(fabs.o)
    0x08007c84   0x08007c84   0x00000004   PAD
    0x08007c88   0x08007c88   0x00000c50   Code   RO         6738    i.__hardfp_pow      m_wm.l(pow.o)
    0x080088d8   0x080088d8   0x000000c8   Code   RO         6752    i.__hardfp_sin      m_wm.l(sin.o)
    0x080089a0   0x080089a0   0x00000190   Code   RO         6764    i.__hardfp_sinf     m_wm.l(sinf.o)
    0x08008b30   0x08008b30   0x0000007a   Code   RO         6776    i.__hardfp_sqrt     m_wm.l(sqrt.o)
    0x08008baa   0x08008baa   0x00000006   PAD
    0x08008bb0   0x08008bb0   0x00000438   Code   RO         6942    i.__ieee754_rem_pio2  m_wm.l(rred.o)
    0x08008fe8   0x08008fe8   0x00000170   Code   RO         6904    i.__kernel_cos      m_wm.l(cos_i.o)
    0x08009158   0x08009158   0x000000f8   Code   RO         6939    i.__kernel_poly     m_wm.l(poly.o)
    0x08009250   0x08009250   0x00000130   Code   RO         6950    i.__kernel_sin      m_wm.l(sin_i.o)
    0x08009380   0x08009380   0x00000030   Code   RO         6907    i.__mathlib_dbl_divzero  m_wm.l(dunder.o)
    0x080093b0   0x080093b0   0x00000014   Code   RO         6908    i.__mathlib_dbl_infnan  m_wm.l(dunder.o)
    0x080093c4   0x080093c4   0x00000014   Code   RO         6909    i.__mathlib_dbl_infnan2  m_wm.l(dunder.o)
    0x080093d8   0x080093d8   0x00000020   Code   RO         6910    i.__mathlib_dbl_invalid  m_wm.l(dunder.o)
    0x080093f8   0x080093f8   0x00000020   Code   RO         6911    i.__mathlib_dbl_overflow  m_wm.l(dunder.o)
    0x08009418   0x08009418   0x00000020   Code   RO         6913    i.__mathlib_dbl_underflow  m_wm.l(dunder.o)
    0x08009438   0x08009438   0x00000006   Code   RO         6926    i.__mathlib_flt_infnan  m_wm.l(funder.o)
    0x0800943e   0x0800943e   0x00000002   PAD
    0x08009440   0x08009440   0x00000010   Code   RO         6928    i.__mathlib_flt_invalid  m_wm.l(funder.o)
    0x08009450   0x08009450   0x00000010   Code   RO         6931    i.__mathlib_flt_underflow  m_wm.l(funder.o)
    0x08009460   0x08009460   0x00000154   Code   RO         6947    i.__mathlib_rredf2  m_wm.l(rredf.o)
    0x080095b4   0x080095b4   0x00000004   Code   RO          570    i._sys_exit         main.o
    0x080095b8   0x080095b8   0x00000070   Code   RO         1310    i.angle_judge       chassis_task.o
    0x08009628   0x08009628   0x00000010   Code   RO         6892    i.atan              m_wm.l(atan.o)
    0x08009638   0x08009638   0x00000134   Code   RO         1311    i.automatic_control_chassis_init  chassis_task.o
    0x0800976c   0x0800976c   0x0000005c   Code   RO          225    i.canfilter_init_start  can_recive.o
    0x080097c8   0x080097c8   0x000000d0   Code   RO         1312    i.cast_function     chassis_task.o
    0x08009898   0x08009898   0x0000003c   Code   RO         1313    i.chassis_remote_control_loop  chassis_task.o
    0x080098d4   0x080098d4   0x00000134   Code   RO         1314    i.chassis_task      chassis_task.o
    0x08009a08   0x08009a08   0x00000016   Code   RO         1315    i.clear_step        chassis_task.o
    0x08009a1e   0x08009a1e   0x00000002   PAD
    0x08009a20   0x08009a20   0x00000124   Code   RO         1216    i.detect_hook       detect_task.o
    0x08009b44   0x08009b44   0x00000178   Code   RO         1217    i.detect_init       detect_task.o
    0x08009cbc   0x08009cbc   0x0000027c   Code   RO         1218    i.detect_task       detect_task.o
    0x08009f38   0x08009f38   0x00000028   Code   RO          162    i.ecd_zero          pid.o
    0x08009f60   0x08009f60   0x00000018   Code   RO         6734    i.fabs              m_wm.l(fabs.o)
    0x08009f78   0x08009f78   0x00000054   Code   RO         1634    i.first_order_filter_cali  filter.o
    0x08009fcc   0x08009fcc   0x00000024   Code   RO         1635    i.first_order_filter_init  filter.o
    0x08009ff0   0x08009ff0   0x000000b8   Code   RO         1317    i.four_yaw_space    chassis_task.o
    0x0800a0a8   0x0800a0a8   0x00000018   Code   RO          226    i.get_Chassis_Motor_Measure_Point  can_recive.o
    0x0800a0c0   0x0800a0c0   0x00000008   Code   RO          227    i.get_Lift_Motor_Point  can_recive.o
    0x0800a0c8   0x0800a0c8   0x00000018   Code   RO          228    i.get_gimbal_motor_measure_point  can_recive.o
    0x0800a0e0   0x0800a0e0   0x00000008   Code   RO         1117    i.get_remote_control_point  remote_task.o
    0x0800a0e8   0x0800a0e8   0x00000054   Code   RO         1702    i.height_get        lift_task.o
    0x0800a13c   0x0800a13c   0x0000000a   Code   RO          677    i.imu_task          freertos.o
    0x0800a146   0x0800a146   0x00000010   Code   RO         6079    i.inHandlerMode     cmsis_os.o
    0x0800a156   0x0800a156   0x00000002   PAD
    0x0800a158   0x0800a158   0x00000044   Code   RO         1262    i.led_flow_task     led_flow_task.o
    0x0800a19c   0x0800a19c   0x00000050   Code   RO         1703    i.lift_motor_init   lift_task.o
    0x0800a1ec   0x0800a1ec   0x000001b0   Code   RO         1704    i.lift_task         lift_task.o
    0x0800a39c   0x0800a39c   0x000001fc   Code   RO         1318    i.limit_speed       chassis_task.o
    0x0800a598   0x0800a598   0x00000060   Code   RO          572    i.main              main.o
    0x0800a5f8   0x0800a5f8   0x0000000e   Code   RO         6081    i.makeFreeRtosPriority  cmsis_os.o
    0x0800a606   0x0800a606   0x00000002   PAD
    0x0800a608   0x0800a608   0x00000040   Code   RO         1980    i.my_UART_IDLE_function  base_usart.o
    0x0800a648   0x0800a648   0x00000118   Code   RO         1319    i.num_0_task        chassis_task.o
    0x0800a760   0x0800a760   0x00000138   Code   RO         1320    i.num_10_task       chassis_task.o
    0x0800a898   0x0800a898   0x00000140   Code   RO         1321    i.num_11_task       chassis_task.o
    0x0800a9d8   0x0800a9d8   0x00000208   Code   RO         1323    i.num_1_task        chassis_task.o
    0x0800abe0   0x0800abe0   0x00000054   Code   RO         1324    i.num_20_task       chassis_task.o
    0x0800ac34   0x0800ac34   0x00000060   Code   RO         1325    i.num_2_task        chassis_task.o
    0x0800ac94   0x0800ac94   0x00000054   Code   RO         1326    i.num_3_task        chassis_task.o
    0x0800ace8   0x0800ace8   0x00000018   Code   RO         6083    i.osDelay           cmsis_os.o
    0x0800ad00   0x0800ad00   0x0000000a   Code   RO         6086    i.osKernelStart     cmsis_os.o
    0x0800ad0a   0x0800ad0a   0x0000005e   Code   RO         6120    i.osThreadCreate    cmsis_os.o
    0x0800ad68   0x0800ad68   0x00000034   Code   RO         6124    i.osThreadResume    cmsis_os.o
    0x0800ad9c   0x0800ad9c   0x0000000e   Code   RO         6127    i.osThreadSuspend   cmsis_os.o
    0x0800adaa   0x0800adaa   0x00000002   PAD
    0x0800adac   0x0800adac   0x0000016c   Code   RO         1329    i.position_judge    chassis_task.o
    0x0800af18   0x0800af18   0x00000098   Code   RO         5752    i.prvAddCurrentTaskToDelayedList  tasks.o
    0x0800afb0   0x0800afb0   0x000000b4   Code   RO         5753    i.prvAddNewTaskToReadyList  tasks.o
    0x0800b064   0x0800b064   0x00000048   Code   RO         5754    i.prvCheckTasksWaitingTermination  tasks.o
    0x0800b0ac   0x0800b0ac   0x00000050   Code   RO         5755    i.prvDeleteTCB      tasks.o
    0x0800b0fc   0x0800b0fc   0x0000007c   Code   RO         6448    i.prvHeapInit       heap_4.o
    0x0800b178   0x0800b178   0x00000028   Code   RO         5756    i.prvIdleTask       tasks.o
    0x0800b1a0   0x0800b1a0   0x000000b4   Code   RO         5757    i.prvInitialiseNewTask  tasks.o
    0x0800b254   0x0800b254   0x00000068   Code   RO         5758    i.prvInitialiseTaskLists  tasks.o
    0x0800b2bc   0x0800b2bc   0x00000068   Code   RO         6449    i.prvInsertBlockIntoFreeList  heap_4.o
    0x0800b324   0x0800b324   0x00000034   Code   RO         5759    i.prvResetNextTaskUnblockTime  tasks.o
    0x0800b358   0x0800b358   0x00000040   Code   RO         6517    i.prvTaskExitError  port.o
    0x0800b398   0x0800b398   0x00000058   Code   RO         5760    i.prvTaskIsTaskSuspended  tasks.o
    0x0800b3f0   0x0800b3f0   0x00000208   Code   RO         1330    i.put_first_task    chassis_task.o
    0x0800b5f8   0x0800b5f8   0x00000144   Code   RO         1331    i.put_second_task   chassis_task.o
    0x0800b73c   0x0800b73c   0x0000014c   Code   RO         6450    i.pvPortMalloc      heap_4.o
    0x0800b888   0x0800b888   0x0000002c   Code   RO         6518    i.pxPortInitialiseStack  port.o
    0x0800b8b4   0x0800b8b4   0x0000012c   Code   RO         1332    i.remote_control_chassis_init  chassis_task.o
    0x0800b9e0   0x0800b9e0   0x00000014   Code   RO         1118    i.remote_control_init  remote_task.o
    0x0800b9f4   0x0800b9f4   0x00000014   Code   RO         1119    i.remote_task       remote_task.o
    0x0800ba08   0x0800ba08   0x000000da   Code   RO         1120    i.sbus_to_rc        remote_task.o
    0x0800bae2   0x0800bae2   0x00000002   PAD
    0x0800bae4   0x0800bae4   0x000000a0   Code   RO         1953    i.servo_task        servo_task.o
    0x0800bb84   0x0800bb84   0x0000000a   Code   RO         1121    i.slove_RC_lost     remote_task.o
    0x0800bb8e   0x0800bb8e   0x0000000a   Code   RO         1122    i.slove_data_error  remote_task.o
    0x0800bb98   0x0800bb98   0x0000013c   Code   RO         1334    i.solid_second_task  chassis_task.o
    0x0800bcd4   0x0800bcd4   0x0000001a   Code   RO         1335    i.speed_3508_enforce  chassis_task.o
    0x0800bcee   0x0800bcee   0x000000a2   Code   RO         1336    i.speed_limit       chassis_task.o
    0x0800bd90   0x0800bd90   0x0000006e   Code   RO         6778    i.sqrt              m_wm.l(sqrt.o)
    0x0800bdfe   0x0800bdfe   0x00000002   PAD
    0x0800be00   0x0800be00   0x00000030   Code   RO         1337    i.stop_3508         chassis_task.o
    0x0800be30   0x0800be30   0x00000018   Code   RO         1219    i.toe_is_error      detect_task.o
    0x0800be48   0x0800be48   0x00000074   Code   RO         1340    i.turn_task         chassis_task.o
    0x0800bebc   0x0800bebc   0x00000020   Code   RO          229    i.uwb_data_init     can_recive.o
    0x0800bedc   0x0800bedc   0x00000028   Code   RO         5378    i.uxListRemove      list.o
    0x0800bf04   0x0800bf04   0x00000018   Code   RO          682    i.vApplicationGetIdleTaskMemory  freertos.o
    0x0800bf1c   0x0800bf1c   0x0000001a   Code   RO         5379    i.vListInitialise   list.o
    0x0800bf36   0x0800bf36   0x00000006   Code   RO         5380    i.vListInitialiseItem  list.o
    0x0800bf3c   0x0800bf3c   0x00000034   Code   RO         5381    i.vListInsert       list.o
    0x0800bf70   0x0800bf70   0x00000018   Code   RO         5382    i.vListInsertEnd    list.o
    0x0800bf88   0x0800bf88   0x00000054   Code   RO         6520    i.vPortEnterCritical  port.o
    0x0800bfdc   0x0800bfdc   0x0000003c   Code   RO         6521    i.vPortExitCritical  port.o
    0x0800c018   0x0800c018   0x000000a4   Code   RO         6451    i.vPortFree         heap_4.o
    0x0800c0bc   0x0800c0bc   0x00000028   Code   RO         6522    i.vPortSetupTimerInterrupt  port.o
    0x0800c0e4   0x0800c0e4   0x00000078   Code   RO         6523    i.vPortValidateInterruptPriority  port.o
    0x0800c15c   0x0800c15c   0x0000005c   Code   RO         5768    i.vTaskDelay        tasks.o
    0x0800c1b8   0x0800c1b8   0x00000090   Code   RO         5779    i.vTaskResume       tasks.o
    0x0800c248   0x0800c248   0x000000b0   Code   RO         5781    i.vTaskStartScheduler  tasks.o
    0x0800c2f8   0x0800c2f8   0x000000f4   Code   RO         5782    i.vTaskSuspend      tasks.o
    0x0800c3ec   0x0800c3ec   0x00000010   Code   RO         5783    i.vTaskSuspendAll   tasks.o
    0x0800c3fc   0x0800c3fc   0x0000008c   Code   RO         5784    i.vTaskSwitchContext  tasks.o
    0x0800c488   0x0800c488   0x00000168   Code   RO         6524    i.xPortStartScheduler  port.o
    0x0800c5f0   0x0800c5f0   0x00000064   Code   RO         5787    i.xTaskCreate       tasks.o
    0x0800c654   0x0800c654   0x000000ba   Code   RO         5788    i.xTaskCreateStatic  tasks.o
    0x0800c70e   0x0800c70e   0x00000002   PAD
    0x0800c710   0x0800c710   0x0000000c   Code   RO         5793    i.xTaskGetTickCount  tasks.o
    0x0800c71c   0x0800c71c   0x00000148   Code   RO         5795    i.xTaskIncrementTick  tasks.o
    0x0800c864   0x0800c864   0x00000104   Code   RO         5801    i.xTaskResumeAll    tasks.o
    0x0800c968   0x0800c968   0x000000b4   Code   RO         5802    i.xTaskResumeFromISR  tasks.o
    0x0800ca1c   0x0800ca1c   0x000001f0   Code   RO         1341    i.yaw_calibrate     chassis_task.o
    0x0800cc0c   0x0800cc0c   0x000002c8   Code   RO         1342    i.yaw_calibrate_first  chassis_task.o
    0x0800ced4   0x0800ced4   0x00000018   Code   RO         6642    x$fpl$basic         fz_wm.l(basic.o)
    0x0800ceec   0x0800ceec   0x00000062   Code   RO         6644    x$fpl$d2f           fz_wm.l(d2f.o)
    0x0800cf4e   0x0800cf4e   0x00000002   PAD
    0x0800cf50   0x0800cf50   0x00000150   Code   RO         6646    x$fpl$dadd          fz_wm.l(daddsub_clz.o)
    0x0800d0a0   0x0800d0a0   0x00000010   Code   RO         7028    x$fpl$dcheck1       fz_wm.l(dcheck1.o)
    0x0800d0b0   0x0800d0b0   0x00000018   Code   RO         6869    x$fpl$dcmpinf       fz_wm.l(dcmpi.o)
    0x0800d0c8   0x0800d0c8   0x000002b0   Code   RO         6653    x$fpl$ddiv          fz_wm.l(ddiv.o)
    0x0800d378   0x0800d378   0x0000005e   Code   RO         6656    x$fpl$dfix          fz_wm.l(dfix.o)
    0x0800d3d6   0x0800d3d6   0x0000002e   Code   RO         6661    x$fpl$dflt          fz_wm.l(dflt_clz.o)
    0x0800d404   0x0800d404   0x000000a2   Code   RO         6666    x$fpl$dfltll        fz_wm.l(dfltll_clz.o)
    0x0800d4a6   0x0800d4a6   0x00000026   Code   RO         6660    x$fpl$dfltu         fz_wm.l(dflt_clz.o)
    0x0800d4cc   0x0800d4cc   0x00000078   Code   RO         6670    x$fpl$dleqf         fz_wm.l(dleqf.o)
    0x0800d544   0x0800d544   0x00000154   Code   RO         6672    x$fpl$dmul          fz_wm.l(dmul.o)
    0x0800d698   0x0800d698   0x0000009c   Code   RO         6871    x$fpl$dnaninf       fz_wm.l(dnaninf.o)
    0x0800d734   0x0800d734   0x0000000c   Code   RO         6873    x$fpl$dretinf       fz_wm.l(dretinf.o)
    0x0800d740   0x0800d740   0x0000006c   Code   RO         6674    x$fpl$drleqf        fz_wm.l(drleqf.o)
    0x0800d7ac   0x0800d7ac   0x00000016   Code   RO         6647    x$fpl$drsb          fz_wm.l(daddsub_clz.o)
    0x0800d7c2   0x0800d7c2   0x00000002   PAD
    0x0800d7c4   0x0800d7c4   0x00000198   Code   RO         6875    x$fpl$dsqrt         fz_wm.l(dsqrt_umaal.o)
    0x0800d95c   0x0800d95c   0x000001d4   Code   RO         6648    x$fpl$dsub          fz_wm.l(daddsub_clz.o)
    0x0800db30   0x0800db30   0x00000056   Code   RO         6676    x$fpl$f2d           fz_wm.l(f2d.o)
    0x0800db86   0x0800db86   0x00000060   Code   RO         6678    x$fpl$ffltll        fz_wm.l(ffltll_clz.o)
    0x0800dbe6   0x0800dbe6   0x0000008c   Code   RO         6877    x$fpl$fnaninf       fz_wm.l(fnaninf.o)
    0x0800dc72   0x0800dc72   0x0000000a   Code   RO         7113    x$fpl$fpinit        fz_wm.l(fpinit.o)
    0x0800dc7c   0x0800dc7c   0x0000000a   Code   RO         6879    x$fpl$fretinf       fz_wm.l(fretinf.o)
    0x0800dc86   0x0800dc86   0x00000064   Code   RO         7098    x$fpl$retnan        fz_wm.l(retnan.o)
    0x0800dcea   0x0800dcea   0x0000005c   Code   RO         6887    x$fpl$scalbn        fz_wm.l(scalbn.o)
    0x0800dd46   0x0800dd46   0x00000030   Code   RO         7115    x$fpl$trapveneer    fz_wm.l(trapv.o)
    0x0800dd76   0x0800dd76   0x00000000   Code   RO         6889    x$fpl$usenofp       fz_wm.l(usenofp.o)
    0x0800dd76   0x0800dd76   0x00000002   PAD
    0x0800dd78   0x0800dd78   0x000000fc   Data   RO          684    .constdata          freertos.o
    0x0800de74   0x0800de74   0x00000018   Data   RO         1079    .constdata          system_stm32f4xx.o
    0x0800de8c   0x0800de8c   0x00000006   Data   RO         1221    .constdata          detect_task.o
    0x0800de92   0x0800de92   0x00000002   PAD
    0x0800de94   0x0800de94   0x00000010   Data   RO         1344    .constdata          chassis_task.o
    0x0800dea4   0x0800dea4   0x00000008   Data   RO         2869    .constdata          stm32f4xx_hal_dma.o
    0x0800deac   0x0800deac   0x00000004   PAD
    0x0800deb0   0x0800deb0   0x00000088   Data   RO         6741    .constdata          m_wm.l(pow.o)
    0x0800df38   0x0800df38   0x00000098   Data   RO         6893    .constdata          m_wm.l(atan.o)
    0x0800dfd0   0x0800dfd0   0x00000030   Data   RO         6905    .constdata          m_wm.l(cos_i.o)
    0x0800e000   0x0800e000   0x00000008   Data   RO         6941    .constdata          m_wm.l(qnan.o)
    0x0800e008   0x0800e008   0x000000c8   Data   RO         6944    .constdata          m_wm.l(rred.o)
    0x0800e0d0   0x0800e0d0   0x00000020   Data   RO         6948    .constdata          m_wm.l(rredf.o)
    0x0800e0f0   0x0800e0f0   0x00000028   Data   RO         6951    .constdata          m_wm.l(sin_i.o)
    0x0800e118   0x0800e118   0x00000075   Data   RO          685    .conststring        freertos.o
    0x0800e18d   0x0800e18d   0x00000003   PAD
    0x0800e190   0x0800e190   0x00000020   Data   RO         7180    Region$$Table       anon$$obj.o


    Execution Region RW_IRAM1 (Exec base: 0x20000000, Load base: 0x0800e1b0, Size: 0x00005e58, Max: 0x00030000, ABSOLUTE, COMPRESSED[0x00000054])

    Exec Addr    Load Addr    Size         Type   Attr      Idx    E Section Name        Object

    0x20000000   COMPRESSED   0x00000051   Data   RW          231    .data               can_recive.o
    0x20000051   COMPRESSED   0x00000003   PAD
    0x20000054   COMPRESSED   0x00000024   Data   RW          686    .data               freertos.o
    0x20000078   COMPRESSED   0x00000004   Data   RW          778    .data               can.o
    0x2000007c   COMPRESSED   0x00000004   Data   RW         1080    .data               system_stm32f4xx.o
    0x20000080   COMPRESSED   0x00000002   Data   RW         1124    .data               remote_task.o
    0x20000082   COMPRESSED   0x00000002   PAD
    0x20000084   COMPRESSED   0x00000005   Data   RW         1222    .data               detect_task.o
    0x20000089   COMPRESSED   0x00000007   PAD
    0x20000090   COMPRESSED   0x000000b8   Data   RW         1345    .data               chassis_task.o
    0x20000148   COMPRESSED   0x0000002c   Data   RW         1706    .data               lift_task.o
    0x20000174   COMPRESSED   0x00000009   Data   RW         3321    .data               stm32f4xx_hal.o
    0x2000017d   COMPRESSED   0x00000003   PAD
    0x20000180   COMPRESSED   0x0000003c   Data   RW         5804    .data               tasks.o
    0x200001bc   COMPRESSED   0x00000020   Data   RW         6457    .data               heap_4.o
    0x200001dc   COMPRESSED   0x0000000c   Data   RW         6525    .data               port.o
    0x200001e8        -       0x000000ba   Zero   RW          230    .bss                can_recive.o
    0x200002a2   COMPRESSED   0x00000002   PAD
    0x200002a4        -       0x00000254   Zero   RW          683    .bss                freertos.o
    0x200004f8        -       0x00000050   Zero   RW          777    .bss                can.o
    0x20000548        -       0x00000058   Zero   RW          849    .bss                spi.o
    0x200005a0        -       0x00000120   Zero   RW          895    .bss                tim.o
    0x200006c0        -       0x00000290   Zero   RW          960    .bss                usart.o
    0x20000950        -       0x00000048   Zero   RW         1041    .bss                stm32f4xx_hal_timebase_tim.o
    0x20000998        -       0x0000005e   Zero   RW         1123    .bss                remote_task.o
    0x200009f6        -       0x00000048   Zero   RW         1220    .bss                detect_task.o
    0x20000a3e   COMPRESSED   0x00000002   PAD
    0x20000a40        -       0x000006d0   Zero   RW         1343    .bss                chassis_task.o
    0x20001110        -       0x00000098   Zero   RW         1705    .bss                lift_task.o
    0x200011a8        -       0x00000190   Zero   RW         1887    .bss                waypoint_task.o
    0x20001338        -       0x000007d0   Zero   RW         1982    .bss                base_usart.o
    0x20001b08        -       0x000000f0   Zero   RW         5803    .bss                tasks.o
    0x20001bf8        -       0x00003c00   Zero   RW         6456    .bss                heap_4.o
    0x200057f8        -       0x00000060   Zero   RW         7033    .bss                c_w.l(libspace.o)
    0x20005858        -       0x00000200   Zero   RW            2    HEAP                startup_stm32f427xx.o
    0x20005a58        -       0x00000400   Zero   RW            1    STACK               startup_stm32f427xx.o


==============================================================================

Image component sizes


      Code (inc. data)   RO Data    RW Data    ZI Data      Debug   Object Name

        64         10          0          0       2000       1445   base_usart.o
       236         22          0          0          0     760351   bsp_rc.o
       524         46          0          4         80       2446   can.o
      1684        194          0         81        186      45721   can_recive.o
     13520        922         16        184       1744      38865   chassis_task.o
       224          6          0          0          0      29970   cmsis_os.o
      1328         52          6          5         72       3164   detect_task.o
       136          6          0          0          0        822   dma.o
         0          0          0          0          0      16884   event_groups.o
       158          4          0          0          0       2218   filter.o
       308         52        369         36        596       8189   freertos.o
       376         22          0          0          0       1175   gpio.o
       724         74          0         32      15360       7403   heap_4.o
        68          6          0          0          0        600   led_flow_task.o
       596         82          0         44        152       2609   lift_task.o
       148          0          0          0          0       3554   list.o
       310         24          0          0          0       6363   main.o
      1976         48          0          0          0       5370   pid.o
      1014         92          0         12          0      12001   port.o
       758         46          0          2         94       9264   remote_task.o
       160         10          0          0          0        589   servo_task.o
       204         20          0          0         88       1661   spi.o
        64         26        428          0       1536        836   startup_stm32f427xx.o
        96         20          0          9          0       8210   stm32f4xx_hal.o
      2134          6          0          0          0      14263   stm32f4xx_hal_can.o
       320         30          0          0          0      34305   stm32f4xx_hal_cortex.o
      1436         16          8          0          0       7002   stm32f4xx_hal_dma.o
       556         54          0          0          0       2791   stm32f4xx_hal_gpio.o
        84          6          0          0          0        854   stm32f4xx_hal_msp.o
      1888         94          0          0          0       6249   stm32f4xx_hal_rcc.o
       200          0          0          0          0       1179   stm32f4xx_hal_spi.o
      2392        142          0          0          0      16360   stm32f4xx_hal_tim.o
       300         30          0          0          0       3309   stm32f4xx_hal_tim_ex.o
       180         20          0          0         72       1463   stm32f4xx_hal_timebase_tim.o
      3034         26          0          0          0      17024   stm32f4xx_hal_uart.o
       234         78          0          0          0       9283   stm32f4xx_it.o
         0          0          0          0          0        392   stream_buffer.o
        20          6         24          4          0       1123   system_stm32f4xx.o
      2826        356          0         60        240      24647   tasks.o
      1216         74          0          0        288       4927   tim.o
      1048         98          0          0        656       4054   usart.o
       680        154          0          0        400       5364   waypoint_task.o

    ----------------------------------------------------------------------
     43272       2978        892        488      23568    1124299   Object Totals
         0          0         32          0          0          0   (incl. Generated)
        48          4          9         15          4          0   (incl. Padding)

    ----------------------------------------------------------------------

      Code (inc. data)   RO Data    RW Data    ZI Data      Debug   Library Member Name

        90          0          0          0          0          0   __dczerorl2.o
         8          0          0          0          0         68   __main.o
         0          0          0          0          0          0   __rtentry.o
        12          0          0          0          0          0   __rtentry2.o
         6          0          0          0          0          0   __rtentry4.o
        52          8          0          0          0          0   __scatter.o
        28          0          0          0          0          0   __scatter_zi.o
        22          0          0          0          0        100   _rserrno.o
        18          0          0          0          0         80   exit.o
         6          0          0          0          0        152   heapauxi.o
         2          0          0          0          0          0   libinit.o
         6          0          0          0          0          0   libinit2.o
         2          0          0          0          0          0   libshutdown.o
         2          0          0          0          0          0   libshutdown2.o
         8          4          0          0         96         68   libspace.o
       238          0          0          0          0        100   lludivv7m.o
         8          4          0          0          0         68   rt_errno_addr_intlibspace.o
        78          0          0          0          0         80   rt_memclr_w.o
       100          0          0          0          0         80   rt_memcpy_w.o
         2          0          0          0          0          0   rtexit.o
        10          0          0          0          0          0   rtexit2.o
        74          0          0          0          0         80   sys_stackheap_outer.o
         2          0          0          0          0         68   use_no_semi.o
         2          0          0          0          0         68   use_no_semi_2.o
        24          0          0          0          0        164   basic.o
        98          4          0          0          0        140   d2f.o
       826         16          0          0          0        492   daddsub_clz.o
        16          4          0          0          0        116   dcheck1.o
        24          0          0          0          0        116   dcmpi.o
       688        140          0          0          0        256   ddiv.o
        94          4          0          0          0        140   dfix.o
        84          0          0          0          0        232   dflt_clz.o
       162          0          0          0          0        132   dfltll_clz.o
       120          4          0          0          0        140   dleqf.o
       340         12          0          0          0        152   dmul.o
       156          4          0          0          0        140   dnaninf.o
        12          0          0          0          0        116   dretinf.o
       108          0          0          0          0        128   drleqf.o
       408         56          0          0          0        168   dsqrt_umaal.o
        86          4          0          0          0        132   f2d.o
        96          0          0          0          0        132   ffltll_clz.o
       140          4          0          0          0        132   fnaninf.o
        10          0          0          0          0        116   fpinit.o
        10          0          0          0          0        116   fretinf.o
       100          0          0          0          0        116   retnan.o
        92          0          0          0          0        116   scalbn.o
        48          0          0          0          0        116   trapv.o
         0          0          0          0          0          0   usenofp.o
       744        106        152          0          0        352   atan.o
       496         64          0          0          0        192   atan2.o
       200         20          0          0          0        164   cos.o
       368         46         48          0          0        200   cos_i.o
       336         56          0          0          0        136   cosf.o
       184         44          0          0          0        744   dunder.o
        44          0          0          0          0        248   fabs.o
        48          0          0          0          0        124   fpclassify.o
        38          0          0          0          0        116   fpclassifyf.o
        38         12          0          0          0        348   funder.o
       248          0          0          0          0        152   poly.o
      3152        296        136          0          0        352   pow.o
         0          0          8          0          0          0   qnan.o
      1080        142        200          0          0        188   rred.o
       340         24         32          0          0        160   rredf.o
       200         20          0          0          0        164   sin.o
       304         24         40          0          0        208   sin_i.o
       400         56          0          0          0        212   sinf.o
       232          0          0          0          0        296   sqrt.o

    ----------------------------------------------------------------------
     12996       1178        616          0         96       8976   Library Totals
        26          0          0          0          0          0   (incl. Padding)

    ----------------------------------------------------------------------

      Code (inc. data)   RO Data    RW Data    ZI Data      Debug   Library Name

       776         16          0          0         96       1012   c_w.l
      3742        252          0          0          0       3608   fz_wm.l
      8452        910        616          0          0       4356   m_wm.l

    ----------------------------------------------------------------------
     12996       1178        616          0         96       8976   Library Totals

    ----------------------------------------------------------------------

==============================================================================


      Code (inc. data)   RO Data    RW Data    ZI Data      Debug   

     56268       4156       1508        488      23664    1100459   Grand Totals
     56268       4156       1508         84      23664    1100459   ELF Image Totals (compressed)
     56268       4156       1508         84          0          0   ROM Totals

==============================================================================

    Total RO  Size (Code + RO Data)                57776 (  56.42kB)
    Total RW  Size (RW Data + ZI Data)             24152 (  23.59kB)
    Total ROM Size (Code + RO Data + RW Data)      57860 (  56.50kB)

==============================================================================

